07-15 12:50:31.663   714   738 I ActivityManager: Force stopping dev.deeplinklab.fixture appid=10173 user=0: from pid 10937
07-15 12:50:31.666   714   738 I ActivityManager: Killing 10901:dev.deeplinklab.fixture/u0a173 (adj 0): stop dev.deeplinklab.fixture due to from pid 10937
07-15 12:50:31.672   714   738 W ActivityTaskManager: Force removing ActivityRecord{46115038 u0 dev.deeplinklab.fixture/.MainActivity t137 f}}: app died, no saved state
07-15 12:50:31.673  3772  3788 V WindowManagerShell: Transition requested (#271): android.os.BinderProxy@d8dc653 TransitionRequestInfo { type = CLOSE, triggerTask = TaskInfo{userId=0 taskId=137 effectiveUid=10173 displayId=0 isRunning=false baseIntent=Intent { act=android.intent.action.VIEW cat=[android.intent.category.BROWSABLE] dat=deeplinklab://wrong/... flg=0x10000000 cmp=dev.deeplinklab.fixture/.MainActivity } baseActivity=null topActivity=null origActivity=null realActivity=ComponentInfo{dev.deeplinklab.fixture/dev.deeplinklab.fixture.MainActivity} numActivities=0 lastActiveTime=2831724 supportsMultiWindow=true resizeMode=1 isResizeable=true minWidth=-1 minHeight=-1 defaultMinSize=220 token=WCT{android.window.IWindowContainerToken$Stub$Proxy@efceb90} topActivityType=1 pictureInPictureParams=null shouldDockBigOverlays=false launchIntoPipHostTaskId=-1 lastParentTaskIdBeforePip=-1 displayCutoutSafeInsets=Rect(0, 0 - 0, 0) topActivityInfo=null launchCookies=[] positionInParent=Point(0, 0) parentTaskId=-1 isFocused=true isVisible=true isVisibleRequested=true isTopActivityNoDisplay=false isSleeping=false locusId=null displayAreaFeatureId=1 isTopActivityTransparent=false isActivityStackTransparent=true lastNonFullscreenBounds=Rect(178, 434 - 543, 1154) capturedLink=null capturedLinkTimestamp=0 requestedVisibleTypes=-9 topActivityRequestOpenInBrowserEducationTimestamp=0 appCompatTaskInfo=AppCompatTaskInfo { topActivityInSizeCompat=false eligibleForLetterboxEducation= false isLetterboxEducationEnabled= false isLetterboxDoubleTapEnabled= false eligibleForUserAspectRatioButton= false topActivityBoundsLetterboxed= false isFromLetterboxDoubleTap= false topActivityLetterboxVerticalPosition= -1 topActivityLetterboxHorizontalPosition= -1 topActivityLetterboxWidth=-1 topActivityLetterboxHeight=-1 topActivityAppBounds=Rect(0, 0 - 0, 0) isUserFullscreenOverrideEnabled=false isSystemFullscreenOverrideEnabled=false hasMinAspectRatioOverride=false topActivityLetterboxBounds=null cameraCompatTaskInfo=CameraCompatTaskInfo { freeformCameraCompatMode=undefined}} topActivityMainWindowFrame=null}, pipChange = null, remoteTransition = null, displayChange = null, flags = 0, debugId = 271 }
07-15 12:50:31.690   714   855 W InputDispatcher: channel '37cc39b dev.deeplinklab.fixture/dev.deeplinklab.fixture.MainActivity' ~ Consumer closed input channel or an error occurred.  events=0x9
07-15 12:50:31.690   714   855 E InputDispatcher: channel '37cc39b dev.deeplinklab.fixture/dev.deeplinklab.fixture.MainActivity' ~ Channel is unrecoverably broken and will be disposed!
07-15 12:50:31.690   714   855 I WindowManager: WINDOW DIED Window{37cc39b u0 dev.deeplinklab.fixture/dev.deeplinklab.fixture.MainActivity}
07-15 12:50:31.697   714  2120 I WindowManager: WIN DEATH: Window{37cc39b u0 dev.deeplinklab.fixture/dev.deeplinklab.fixture.MainActivity EXITING}
07-15 12:50:31.698   714  1813 I ImeTracker: dev.deeplinklab.fixture:eec51c6b: onRequestHide at ORIGIN_SERVER reason HIDE_REMOVE_CLIENT fromUser false
07-15 12:50:31.698   714  1813 I ImeTracker: dev.deeplinklab.fixture:eec51c6b: onCancelled at PHASE_SERVER_SHOULD_HIDE
07-15 12:50:31.700   714  2063 V ActivityManager: Got obituary of 10901:dev.deeplinklab.fixture
07-15 12:50:31.700  2805  2805 D CarrierSvcBindHelper: onHandleForceStop: [dev.deeplinklab.fixture]
07-15 12:50:31.703   714  1103 I AppWidgetServiceImpl: Updating package stopped masked state for uid 10173 package dev.deeplinklab.fixture isStopped true
07-15 12:50:32.440   714  1139 I ActivityTaskManager: Add Task{ac2babf #137 type=standard A=10173:dev.deeplinklab.fixture} to hidden list because adding Task{83bf4c2 #138 type=standard A=10173:dev.deeplinklab.fixture}
07-15 12:50:32.448   714  1139 I ActivityTaskManager: START u0 {act=android.intent.action.VIEW cat=[android.intent.category.BROWSABLE] dat=deeplinklab://query-loss/... flg=0x10000000 xflg=0x4 cmp=dev.deeplinklab.fixture/.MainActivity} with LAUNCH_SINGLE_TASK from uid 2000 (BAL_ALLOW_PERMISSION) result code=0
07-15 12:50:32.465   714   752 W ActivityTaskManager: Unable to send transaction to client proc dev.deeplinklab.fixture: no app thread
07-15 12:50:32.592   714   760 I ActivityManager: Start proc 10947:dev.deeplinklab.fixture/u0a173 for next-top-activity {dev.deeplinklab.fixture/dev.deeplinklab.fixture.MainActivity}
07-15 12:50:32.648   714  1103 I AppWidgetServiceImpl: Updating package stopped masked state for uid 10173 package dev.deeplinklab.fixture isStopped false
07-15 12:50:32.720   714   752 W ActivityTaskManager: Unable to send transaction to client proc dev.deeplinklab.fixture: no app thread
07-15 12:50:32.849 10947 10947 D nativeloader: Configuring clns-9 for other apk /data/app/~~UUfKQ8CY7PWaYc2FnvFNOw==/dev.deeplinklab.fixture-yRDPzy-sywVIj7JrYRHiGQ==/base.apk. target_sdk_version=36, uses_libraries=, library_path=/data/app/~~UUfKQ8CY7PWaYc2FnvFNOw==/dev.deeplinklab.fixture-yRDPzy-sywVIj7JrYRHiGQ==/lib/arm64, permitted_path=/data:/mnt/expand:/data/user/0/dev.deeplinklab.fixture
07-15 12:50:32.874 10947 10947 V GraphicsEnvironment: dev.deeplinklab.fixture is not listed in per-application setting
07-15 12:50:32.874 10947 10947 V GraphicsEnvironment: dev.deeplinklab.fixture is not listed in ANGLE allowlist or settings, returning default
07-15 12:50:32.921   714   748 V WindowManager: Sent Transition (#271) createdAt=07-15 12:50:31.672 via request=TransitionRequestInfo { type = CLOSE, triggerTask = TaskInfo{userId=0 taskId=137 effectiveUid=10173 displayId=0 isRunning=false baseIntent=Intent { act=android.intent.action.VIEW cat=[android.intent.category.BROWSABLE] dat=deeplinklab://wrong/... flg=0x10000000 cmp=dev.deeplinklab.fixture/.MainActivity } baseActivity=null topActivity=null origActivity=null realActivity=ComponentInfo{dev.deeplinklab.fixture/dev.deeplinklab.fixture.MainActivity} numActivities=0 lastActiveTime=2831724 supportsMultiWindow=true resizeMode=1 isResizeable=true minWidth=-1 minHeight=-1 defaultMinSize=220 token=WCT{RemoteToken{1d4ee3e Task{ac2babf #137 type=standard A=10173:dev.deeplinklab.fixture}}} topActivityType=1 pictureInPictureParams=null shouldDockBigOverlays=false launchIntoPipHostTaskId=-1 lastParentTaskIdBeforePip=-1 displayCutoutSafeInsets=Rect(0, 0 - 0, 0) topActivityInfo=null launchCookies=[] positionInParent=Point(0, 0) parentTaskId=-1 isFocused=true isVisible=true isVisibleRequested=true isTopActivityNoDisplay=false isSleeping=false locusId=null displayAreaFeatureId=1 isTopActivityTransparent=false isActivityStackTransparent=true lastNonFullscreenBounds=Rect(178, 434 - 543, 1154) capturedLink=null capturedLinkTimestamp=0 requestedVisibleTypes=-9 topActivityRequestOpenInBrowserEducationTimestamp=0 appCompatTaskInfo=AppCompatTaskInfo { topActivityInSizeCompat=false eligibleForLetterboxEducation= false isLetterboxEducationEnabled= false isLetterboxDoubleTapEnabled= false eligibleForUserAspectRatioButton= false topActivityBoundsLetterboxed= false isFromLetterboxDoubleTap= false topActivityLetterboxVerticalPosition= -1 topActivityLetterboxHorizontalPosition= -1 topActivityLetterboxWidth=-1 topActivityLetterboxHeight=-1 topActivityAppBounds=Rect(0, 0 - 0, 0) isUserFullscreenOverrideEnabled=false isSystemFullscreenOverrideEnabled=false hasMinAspectRatioOverride=false topActivityLetterboxBounds=null cameraCompatTaskInfo=CameraCompatTaskInfo { freeformCameraCompatMode=undefined}} topActivityMainWindowFrame=null}, pipChange = null, remoteTransition = null, displayChange = null, flags = 0, debugId = 271 }
07-15 12:50:32.921   714   748 V WindowManager:         {WCT{RemoteToken{4216fb1 Task{83bf4c2 #138 type=standard A=10173:dev.deeplinklab.fixture}}} m=OPEN f=MOVE_TO_TOP leash=Surface(name=Task=138)/@0xfbdb535 sb=Rect(0, 0 - 720, 1600) eb=Rect(0, 0 - 720, 1600) epz=Point(720, 1600) d=0 taskParent=-1},
07-15 12:50:32.921   714   748 V WindowManager:         {WCT{RemoteToken{1d4ee3e Task{ac2babf #137 type=standard A=10173:dev.deeplinklab.fixture}}} m=CLOSE f=NONE leash=Surface(name=Task=137)/@0x281a1c0 sb=Rect(0, 0 - 720, 1600) eb=Rect(0, 0 - 720, 1600) epz=Point(720, 1600) d=0 taskParent=-1}
07-15 12:50:33.012 10947 10947 I DeepLinkFixture: DEEPLINKLAB_DESTINATION=home
07-15 12:50:33.037 10947 10947 I DeepLinkFixture: DEEPLINKLAB_DESTINATION=search
07-15 12:50:33.372   714  2063 D CoreBackPreview: Window{14755a5 u0 dev.deeplinklab.fixture/dev.deeplinklab.fixture.MainActivity}: Setting back callback OnBackInvokedCallbackInfo{mCallback=android.window.IOnBackInvokedCallback$Stub$Proxy@d792b, mPriority=-1, mIsAnimationCallback=false, mOverrideBehavior=0}
07-15 12:50:33.488   714   752 W ActivityTaskManager: Unable to send transaction to client proc dev.deeplinklab.fixture: no app thread
07-15 12:50:33.560   714  2063 W WindowManager: Exception thrown during dispatchAppVisibility Window{37cc39b u0 dev.deeplinklab.fixture/dev.deeplinklab.fixture.MainActivity EXITING}
07-15 12:50:34.361   714   748 I ActivityTaskManager: Displayed dev.deeplinklab.fixture/.MainActivity for user 0: +2s364ms
07-15 12:50:34.534   714   864 I ImeTracker: dev.deeplinklab.fixture:8867228b: onRequestHide at ORIGIN_SERVER reason HIDE_UNSPECIFIED_WINDOW fromUser false
07-15 12:50:34.646 10947 10947 I ImeTracker: dev.deeplinklab.fixture:8867228b: onCancelled at PHASE_CLIENT_ALREADY_HIDDEN
