07-15 12:46:42.848   714  2085 I ActivityManager: Force stopping dev.deeplinklab.fixture appid=10168 user=0: from pid 9437
07-15 12:46:42.849   714  2085 I ActivityManager: Killing 9394:dev.deeplinklab.fixture/u0a168 (adj 0): stop dev.deeplinklab.fixture due to from pid 9437
07-15 12:46:42.852   714  2085 W ActivityTaskManager: Force removing ActivityRecord{171787749 u0 dev.deeplinklab.fixture/.MainActivity t111 f}}: app died, no saved state
07-15 12:46:42.857  3772  3788 V WindowManagerShell: Transition requested (#220): android.os.BinderProxy@7415287 TransitionRequestInfo { type = CLOSE, triggerTask = TaskInfo{userId=0 taskId=111 effectiveUid=10168 displayId=0 isRunning=false baseIntent=Intent { flg=0x10000000 cmp=dev.deeplinklab.fixture/.MainActivity } baseActivity=null topActivity=null origActivity=null realActivity=ComponentInfo{dev.deeplinklab.fixture/dev.deeplinklab.fixture.MainActivity} numActivities=0 lastActiveTime=2603290 supportsMultiWindow=true resizeMode=1 isResizeable=true minWidth=-1 minHeight=-1 defaultMinSize=220 token=WCT{android.window.IWindowContainerToken$Stub$Proxy@95f75b4} topActivityType=1 pictureInPictureParams=null shouldDockBigOverlays=false launchIntoPipHostTaskId=-1 lastParentTaskIdBeforePip=-1 displayCutoutSafeInsets=Rect(0, 0 - 0, 0) topActivityInfo=null launchCookies=[] positionInParent=Point(0, 0) parentTaskId=-1 isFocused=true isVisible=true isVisibleRequested=true isTopActivityNoDisplay=false isSleeping=false locusId=null displayAreaFeatureId=1 isTopActivityTransparent=false isActivityStackTransparent=true lastNonFullscreenBounds=Rect(178, 434 - 543, 1154) capturedLink=null capturedLinkTimestamp=0 requestedVisibleTypes=-9 topActivityRequestOpenInBrowserEducationTimestamp=0 appCompatTaskInfo=AppCompatTaskInfo { topActivityInSizeCompat=false eligibleForLetterboxEducation= false isLetterboxEducationEnabled= false isLetterboxDoubleTapEnabled= false eligibleForUserAspectRatioButton= false topActivityBoundsLetterboxed= false isFromLetterboxDoubleTap= false topActivityLetterboxVerticalPosition= -1 topActivityLetterboxHorizontalPosition= -1 topActivityLetterboxWidth=-1 topActivityLetterboxHeight=-1 topActivityAppBounds=Rect(0, 0 - 0, 0) isUserFullscreenOverrideEnabled=false isSystemFullscreenOverrideEnabled=false hasMinAspectRatioOverride=false topActivityLetterboxBounds=null cameraCompatTaskInfo=CameraCompatTaskInfo { freeformCameraCompatMode=undefined}} topActivityMainWindowFrame=null}, pipChange = null, remoteTransition = null, displayChange = null, flags = 0, debugId = 220 }
07-15 12:46:42.891   714   855 W InputDispatcher: channel '94b350f dev.deeplinklab.fixture/dev.deeplinklab.fixture.MainActivity' ~ Consumer closed input channel or an error occurred.  events=0x9
07-15 12:46:42.891   714   855 E InputDispatcher: channel '94b350f dev.deeplinklab.fixture/dev.deeplinklab.fixture.MainActivity' ~ Channel is unrecoverably broken and will be disposed!
07-15 12:46:42.901   714  2104 I ImeTracker: dev.deeplinklab.fixture:97503d69: onRequestHide at ORIGIN_SERVER reason HIDE_REMOVE_CLIENT fromUser false
07-15 12:46:42.901   714  2104 I ImeTracker: dev.deeplinklab.fixture:97503d69: onCancelled at PHASE_SERVER_SHOULD_HIDE
07-15 12:46:42.975  2805  2805 D CarrierSvcBindHelper: onHandleForceStop: [dev.deeplinklab.fixture]
07-15 12:46:42.982   714   738 V ActivityManager: Got obituary of 9394:dev.deeplinklab.fixture
07-15 12:46:42.984   714  1103 I AppWidgetServiceImpl: Updating package stopped masked state for uid 10168 package dev.deeplinklab.fixture isStopped true
07-15 12:46:43.001   714   855 I WindowManager: WINDOW DIED Window{94b350f u0 dev.deeplinklab.fixture/dev.deeplinklab.fixture.MainActivity}
07-15 12:46:43.006   714  2002 I WindowManager: WIN DEATH: Window{94b350f u0 dev.deeplinklab.fixture/dev.deeplinklab.fixture.MainActivity EXITING}
07-15 12:46:43.104   714  2066 I ActivityTaskManager: Add Task{b80b8ba #111 type=standard A=10168:dev.deeplinklab.fixture} to hidden list because adding Task{a7181ad #112 type=standard A=10168:dev.deeplinklab.fixture}
07-15 12:46:43.105   714  2066 I ActivityTaskManager: START u0 {flg=0x10000000 xflg=0x5 cmp=dev.deeplinklab.fixture/.MainActivity} with LAUNCH_SINGLE_TASK from uid 2000 (BAL_ALLOW_PERMISSION) result code=0
07-15 12:46:43.143   714   760 I ActivityManager: Start proc 9445:dev.deeplinklab.fixture/u0a168 for next-top-activity {dev.deeplinklab.fixture/dev.deeplinklab.fixture.MainActivity}
07-15 12:46:43.240   714   752 W ActivityTaskManager: Unable to send transaction to client proc dev.deeplinklab.fixture: no app thread
07-15 12:46:43.447   714  1103 I AppWidgetServiceImpl: Updating package stopped masked state for uid 10168 package dev.deeplinklab.fixture isStopped false
07-15 12:46:43.601  9445  9445 D nativeloader: Configuring clns-9 for other apk /data/app/~~4F3rBzW84rtlsl232yFACw==/dev.deeplinklab.fixture-8_kKn9rkHmfntQppPYU_Qg==/base.apk. target_sdk_version=36, uses_libraries=, library_path=/data/app/~~4F3rBzW84rtlsl232yFACw==/dev.deeplinklab.fixture-8_kKn9rkHmfntQppPYU_Qg==/lib/arm64, permitted_path=/data:/mnt/expand:/data/user/0/dev.deeplinklab.fixture
07-15 12:46:43.671  9445  9445 V GraphicsEnvironment: dev.deeplinklab.fixture is not listed in per-application setting
07-15 12:46:43.671  9445  9445 V GraphicsEnvironment: dev.deeplinklab.fixture is not listed in ANGLE allowlist or settings, returning default
07-15 12:46:43.809   714   748 V WindowManager: Sent Transition (#220) createdAt=07-15 12:46:42.852 via request=TransitionRequestInfo { type = CLOSE, triggerTask = TaskInfo{userId=0 taskId=111 effectiveUid=10168 displayId=0 isRunning=false baseIntent=Intent { flg=0x10000000 cmp=dev.deeplinklab.fixture/.MainActivity } baseActivity=null topActivity=null origActivity=null realActivity=ComponentInfo{dev.deeplinklab.fixture/dev.deeplinklab.fixture.MainActivity} numActivities=0 lastActiveTime=2603290 supportsMultiWindow=true resizeMode=1 isResizeable=true minWidth=-1 minHeight=-1 defaultMinSize=220 token=WCT{RemoteToken{de31c1a Task{b80b8ba #111 type=standard A=10168:dev.deeplinklab.fixture}}} topActivityType=1 pictureInPictureParams=null shouldDockBigOverlays=false launchIntoPipHostTaskId=-1 lastParentTaskIdBeforePip=-1 displayCutoutSafeInsets=Rect(0, 0 - 0, 0) topActivityInfo=null launchCookies=[] positionInParent=Point(0, 0) parentTaskId=-1 isFocused=true isVisible=true isVisibleRequested=true isTopActivityNoDisplay=false isSleeping=false locusId=null displayAreaFeatureId=1 isTopActivityTransparent=false isActivityStackTransparent=true lastNonFullscreenBounds=Rect(178, 434 - 543, 1154) capturedLink=null capturedLinkTimestamp=0 requestedVisibleTypes=-9 topActivityRequestOpenInBrowserEducationTimestamp=0 appCompatTaskInfo=AppCompatTaskInfo { topActivityInSizeCompat=false eligibleForLetterboxEducation= false isLetterboxEducationEnabled= false isLetterboxDoubleTapEnabled= false eligibleForUserAspectRatioButton= false topActivityBoundsLetterboxed= false isFromLetterboxDoubleTap= false topActivityLetterboxVerticalPosition= -1 topActivityLetterboxHorizontalPosition= -1 topActivityLetterboxWidth=-1 topActivityLetterboxHeight=-1 topActivityAppBounds=Rect(0, 0 - 0, 0) isUserFullscreenOverrideEnabled=false isSystemFullscreenOverrideEnabled=false hasMinAspectRatioOverride=false topActivityLetterboxBounds=null cameraCompatTaskInfo=CameraCompatTaskInfo { freeformCameraCompatMode=undefined}} topActivityMainWindowFrame=null}, pipChange = null, remoteTransition = null, displayChange = null, flags = 0, debugId = 220 }
07-15 12:46:43.809   714   748 V WindowManager:         {WCT{RemoteToken{147d1ea Task{a7181ad #112 type=standard A=10168:dev.deeplinklab.fixture}}} m=OPEN f=MOVE_TO_TOP leash=Surface(name=Task=112)/@0xdd235de sb=Rect(0, 0 - 720, 1600) eb=Rect(0, 0 - 720, 1600) epz=Point(720, 1600) d=0 taskParent=-1},
07-15 12:46:43.809   714   748 V WindowManager:         {WCT{RemoteToken{de31c1a Task{b80b8ba #111 type=standard A=10168:dev.deeplinklab.fixture}}} m=CLOSE f=NONE leash=Surface(name=Task=111)/@0x4078d3c sb=Rect(0, 0 - 720, 1600) eb=Rect(0, 0 - 720, 1600) epz=Point(720, 1600) d=0 taskParent=-1}
07-15 12:46:43.875   714   752 W ActivityTaskManager: Unable to send transaction to client proc dev.deeplinklab.fixture: no app thread
07-15 12:46:44.197  9445  9445 I DeepLinkFixture: DEEPLINKLAB_DESTINATION=home
07-15 12:46:44.475   714  1779 W WindowManager: Exception thrown during dispatchAppVisibility Window{94b350f u0 dev.deeplinklab.fixture/dev.deeplinklab.fixture.MainActivity EXITING}
07-15 12:46:44.851   714   738 D CoreBackPreview: Window{e05b043 u0 dev.deeplinklab.fixture/dev.deeplinklab.fixture.MainActivity}: Setting back callback OnBackInvokedCallbackInfo{mCallback=android.window.IOnBackInvokedCallback$Stub$Proxy@9faff9, mPriority=-1, mIsAnimationCallback=false, mOverrideBehavior=0}
07-15 12:46:46.376   714   748 I ActivityTaskManager: Displayed dev.deeplinklab.fixture/.MainActivity for user 0: +3s316ms
07-15 12:46:47.146   714   864 I ImeTracker: dev.deeplinklab.fixture:2a1b49d9: onRequestHide at ORIGIN_SERVER reason HIDE_UNSPECIFIED_WINDOW fromUser false
07-15 12:46:47.239  9445  9445 I ImeTracker: dev.deeplinklab.fixture:2a1b49d9: onCancelled at PHASE_CLIENT_ALREADY_HIDDEN
07-15 12:46:48.204   714  1779 I ActivityTaskManager: START u0 {act=android.intent.action.VIEW cat=[android.intent.category.BROWSABLE] dat=deeplinklab://background-ignore/... flg=0x10000000 xflg=0x4 cmp=dev.deeplinklab.fixture/.MainActivity} with LAUNCH_SINGLE_TASK from uid 2000 (BAL_ALLOW_PERMISSION) result code=2
07-15 12:46:48.212  3772  3788 D WindowManagerShell: onActivityRestartAttempt: topActivity=ComponentInfo{dev.deeplinklab.fixture/dev.deeplinklab.fixture.MainActivity}, wasVisible=true
07-15 12:46:48.913   714   864 I ImeTracker: dev.deeplinklab.fixture:be114d72: onRequestHide at ORIGIN_SERVER reason HIDE_SAME_WINDOW_FOCUSED_WITHOUT_EDITOR fromUser false
07-15 12:46:48.974  9445  9445 I ImeTracker: dev.deeplinklab.fixture:be114d72: onCancelled at PHASE_CLIENT_ALREADY_HIDDEN
