07-15 12:45:52.684   714  2085 I ActivityManager: Force stopping dev.deeplinklab.fixture appid=10167 user=0: from pid 8907
07-15 12:45:52.686   714  2085 I ActivityManager: Killing 8870:dev.deeplinklab.fixture/u0a167 (adj 0): stop dev.deeplinklab.fixture due to from pid 8907
07-15 12:45:52.691   714  2085 W ActivityTaskManager: Force removing ActivityRecord{19327853 u0 dev.deeplinklab.fixture/.MainActivity t101 f}}: app died, no saved state
07-15 12:45:52.705  3772  3788 V WindowManagerShell: Transition requested (#201): android.os.BinderProxy@762e3db TransitionRequestInfo { type = CLOSE, triggerTask = TaskInfo{userId=0 taskId=101 effectiveUid=10167 displayId=0 isRunning=false baseIntent=Intent { act=android.intent.action.VIEW cat=[android.intent.category.BROWSABLE] dat=deeplinklab://wrong/... flg=0x10000000 cmp=dev.deeplinklab.fixture/.MainActivity } baseActivity=null topActivity=null origActivity=null realActivity=ComponentInfo{dev.deeplinklab.fixture/dev.deeplinklab.fixture.MainActivity} numActivities=0 lastActiveTime=2554603 supportsMultiWindow=true resizeMode=1 isResizeable=true minWidth=-1 minHeight=-1 defaultMinSize=220 token=WCT{android.window.IWindowContainerToken$Stub$Proxy@ce9ee78} topActivityType=1 pictureInPictureParams=null shouldDockBigOverlays=false launchIntoPipHostTaskId=-1 lastParentTaskIdBeforePip=-1 displayCutoutSafeInsets=Rect(0, 0 - 0, 0) topActivityInfo=null launchCookies=[] positionInParent=Point(0, 0) parentTaskId=-1 isFocused=true isVisible=true isVisibleRequested=true isTopActivityNoDisplay=false isSleeping=false locusId=null displayAreaFeatureId=1 isTopActivityTransparent=false isActivityStackTransparent=true lastNonFullscreenBounds=Rect(178, 434 - 543, 1154) capturedLink=null capturedLinkTimestamp=0 requestedVisibleTypes=-9 topActivityRequestOpenInBrowserEducationTimestamp=0 appCompatTaskInfo=AppCompatTaskInfo { topActivityInSizeCompat=false eligibleForLetterboxEducation= false isLetterboxEducationEnabled= false isLetterboxDoubleTapEnabled= false eligibleForUserAspectRatioButton= false topActivityBoundsLetterboxed= false isFromLetterboxDoubleTap= false topActivityLetterboxVerticalPosition= -1 topActivityLetterboxHorizontalPosition= -1 topActivityLetterboxWidth=-1 topActivityLetterboxHeight=-1 topActivityAppBounds=Rect(0, 0 - 0, 0) isUserFullscreenOverrideEnabled=false isSystemFullscreenOverrideEnabled=false hasMinAspectRatioOverride=false topActivityLetterboxBounds=null cameraCompatTaskInfo=CameraCompatTaskInfo { freeformCameraCompatMode=undefined}} topActivityMainWindowFrame=null}, pipChange = null, remoteTransition = null, displayChange = null, flags = 0, debugId = 201 }
07-15 12:45:52.722   714   855 W InputDispatcher: channel '3a6f4e5 dev.deeplinklab.fixture/dev.deeplinklab.fixture.MainActivity' ~ Consumer closed input channel or an error occurred.  events=0x9
07-15 12:45:52.722   714   855 E InputDispatcher: channel '3a6f4e5 dev.deeplinklab.fixture/dev.deeplinklab.fixture.MainActivity' ~ Channel is unrecoverably broken and will be disposed!
07-15 12:45:52.723   714  2063 V ActivityManager: Got obituary of 8870:dev.deeplinklab.fixture
07-15 12:45:52.723   714   738 I WindowManager: WIN DEATH: Window{3a6f4e5 u0 dev.deeplinklab.fixture/dev.deeplinklab.fixture.MainActivity}
07-15 12:45:52.723   714  1779 I ImeTracker: dev.deeplinklab.fixture:2f55423d: onRequestHide at ORIGIN_SERVER reason HIDE_REMOVE_CLIENT fromUser false
07-15 12:45:52.723   714  1779 I ImeTracker: dev.deeplinklab.fixture:2f55423d: onCancelled at PHASE_SERVER_SHOULD_HIDE
07-15 12:45:52.726   714  1103 I AppWidgetServiceImpl: Updating package stopped masked state for uid 10167 package dev.deeplinklab.fixture isStopped true
07-15 12:45:52.850  2805  2805 D CarrierSvcBindHelper: onHandleForceStop: [dev.deeplinklab.fixture]
07-15 12:45:52.978   714  1226 I ActivityTaskManager: Add Task{b6c3833 #101 type=standard A=10167:dev.deeplinklab.fixture} to hidden list because adding Task{ceef8b1 #102 type=standard A=10167:dev.deeplinklab.fixture}
07-15 12:45:52.982   714  1226 I ActivityTaskManager: START u0 {act=android.intent.action.VIEW cat=[android.intent.category.BROWSABLE] dat=deeplinklab://query-loss/... flg=0x10000000 xflg=0x4 cmp=dev.deeplinklab.fixture/.MainActivity} with LAUNCH_SINGLE_TASK from uid 2000 (BAL_ALLOW_PERMISSION) result code=0
07-15 12:45:53.036   714   752 W ActivityTaskManager: Unable to send transaction to client proc dev.deeplinklab.fixture: no app thread
07-15 12:45:53.111   714  1103 I AppWidgetServiceImpl: Updating package stopped masked state for uid 10167 package dev.deeplinklab.fixture isStopped false
07-15 12:45:53.129   714   760 I ActivityManager: Start proc 8917:dev.deeplinklab.fixture/u0a167 for next-top-activity {dev.deeplinklab.fixture/dev.deeplinklab.fixture.MainActivity}
07-15 12:45:53.979  8917  8917 D nativeloader: Configuring clns-9 for other apk /data/app/~~kbUi7nu2Pyzcu5ReJTkk_Q==/dev.deeplinklab.fixture-prBMS12QzZYtDuJx7USmYg==/base.apk. target_sdk_version=36, uses_libraries=, library_path=/data/app/~~kbUi7nu2Pyzcu5ReJTkk_Q==/dev.deeplinklab.fixture-prBMS12QzZYtDuJx7USmYg==/lib/arm64, permitted_path=/data:/mnt/expand:/data/user/0/dev.deeplinklab.fixture
07-15 12:45:54.013  8917  8917 V GraphicsEnvironment: dev.deeplinklab.fixture is not listed in per-application setting
07-15 12:45:54.013  8917  8917 V GraphicsEnvironment: dev.deeplinklab.fixture is not listed in ANGLE allowlist or settings, returning default
07-15 12:45:54.477   714   748 V WindowManager: Sent Transition (#201) createdAt=07-15 12:45:52.691 via request=TransitionRequestInfo { type = CLOSE, triggerTask = TaskInfo{userId=0 taskId=101 effectiveUid=10167 displayId=0 isRunning=false baseIntent=Intent { act=android.intent.action.VIEW cat=[android.intent.category.BROWSABLE] dat=deeplinklab://wrong/... flg=0x10000000 cmp=dev.deeplinklab.fixture/.MainActivity } baseActivity=null topActivity=null origActivity=null realActivity=ComponentInfo{dev.deeplinklab.fixture/dev.deeplinklab.fixture.MainActivity} numActivities=0 lastActiveTime=2554603 supportsMultiWindow=true resizeMode=1 isResizeable=true minWidth=-1 minHeight=-1 defaultMinSize=220 token=WCT{RemoteToken{9352768 Task{b6c3833 #101 type=standard A=10167:dev.deeplinklab.fixture}}} topActivityType=1 pictureInPictureParams=null shouldDockBigOverlays=false launchIntoPipHostTaskId=-1 lastParentTaskIdBeforePip=-1 displayCutoutSafeInsets=Rect(0, 0 - 0, 0) topActivityInfo=null launchCookies=[] positionInParent=Point(0, 0) parentTaskId=-1 isFocused=true isVisible=true isVisibleRequested=true isTopActivityNoDisplay=false isSleeping=false locusId=null displayAreaFeatureId=1 isTopActivityTransparent=false isActivityStackTransparent=true lastNonFullscreenBounds=Rect(178, 434 - 543, 1154) capturedLink=null capturedLinkTimestamp=0 requestedVisibleTypes=-9 topActivityRequestOpenInBrowserEducationTimestamp=0 appCompatTaskInfo=AppCompatTaskInfo { topActivityInSizeCompat=false eligibleForLetterboxEducation= false isLetterboxEducationEnabled= false isLetterboxDoubleTapEnabled= false eligibleForUserAspectRatioButton= false topActivityBoundsLetterboxed= false isFromLetterboxDoubleTap= false topActivityLetterboxVerticalPosition= -1 topActivityLetterboxHorizontalPosition= -1 topActivityLetterboxWidth=-1 topActivityLetterboxHeight=-1 topActivityAppBounds=Rect(0, 0 - 0, 0) isUserFullscreenOverrideEnabled=false isSystemFullscreenOverrideEnabled=false hasMinAspectRatioOverride=false topActivityLetterboxBounds=null cameraCompatTaskInfo=CameraCompatTaskInfo { freeformCameraCompatMode=undefined}} topActivityMainWindowFrame=null}, pipChange = null, remoteTransition = null, displayChange = null, flags = 0, debugId = 201 }
07-15 12:45:54.477   714   748 V WindowManager:         {WCT{RemoteToken{10c96ff Task{ceef8b1 #102 type=standard A=10167:dev.deeplinklab.fixture}}} m=OPEN f=MOVE_TO_TOP leash=Surface(name=Task=102)/@0x55163a3 sb=Rect(0, 0 - 720, 1600) eb=Rect(0, 0 - 720, 1600) epz=Point(720, 1600) d=0 taskParent=-1},
07-15 12:45:54.477   714   748 V WindowManager:         {WCT{RemoteToken{9352768 Task{b6c3833 #101 type=standard A=10167:dev.deeplinklab.fixture}}} m=CLOSE f=NONE leash=Surface(name=Task=101)/@0xa0f885a sb=Rect(0, 0 - 720, 1600) eb=Rect(0, 0 - 720, 1600) epz=Point(720, 1600) d=0 taskParent=-1}
07-15 12:45:54.585  8917  8917 I DeepLinkFixture: DEEPLINKLAB_DESTINATION=home
07-15 12:45:54.585  8917  8917 I DeepLinkFixture: DEEPLINKLAB_DESTINATION=search
07-15 12:45:54.591   714   752 W ActivityTaskManager: Unable to send transaction to client proc dev.deeplinklab.fixture: no app thread
07-15 12:45:55.023   714   737 D CoreBackPreview: Window{6327b93 u0 dev.deeplinklab.fixture/dev.deeplinklab.fixture.MainActivity}: Setting back callback OnBackInvokedCallbackInfo{mCallback=android.window.IOnBackInvokedCallback$Stub$Proxy@c529301, mPriority=-1, mIsAnimationCallback=false, mOverrideBehavior=0}
07-15 12:45:55.060   714   752 W ActivityTaskManager: Unable to send transaction to client proc dev.deeplinklab.fixture: no app thread
07-15 12:45:55.089   714  1829 W WindowManager: Exception thrown during dispatchAppVisibility Window{3a6f4e5 u0 dev.deeplinklab.fixture/dev.deeplinklab.fixture.MainActivity EXITING}
07-15 12:45:56.226   714   748 I ActivityTaskManager: Displayed dev.deeplinklab.fixture/.MainActivity for user 0: +3s309ms
07-15 12:45:57.015   714   864 I ImeTracker: dev.deeplinklab.fixture:24c2ba03: onRequestHide at ORIGIN_SERVER reason HIDE_UNSPECIFIED_WINDOW fromUser false
07-15 12:45:57.084  8917  8917 I ImeTracker: dev.deeplinklab.fixture:24c2ba03: onCancelled at PHASE_CLIENT_ALREADY_HIDDEN
