07-15 20:43:23.521   665  1900 I ActivityManager: Force stopping dev.deeplinklab.fixture appid=10151 user=0: from pid 4976
07-15 20:43:23.523   665  1900 I ActivityManager: Killing 4938:dev.deeplinklab.fixture/u0a151 (adj 0): stop dev.deeplinklab.fixture due to from pid 4976
07-15 20:43:23.524   665  1900 W ActivityTaskManager: Force removing ActivityRecord{65054383 u0 dev.deeplinklab.fixture/.MainActivity t25 f}}: app died, no saved state
07-15 20:43:23.527  4162  4177 V WindowManagerShell: Transition requested (#38): android.os.BinderProxy@ad379cd TransitionRequestInfo { type = CLOSE, triggerTask = TaskInfo{userId=0 taskId=25 effectiveUid=10151 displayId=0 isRunning=false baseIntent=Intent { act=android.intent.action.VIEW cat=[android.intent.category.BROWSABLE] dat=deeplinklab://fragment-loss/... flg=0x10000000 cmp=dev.deeplinklab.fixture/.MainActivity } baseActivity=null topActivity=null origActivity=null realActivity=ComponentInfo{dev.deeplinklab.fixture/dev.deeplinklab.fixture.MainActivity} numActivities=0 lastActiveTime=440834 supportsMultiWindow=true resizeMode=1 isResizeable=true minWidth=-1 minHeight=-1 defaultMinSize=220 token=WCT{android.window.IWindowContainerToken$Stub$Proxy@cb58282} topActivityType=1 pictureInPictureParams=null shouldDockBigOverlays=false launchIntoPipHostTaskId=-1 lastParentTaskIdBeforePip=-1 displayCutoutSafeInsets=Rect(0, 0 - 0, 0) topActivityInfo=null launchCookies=[] positionInParent=Point(0, 0) parentTaskId=-1 isFocused=true isVisible=true isVisibleRequested=true isTopActivityNoDisplay=false isSleeping=false locusId=null displayAreaFeatureId=1 isTopActivityTransparent=false isActivityStackTransparent=true lastNonFullscreenBounds=Rect(178, 434 - 543, 1154) capturedLink=null capturedLinkTimestamp=0 requestedVisibleTypes=-9 topActivityRequestOpenInBrowserEducationTimestamp=0 appCompatTaskInfo=AppCompatTaskInfo { topActivityInSizeCompat=false eligibleForLetterboxEducation= false isLetterboxEducationEnabled= false isLetterboxDoubleTapEnabled= false eligibleForUserAspectRatioButton= false topActivityBoundsLetterboxed= false isFromLetterboxDoubleTap= false topActivityLetterboxVerticalPosition= -1 topActivityLetterboxHorizontalPosition= -1 topActivityLetterboxWidth=-1 topActivityLetterboxHeight=-1 topActivityAppBounds=Rect(0, 0 - 0, 0) isUserFullscreenOverrideEnabled=false isSystemFullscreenOverrideEnabled=false hasMinAspectRatioOverride=false topActivityLetterboxBounds=null cameraCompatTaskInfo=CameraCompatTaskInfo { freeformCameraCompatMode=undefined}} topActivityMainWindowFrame=null}, pipChange = null, remoteTransition = null, displayChange = null, flags = 0, debugId = 38 }
07-15 20:43:23.545  1199  1199 D CarrierSvcBindHelper: onHandleForceStop: [dev.deeplinklab.fixture]
07-15 20:43:23.547   665   990 I AppWidgetServiceImpl: Updating package stopped masked state for uid 10151 package dev.deeplinklab.fixture isStopped true
07-15 20:43:23.550   665   774 W InputDispatcher: channel '2f4c84d dev.deeplinklab.fixture/dev.deeplinklab.fixture.MainActivity' ~ Consumer closed input channel or an error occurred.  events=0x9
07-15 20:43:23.550   665   774 E InputDispatcher: channel '2f4c84d dev.deeplinklab.fixture/dev.deeplinklab.fixture.MainActivity' ~ Channel is unrecoverably broken and will be disposed!
07-15 20:43:23.550   665   740 V ActivityManager: Got obituary of 4938:dev.deeplinklab.fixture
07-15 20:43:23.551   665  1917 I ImeTracker: dev.deeplinklab.fixture:f39b2c51: onRequestHide at ORIGIN_SERVER reason HIDE_REMOVE_CLIENT fromUser false
07-15 20:43:23.551   665  1917 I ImeTracker: dev.deeplinklab.fixture:f39b2c51: onCancelled at PHASE_SERVER_SHOULD_HIDE
07-15 20:43:23.553   665   774 I WindowManager: WINDOW DIED Window{2f4c84d u0 dev.deeplinklab.fixture/dev.deeplinklab.fixture.MainActivity}
07-15 20:43:23.555   665  1036 I WindowManager: WIN DEATH: Window{2f4c84d u0 dev.deeplinklab.fixture/dev.deeplinklab.fixture.MainActivity EXITING}
07-15 20:43:23.592   665   690 W ActivityTaskManager: Unable to send transaction to client proc dev.deeplinklab.fixture: no app thread
07-15 20:43:23.670   665  1726 I ActivityTaskManager: Add Task{3ca7abc #25 type=standard A=10151:dev.deeplinklab.fixture} to hidden list because adding Task{38e173f #26 type=standard A=10151:dev.deeplinklab.fixture}
07-15 20:43:23.675   665  1726 I ActivityTaskManager: START u0 {act=android.intent.action.VIEW cat=[android.intent.category.BROWSABLE] dat=deeplinklab://route-collision/... flg=0x10000000 xflg=0x4 cmp=dev.deeplinklab.fixture/.MainActivity} with LAUNCH_SINGLE_TASK from uid 2000 (BAL_ALLOW_PERMISSION) result code=0
07-15 20:43:23.715   665   990 I AppWidgetServiceImpl: Updating package stopped masked state for uid 10151 package dev.deeplinklab.fixture isStopped false
07-15 20:43:23.753   665   698 I ActivityManager: Start proc 4985:dev.deeplinklab.fixture/u0a151 for next-top-activity {dev.deeplinklab.fixture/dev.deeplinklab.fixture.MainActivity}
07-15 20:43:23.765   665   690 W ActivityTaskManager: Unable to send transaction to client proc dev.deeplinklab.fixture: no app thread
07-15 20:43:23.932  4985  4985 D nativeloader: Configuring clns-9 for other apk /data/app/~~Ody69NZF52LqwP6THf9nJg==/dev.deeplinklab.fixture-QyET_8bb2T8lI1YjQBK1EQ==/base.apk. target_sdk_version=36, uses_libraries=, library_path=/data/app/~~Ody69NZF52LqwP6THf9nJg==/dev.deeplinklab.fixture-QyET_8bb2T8lI1YjQBK1EQ==/lib/arm64, permitted_path=/data:/mnt/expand:/data/user/0/dev.deeplinklab.fixture
07-15 20:43:23.944  4985  4985 V GraphicsEnvironment: dev.deeplinklab.fixture is not listed in per-application setting
07-15 20:43:23.944  4985  4985 V GraphicsEnvironment: dev.deeplinklab.fixture is not listed in ANGLE allowlist or settings, returning default
07-15 20:43:24.012   665   686 V WindowManager: Sent Transition (#38) createdAt=07-15 20:43:23.524 via request=TransitionRequestInfo { type = CLOSE, triggerTask = TaskInfo{userId=0 taskId=25 effectiveUid=10151 displayId=0 isRunning=false baseIntent=Intent { act=android.intent.action.VIEW cat=[android.intent.category.BROWSABLE] dat=deeplinklab://fragment-loss/... flg=0x10000000 cmp=dev.deeplinklab.fixture/.MainActivity } baseActivity=null topActivity=null origActivity=null realActivity=ComponentInfo{dev.deeplinklab.fixture/dev.deeplinklab.fixture.MainActivity} numActivities=0 lastActiveTime=440834 supportsMultiWindow=true resizeMode=1 isResizeable=true minWidth=-1 minHeight=-1 defaultMinSize=220 token=WCT{RemoteToken{dd7288f Task{3ca7abc #25 type=standard A=10151:dev.deeplinklab.fixture}}} topActivityType=1 pictureInPictureParams=null shouldDockBigOverlays=false launchIntoPipHostTaskId=-1 lastParentTaskIdBeforePip=-1 displayCutoutSafeInsets=Rect(0, 0 - 0, 0) topActivityInfo=null launchCookies=[] positionInParent=Point(0, 0) parentTaskId=-1 isFocused=true isVisible=true isVisibleRequested=true isTopActivityNoDisplay=false isSleeping=false locusId=null displayAreaFeatureId=1 isTopActivityTransparent=false isActivityStackTransparent=true lastNonFullscreenBounds=Rect(178, 434 - 543, 1154) capturedLink=null capturedLinkTimestamp=0 requestedVisibleTypes=-9 topActivityRequestOpenInBrowserEducationTimestamp=0 appCompatTaskInfo=AppCompatTaskInfo { topActivityInSizeCompat=false eligibleForLetterboxEducation= false isLetterboxEducationEnabled= false isLetterboxDoubleTapEnabled= false eligibleForUserAspectRatioButton= false topActivityBoundsLetterboxed= false isFromLetterboxDoubleTap= false topActivityLetterboxVerticalPosition= -1 topActivityLetterboxHorizontalPosition= -1 topActivityLetterboxWidth=-1 topActivityLetterboxHeight=-1 topActivityAppBounds=Rect(0, 0 - 0, 0) isUserFullscreenOverrideEnabled=false isSystemFullscreenOverrideEnabled=false hasMinAspectRatioOverride=false topActivityLetterboxBounds=null cameraCompatTaskInfo=CameraCompatTaskInfo { freeformCameraCompatMode=undefined}} topActivityMainWindowFrame=null}, pipChange = null, remoteTransition = null, displayChange = null, flags = 0, debugId = 38 }
07-15 20:43:24.012   665   686 V WindowManager:         {WCT{RemoteToken{d6666d4 Task{38e173f #26 type=standard A=10151:dev.deeplinklab.fixture}}} m=OPEN f=MOVE_TO_TOP leash=Surface(name=Task=26)/@0x4067028 sb=Rect(0, 0 - 720, 1600) eb=Rect(0, 0 - 720, 1600) epz=Point(720, 1600) d=0 taskParent=-1},
07-15 20:43:24.012   665   686 V WindowManager:         {WCT{RemoteToken{dd7288f Task{3ca7abc #25 type=standard A=10151:dev.deeplinklab.fixture}}} m=CLOSE f=NONE leash=Surface(name=Task=25)/@0x75ecb84 sb=Rect(0, 0 - 720, 1600) eb=Rect(0, 0 - 720, 1600) epz=Point(720, 1600) d=0 taskParent=-1}
07-15 20:43:24.179  4985  4985 I DeepLinkFixture: DEEPLINKLAB_DESTINATION=home
07-15 20:43:24.180  4985  4985 I DeepLinkFixture: DEEPLINKLAB_DESTINATION=user/admin
07-15 20:43:24.381   665  1539 D CoreBackPreview: Window{4ccdcb1 u0 dev.deeplinklab.fixture/dev.deeplinklab.fixture.MainActivity}: Setting back callback OnBackInvokedCallbackInfo{mCallback=android.window.IOnBackInvokedCallback$Stub$Proxy@2a71517, mPriority=-1, mIsAnimationCallback=false, mOverrideBehavior=0}
07-15 20:43:24.487   665   690 W ActivityTaskManager: Unable to send transaction to client proc dev.deeplinklab.fixture: no app thread
07-15 20:43:24.549   665  1539 W WindowManager: Exception thrown during dispatchAppVisibility Window{2f4c84d u0 dev.deeplinklab.fixture/dev.deeplinklab.fixture.MainActivity EXITING}
07-15 20:43:25.289   665   686 I ActivityTaskManager: Displayed dev.deeplinklab.fixture/.MainActivity for user 0: +1s631ms
07-15 20:43:25.396   665   783 I ImeTracker: dev.deeplinklab.fixture:12c818f5: onRequestHide at ORIGIN_SERVER reason HIDE_UNSPECIFIED_WINDOW fromUser false
07-15 20:43:25.399  4985  4985 I ImeTracker: dev.deeplinklab.fixture:12c818f5: onCancelled at PHASE_CLIENT_ALREADY_HIDDEN
