07-15 12:42:17.671   714  2064 I ActivityManager: Force stopping dev.deeplinklab.fixture appid=10160 user=0: from pid 6654
07-15 12:42:17.673   714  2064 I ActivityManager: Killing 6618:dev.deeplinklab.fixture/u0a160 (adj 0): stop dev.deeplinklab.fixture due to from pid 6654
07-15 12:42:17.675   714  2064 W ActivityTaskManager: Force removing ActivityRecord{138532010 u0 dev.deeplinklab.fixture/.MainActivity t61 f}}: app died, no saved state
07-15 12:42:17.678  3772  3788 V WindowManagerShell: Transition requested (#121): android.os.BinderProxy@3bc9204 TransitionRequestInfo { type = CLOSE, triggerTask = TaskInfo{userId=0 taskId=61 effectiveUid=10160 displayId=0 isRunning=false baseIntent=Intent { act=android.intent.action.VIEW cat=[android.intent.category.BROWSABLE] dat=deeplinklab://fragment-loss/... flg=0x10000000 cmp=dev.deeplinklab.fixture/.MainActivity } baseActivity=null topActivity=null origActivity=null realActivity=ComponentInfo{dev.deeplinklab.fixture/dev.deeplinklab.fixture.MainActivity} numActivities=0 lastActiveTime=2339603 supportsMultiWindow=true resizeMode=1 isResizeable=true minWidth=-1 minHeight=-1 defaultMinSize=220 token=WCT{android.window.IWindowContainerToken$Stub$Proxy@edf93ed} topActivityType=1 pictureInPictureParams=null shouldDockBigOverlays=false launchIntoPipHostTaskId=-1 lastParentTaskIdBeforePip=-1 displayCutoutSafeInsets=Rect(0, 0 - 0, 0) topActivityInfo=null launchCookies=[] positionInParent=Point(0, 0) parentTaskId=-1 isFocused=true isVisible=true isVisibleRequested=true isTopActivityNoDisplay=false isSleeping=false locusId=null displayAreaFeatureId=1 isTopActivityTransparent=false isActivityStackTransparent=true lastNonFullscreenBounds=Rect(178, 434 - 543, 1154) capturedLink=null capturedLinkTimestamp=0 requestedVisibleTypes=-9 topActivityRequestOpenInBrowserEducationTimestamp=0 appCompatTaskInfo=AppCompatTaskInfo { topActivityInSizeCompat=false eligibleForLetterboxEducation= false isLetterboxEducationEnabled= false isLetterboxDoubleTapEnabled= false eligibleForUserAspectRatioButton= false topActivityBoundsLetterboxed= false isFromLetterboxDoubleTap= false topActivityLetterboxVerticalPosition= -1 topActivityLetterboxHorizontalPosition= -1 topActivityLetterboxWidth=-1 topActivityLetterboxHeight=-1 topActivityAppBounds=Rect(0, 0 - 0, 0) isUserFullscreenOverrideEnabled=false isSystemFullscreenOverrideEnabled=false hasMinAspectRatioOverride=false topActivityLetterboxBounds=null cameraCompatTaskInfo=CameraCompatTaskInfo { freeformCameraCompatMode=undefined}} topActivityMainWindowFrame=null}, pipChange = null, remoteTransition = null, displayChange = null, flags = 0, debugId = 121 }
07-15 12:42:17.691   714   855 W InputDispatcher: channel '5b48647 dev.deeplinklab.fixture/dev.deeplinklab.fixture.MainActivity' ~ Consumer closed input channel or an error occurred.  events=0x9
07-15 12:42:17.691   714   855 E InputDispatcher: channel '5b48647 dev.deeplinklab.fixture/dev.deeplinklab.fixture.MainActivity' ~ Channel is unrecoverably broken and will be disposed!
07-15 12:42:17.691   714   855 I WindowManager: WINDOW DIED Window{5b48647 u0 dev.deeplinklab.fixture/dev.deeplinklab.fixture.MainActivity}
07-15 12:42:17.692   714  2002 V ActivityManager: Got obituary of 6618:dev.deeplinklab.fixture
07-15 12:42:17.696   714  1103 I AppWidgetServiceImpl: Updating package stopped masked state for uid 10160 package dev.deeplinklab.fixture isStopped true
07-15 12:42:17.700   714  1139 I ImeTracker: dev.deeplinklab.fixture:fbfc067: onRequestHide at ORIGIN_SERVER reason HIDE_REMOVE_CLIENT fromUser false
07-15 12:42:17.700   714  1139 I ImeTracker: dev.deeplinklab.fixture:fbfc067: onCancelled at PHASE_SERVER_SHOULD_HIDE
07-15 12:42:17.704  2805  2805 D CarrierSvcBindHelper: onHandleForceStop: [dev.deeplinklab.fixture]
07-15 12:42:17.726   714  1260 I WindowManager: WIN DEATH: Window{5b48647 u0 dev.deeplinklab.fixture/dev.deeplinklab.fixture.MainActivity EXITING}
07-15 12:42:17.957   714  1260 I ActivityTaskManager: Add Task{84f889b #61 type=standard A=10160:dev.deeplinklab.fixture} to hidden list because adding Task{cfb789c #62 type=standard A=10160:dev.deeplinklab.fixture}
07-15 12:42:17.958   714  1260 I ActivityTaskManager: START u0 {act=android.intent.action.VIEW cat=[android.intent.category.BROWSABLE] dat=deeplinklab://route-collision/... flg=0x10000000 xflg=0x4 cmp=dev.deeplinklab.fixture/.MainActivity} with LAUNCH_SINGLE_TASK from uid 2000 (BAL_ALLOW_PERMISSION) result code=0
07-15 12:42:17.971   714   752 W ActivityTaskManager: Unable to send transaction to client proc dev.deeplinklab.fixture: no app thread
07-15 12:42:18.086   714   760 I ActivityManager: Start proc 6663:dev.deeplinklab.fixture/u0a160 for next-top-activity {dev.deeplinklab.fixture/dev.deeplinklab.fixture.MainActivity}
07-15 12:42:18.093   714  1103 I AppWidgetServiceImpl: Updating package stopped masked state for uid 10160 package dev.deeplinklab.fixture isStopped false
07-15 12:42:18.370  6663  6663 D nativeloader: Configuring clns-9 for other apk /data/app/~~Lg_g6E3RH7R05lEVwmF9Dg==/dev.deeplinklab.fixture-nNTq8F438c0a1qWiiB9P-A==/base.apk. target_sdk_version=36, uses_libraries=, library_path=/data/app/~~Lg_g6E3RH7R05lEVwmF9Dg==/dev.deeplinklab.fixture-nNTq8F438c0a1qWiiB9P-A==/lib/arm64, permitted_path=/data:/mnt/expand:/data/user/0/dev.deeplinklab.fixture
07-15 12:42:18.467  6663  6663 V GraphicsEnvironment: dev.deeplinklab.fixture is not listed in per-application setting
07-15 12:42:18.467  6663  6663 V GraphicsEnvironment: dev.deeplinklab.fixture is not listed in ANGLE allowlist or settings, returning default
07-15 12:42:18.537   714   748 V WindowManager: Sent Transition (#121) createdAt=07-15 12:42:17.675 via request=TransitionRequestInfo { type = CLOSE, triggerTask = TaskInfo{userId=0 taskId=61 effectiveUid=10160 displayId=0 isRunning=false baseIntent=Intent { act=android.intent.action.VIEW cat=[android.intent.category.BROWSABLE] dat=deeplinklab://fragment-loss/... flg=0x10000000 cmp=dev.deeplinklab.fixture/.MainActivity } baseActivity=null topActivity=null origActivity=null realActivity=ComponentInfo{dev.deeplinklab.fixture/dev.deeplinklab.fixture.MainActivity} numActivities=0 lastActiveTime=2339603 supportsMultiWindow=true resizeMode=1 isResizeable=true minWidth=-1 minHeight=-1 defaultMinSize=220 token=WCT{RemoteToken{9ab09b9 Task{84f889b #61 type=standard A=10160:dev.deeplinklab.fixture}}} topActivityType=1 pictureInPictureParams=null shouldDockBigOverlays=false launchIntoPipHostTaskId=-1 lastParentTaskIdBeforePip=-1 displayCutoutSafeInsets=Rect(0, 0 - 0, 0) topActivityInfo=null launchCookies=[] positionInParent=Point(0, 0) parentTaskId=-1 isFocused=true isVisible=true isVisibleRequested=true isTopActivityNoDisplay=false isSleeping=false locusId=null displayAreaFeatureId=1 isTopActivityTransparent=false isActivityStackTransparent=true lastNonFullscreenBounds=Rect(178, 434 - 543, 1154) capturedLink=null capturedLinkTimestamp=0 requestedVisibleTypes=-9 topActivityRequestOpenInBrowserEducationTimestamp=0 appCompatTaskInfo=AppCompatTaskInfo { topActivityInSizeCompat=false eligibleForLetterboxEducation= false isLetterboxEducationEnabled= false isLetterboxDoubleTapEnabled= false eligibleForUserAspectRatioButton= false topActivityBoundsLetterboxed= false isFromLetterboxDoubleTap= false topActivityLetterboxVerticalPosition= -1 topActivityLetterboxHorizontalPosition= -1 topActivityLetterboxWidth=-1 topActivityLetterboxHeight=-1 topActivityAppBounds=Rect(0, 0 - 0, 0) isUserFullscreenOverrideEnabled=false isSystemFullscreenOverrideEnabled=false hasMinAspectRatioOverride=false topActivityLetterboxBounds=null cameraCompatTaskInfo=CameraCompatTaskInfo { freeformCameraCompatMode=undefined}} topActivityMainWindowFrame=null}, pipChange = null, remoteTransition = null, displayChange = null, flags = 0, debugId = 121 }
07-15 12:42:18.537   714   748 V WindowManager:         {WCT{RemoteToken{aa51f93 Task{cfb789c #62 type=standard A=10160:dev.deeplinklab.fixture}}} m=OPEN f=MOVE_TO_TOP leash=Surface(name=Task=62)/@0x3af76f6 sb=Rect(0, 0 - 720, 1600) eb=Rect(0, 0 - 720, 1600) epz=Point(720, 1600) d=0 taskParent=-1},
07-15 12:42:18.537   714   748 V WindowManager:         {WCT{RemoteToken{9ab09b9 Task{84f889b #61 type=standard A=10160:dev.deeplinklab.fixture}}} m=CLOSE f=NONE leash=Surface(name=Task=61)/@0xe18403 sb=Rect(0, 0 - 720, 1600) eb=Rect(0, 0 - 720, 1600) epz=Point(720, 1600) d=0 taskParent=-1}
07-15 12:42:18.562   714   752 W ActivityTaskManager: Unable to send transaction to client proc dev.deeplinklab.fixture: no app thread
07-15 12:42:18.664  6663  6663 I DeepLinkFixture: DEEPLINKLAB_DESTINATION=home
07-15 12:42:18.666  6663  6663 I DeepLinkFixture: DEEPLINKLAB_DESTINATION=user/admin
07-15 12:42:18.924   714  2098 D CoreBackPreview: Window{8189a6 u0 dev.deeplinklab.fixture/dev.deeplinklab.fixture.MainActivity}: Setting back callback OnBackInvokedCallbackInfo{mCallback=android.window.IOnBackInvokedCallback$Stub$Proxy@cd76794, mPriority=-1, mIsAnimationCallback=false, mOverrideBehavior=0}
07-15 12:42:18.993   714   752 W ActivityTaskManager: Unable to send transaction to client proc dev.deeplinklab.fixture: no app thread
07-15 12:42:19.110   714  2104 W WindowManager: Exception thrown during dispatchAppVisibility Window{5b48647 u0 dev.deeplinklab.fixture/dev.deeplinklab.fixture.MainActivity EXITING}
07-15 12:42:19.448   714   748 I ActivityTaskManager: Displayed dev.deeplinklab.fixture/.MainActivity for user 0: +1s555ms
07-15 12:42:19.540   714   864 I ImeTracker: dev.deeplinklab.fixture:dbe241c2: onRequestHide at ORIGIN_SERVER reason HIDE_UNSPECIFIED_WINDOW fromUser false
07-15 12:42:19.556  6663  6663 I ImeTracker: dev.deeplinklab.fixture:dbe241c2: onCancelled at PHASE_CLIENT_ALREADY_HIDDEN
