07-15 12:45:48.314  1168  1168 I SafetyLabelChangedBroadcastReceiver: received broadcast packageName: dev.deeplinklab.fixture, current user: UserHandle{0}, packageChangeEvent: NEW_INSTALL, intent user: UserHandle{0}
07-15 12:45:48.324  2805  2988 D ImsResolver: maybeAddedImsService, packageName: dev.deeplinklab.fixture
07-15 12:45:48.324  2805  2988 V ImsResolver: searchForImsServices: package=dev.deeplinklab.fixture, users=[UserHandle{0}]
07-15 12:45:48.324  2805  2988 V ImsResolver: searchForImsServices: package=dev.deeplinklab.fixture, users=[UserHandle{0}]
07-15 12:45:48.325  2805  2805 W VvmPkgInstalledRcvr: carrierVvmPkgAdded: carrier vvm packages doesn't contain dev.deeplinklab.fixture
07-15 12:45:48.379   714  1120 D ShortcutService: adding package: dev.deeplinklab.fixture userId=0
07-15 12:45:48.667   714   758 D LauncherAppsService: onPackageAdded: triggering onPackageAdded for user=UserHandle{0}, packageName=dev.deeplinklab.fixture
07-15 12:45:48.668  1777  1847 D LauncherAppsCallbackImpl: onPackageAdded triggered for packageName=dev.deeplinklab.fixture, user=UserHandle{0}
07-15 12:45:48.668  1777  1847 D PackageUpdatedTask: Package updated: mOp=ADD packages=[dev.deeplinklab.fixture], user=UserHandle{0}
07-15 12:45:48.669   714   758 D LauncherAppsService: onPackageAdded: triggering onPackageAdded for user=UserHandle{0}, packageName=dev.deeplinklab.fixture
07-15 12:45:48.716  1777  1847 W LauncherActivityCachingLogic: loadIcon: Default app icon returned from PackageManager. component=ComponentInfo{dev.deeplinklab.fixture/dev.deeplinklab.fixture.MainActivity}, user=UserHandle{0}
07-15 12:45:48.805  1777  1847 W LauncherActivityCachingLogic: loadIcon: Default app icon returned from PackageManager. component=ComponentInfo{dev.deeplinklab.fixture/dev.deeplinklab.fixture.MainActivity}, user=UserHandle{0}
07-15 12:45:48.862   714  2085 I ActivityManager: Force stopping dev.deeplinklab.fixture appid=10167 user=0: from pid 8860
07-15 12:45:48.872  2805  2805 D CarrierSvcBindHelper: onPackageModified: dev.deeplinklab.fixture
07-15 12:45:48.874  2805  2990 I SatelliteAppTracker: onPackageModified : dev.deeplinklab.fixture
07-15 12:45:48.882  2805  2988 D ImsResolver: maybeAddedImsService, packageName: dev.deeplinklab.fixture
07-15 12:45:48.882  2805  2988 V ImsResolver: searchForImsServices: package=dev.deeplinklab.fixture, users=[UserHandle{0}]
07-15 12:45:48.882  2805  2988 V ImsResolver: searchForImsServices: package=dev.deeplinklab.fixture, users=[UserHandle{0}]
07-15 12:45:48.885  2805  2805 D SatelliteController: packageStateChanged: package:dev.deeplinklab.fixture DefaultSmsPackageName:com.android.messaging
07-15 12:45:48.913  1777  1847 D BaseIconCache: Default icon returned for dev.deeplinklab.fixture
07-15 12:45:48.919   714  1120 D ShortcutService: changing package: dev.deeplinklab.fixture userId=0
07-15 12:45:48.920   714  1103 I AppWidgetServiceImpl: Updating package stopped masked state for uid 10167 package dev.deeplinklab.fixture isStopped true
07-15 12:45:48.963  1777  1847 D PackageUpdatedTask: Package updated: mOp=UPDATE packages=[dev.deeplinklab.fixture], user=UserHandle{0}
07-15 12:45:48.972  2805  2805 D CarrierSvcBindHelper: onHandleForceStop: [dev.deeplinklab.fixture]
07-15 12:45:48.980  1777  1847 W LauncherActivityCachingLogic: loadIcon: Default app icon returned from PackageManager. component=ComponentInfo{dev.deeplinklab.fixture/dev.deeplinklab.fixture.MainActivity}, user=UserHandle{0}
07-15 12:45:48.984  1777  1847 W LauncherActivityCachingLogic: loadIcon: Default app icon returned from PackageManager. component=ComponentInfo{dev.deeplinklab.fixture/dev.deeplinklab.fixture.MainActivity}, user=UserHandle{0}
07-15 12:45:48.997   714  2063 I ActivityTaskManager: START u0 {act=android.intent.action.VIEW cat=[android.intent.category.BROWSABLE] dat=deeplinklab://wrong/... flg=0x10000000 xflg=0x4 cmp=dev.deeplinklab.fixture/.MainActivity} with LAUNCH_SINGLE_TASK from uid 2000 (BAL_ALLOW_PERMISSION) result code=0
07-15 12:45:49.009  3772  3788 V WindowManagerShell: Transition requested (#200): android.os.BinderProxy@29e17d0 TransitionRequestInfo { type = OPEN, triggerTask = TaskInfo{userId=0 taskId=101 effectiveUid=10167 displayId=0 isRunning=true baseIntent=Intent { act=android.intent.action.VIEW cat=[android.intent.category.BROWSABLE] dat=deeplinklab://wrong/... flg=0x10000000 cmp=dev.deeplinklab.fixture/.MainActivity } baseActivity=ComponentInfo{dev.deeplinklab.fixture/dev.deeplinklab.fixture.MainActivity} topActivity=ComponentInfo{dev.deeplinklab.fixture/dev.deeplinklab.fixture.MainActivity} origActivity=null realActivity=ComponentInfo{dev.deeplinklab.fixture/dev.deeplinklab.fixture.MainActivity} numActivities=1 lastActiveTime=2553825 supportsMultiWindow=true resizeMode=1 isResizeable=true minWidth=-1 minHeight=-1 defaultMinSize=220 token=WCT{android.window.IWindowContainerToken$Stub$Proxy@371b3c9} topActivityType=1 pictureInPictureParams=null shouldDockBigOverlays=false launchIntoPipHostTaskId=-1 lastParentTaskIdBeforePip=-1 displayCutoutSafeInsets=Rect(0, 85 - 0, 0) topActivityInfo=ActivityInfo{2a6face dev.deeplinklab.fixture.MainActivity} launchCookies=[] positionInParent=Point(0, 0) parentTaskId=-1 isFocused=false isVisible=false isVisibleRequested=false isTopActivityNoDisplay=false isSleeping=false locusId=null displayAreaFeatureId=1 isTopActivityTransparent=false isActivityStackTransparent=false lastNonFullscreenBounds=Rect(178, 434 - 543, 1154) capturedLink=null capturedLinkTimestamp=0 requestedVisibleTypes=-9 topActivityRequestOpenInBrowserEducationTimestamp=0 appCompatTaskInfo=AppCompatTaskInfo { topActivityInSizeCompat=false eligibleForLetterboxEducation= false isLetterboxEducationEnabled= false isLetterboxDoubleTapEnabled= false eligibleForUserAspectRatioButton= false topActivityBoundsLetterboxed= false isFromLetterboxDoubleTap= false topActivityLetterboxVerticalPosition= -1 topActivityLetterboxHorizontalPosition= -1 topActivityLetterboxWidth=-1 topActivityLetterboxHeight=-1 topActivityAppBounds=Rect(0, 0 - 720, 1600) isUserFullscreenOverrideEnabled=false isSystemFullscreenOverrideEnabled=false hasMinAspectRatioOverride=false topActivityLetterboxBounds=null cameraCompatTaskInfo=CameraCompatTaskInfo { freeformCameraCompatMode=inactive}} topActivityMainWindowFrame=null}, pipChange = null, remoteTransition = null, displayChange = null, flags = 0, debugId = 200 }
07-15 12:45:49.057   714  1103 I AppWidgetServiceImpl: Updating package stopped masked state for uid 10167 package dev.deeplinklab.fixture isStopped false
07-15 12:45:49.245   714   760 I ActivityManager: Start proc 8870:dev.deeplinklab.fixture/u0a167 for next-top-activity {dev.deeplinklab.fixture/dev.deeplinklab.fixture.MainActivity}
07-15 12:45:49.526  8870  8870 D nativeloader: Configuring clns-9 for other apk /data/app/~~kbUi7nu2Pyzcu5ReJTkk_Q==/dev.deeplinklab.fixture-prBMS12QzZYtDuJx7USmYg==/base.apk. target_sdk_version=36, uses_libraries=, library_path=/data/app/~~kbUi7nu2Pyzcu5ReJTkk_Q==/dev.deeplinklab.fixture-prBMS12QzZYtDuJx7USmYg==/lib/arm64, permitted_path=/data:/mnt/expand:/data/user/0/dev.deeplinklab.fixture
07-15 12:45:49.541  8870  8870 V GraphicsEnvironment: dev.deeplinklab.fixture is not listed in per-application setting
07-15 12:45:49.541  8870  8870 V GraphicsEnvironment: dev.deeplinklab.fixture is not listed in ANGLE allowlist or settings, returning default
07-15 12:45:49.685   714   748 V WindowManager: Sent Transition (#200) createdAt=07-15 12:45:48.985 via request=TransitionRequestInfo { type = OPEN, triggerTask = TaskInfo{userId=0 taskId=101 effectiveUid=10167 displayId=0 isRunning=true baseIntent=Intent { act=android.intent.action.VIEW cat=[android.intent.category.BROWSABLE] dat=deeplinklab://wrong/... flg=0x10000000 cmp=dev.deeplinklab.fixture/.MainActivity } baseActivity=ComponentInfo{dev.deeplinklab.fixture/dev.deeplinklab.fixture.MainActivity} topActivity=ComponentInfo{dev.deeplinklab.fixture/dev.deeplinklab.fixture.MainActivity} origActivity=null realActivity=ComponentInfo{dev.deeplinklab.fixture/dev.deeplinklab.fixture.MainActivity} numActivities=1 lastActiveTime=2553825 supportsMultiWindow=true resizeMode=1 isResizeable=true minWidth=-1 minHeight=-1 defaultMinSize=220 token=WCT{RemoteToken{9352768 Task{b6c3833 #101 type=standard A=10167:dev.deeplinklab.fixture}}} topActivityType=1 pictureInPictureParams=null shouldDockBigOverlays=false launchIntoPipHostTaskId=-1 lastParentTaskIdBeforePip=-1 displayCutoutSafeInsets=Rect(0, 85 - 0, 0) topActivityInfo=ActivityInfo{13a781 dev.deeplinklab.fixture.MainActivity} launchCookies=[] positionInParent=Point(0, 0) parentTaskId=-1 isFocused=false isVisible=false isVisibleRequested=false isTopActivityNoDisplay=false isSleeping=false locusId=null displayAreaFeatureId=1 isTopActivityTransparent=false isActivityStackTransparent=false lastNonFullscreenBounds=Rect(178, 434 - 543, 1154) capturedLink=null capturedLinkTimestamp=0 requestedVisibleTypes=-9 topActivityRequestOpenInBrowserEducationTimestamp=0 appCompatTaskInfo=AppCompatTaskInfo { topActivityInSizeCompat=false eligibleForLetterboxEducation= false isLetterboxEducationEnabled= false isLetterboxDoubleTapEnabled= false eligibleForUserAspectRatioButton= false topActivityBoundsLetterboxed= false isFromLetterboxDoubleTap= false topActivityLetterboxVerticalPosition= -1 topActivityLetterboxHorizontalPosition= -1 topActivityLetterboxWidth=-1 topActivityLetterboxHeight=-1 topActivityAppBounds=Rect(0, 0 - 720, 1600) isUserFullscreenOverrideEnabled=false isSystemFullscreenOverrideEnabled=false hasMinAspectRatioOverride=false topActivityLetterboxBounds=null cameraCompatTaskInfo=CameraCompatTaskInfo { freeformCameraCompatMode=inactive}} topActivityMainWindowFrame=null}, pipChange = null, remoteTransition = null, displayChange = null, flags = 0, debugId = 200 }
07-15 12:45:49.685   714   748 V WindowManager:         {WCT{RemoteToken{9352768 Task{b6c3833 #101 type=standard A=10167:dev.deeplinklab.fixture}}} m=OPEN f=NONE leash=Surface(name=Task=101)/@0xa0f885a sb=Rect(0, 0 - 720, 1600) eb=Rect(0, 0 - 720, 1600) epz=Point(720, 1600) d=0 taskParent=-1},
07-15 12:45:50.046  8870  8870 I DeepLinkFixture: DEEPLINKLAB_DESTINATION=home
07-15 12:45:50.049  8870  8870 I DeepLinkFixture: DEEPLINKLAB_DESTINATION=home
07-15 12:45:50.662   714  2085 D CoreBackPreview: Window{3a6f4e5 u0 dev.deeplinklab.fixture/dev.deeplinklab.fixture.MainActivity}: Setting back callback OnBackInvokedCallbackInfo{mCallback=android.window.IOnBackInvokedCallback$Stub$Proxy@892247, mPriority=-1, mIsAnimationCallback=false, mOverrideBehavior=0}
07-15 12:45:50.854   714   748 I ActivityTaskManager: Displayed dev.deeplinklab.fixture/.MainActivity for user 0: +1s873ms
07-15 12:45:50.951   714   864 I ImeTracker: dev.deeplinklab.fixture:bfe142af: onRequestHide at ORIGIN_SERVER reason HIDE_UNSPECIFIED_WINDOW fromUser false
07-15 12:45:50.957  8870  8870 I ImeTracker: dev.deeplinklab.fixture:bfe142af: onCancelled at PHASE_CLIENT_ALREADY_HIDDEN
