$ $HOME/Library/Android/sdk/platform-tools/adb -s emulator-5580 shell run-as dev.deeplinklab.fixture rm -f files/destination.txt
[exit 0]
$ $HOME/Library/Android/sdk/platform-tools/adb -s emulator-5580 logcat -c
[exit 0]
$ $HOME/Library/Android/sdk/platform-tools/adb -s emulator-5580 shell am force-stop dev.deeplinklab.fixture
[exit 0]
$ $HOME/Library/Android/sdk/platform-tools/adb -s emulator-5580 shell am start -W -n dev.deeplinklab.fixture/.MainActivity
Starting: Intent { cmp=dev.deeplinklab.fixture/.MainActivity }
Status: ok
LaunchState: COLD
Activity: dev.deeplinklab.fixture/.MainActivity
TotalTime: 2971
WaitTime: 3199
Complete
[exit 0]
$ $HOME/Library/Android/sdk/platform-tools/adb -s emulator-5580 shell am start -W -a android.intent.action.VIEW -c android.intent.category.BROWSABLE -d 'deeplinklab://good/search?q=blue'
Starting: Intent { act=android.intent.action.VIEW cat=[android.intent.category.BROWSABLE] dat=deeplinklab://good/... }
Warning: Activity not started, intent has been delivered to currently running top-most instance.
Status: ok
LaunchState: UNKNOWN (0)
Activity: dev.deeplinklab.fixture/.MainActivity
TotalTime: 0
WaitTime: 273
Complete
[exit 0]
$ $HOME/Library/Android/sdk/platform-tools/adb -s emulator-5580 exec-out screencap -p
[exit 0]
$ $HOME/Library/Android/sdk/platform-tools/adb -s emulator-5580 logcat -d -v threadtime
[exit 0]
$ $HOME/Library/Android/sdk/platform-tools/adb -s emulator-5580 shell run-as dev.deeplinklab.fixture cat files/destination.txt
search?q=blue
[exit 0]
