07-15 20:43:31.415   665  1210 I ActivityManager: Force stopping dev.deeplinklab.fixture appid=10151 user=0: from pid 5087
07-15 20:43:31.423   665  1210 I ActivityManager: Killing 5043:dev.deeplinklab.fixture/u0a151 (adj 0): stop dev.deeplinklab.fixture due to from pid 5087
07-15 20:43:31.431   665  1210 W ActivityTaskManager: Force removing ActivityRecord{129800008 u0 dev.deeplinklab.fixture/.MainActivity t27 f}}: app died, no saved state
07-15 20:43:31.440  4162  4177 V WindowManagerShell: Transition requested (#42): android.os.BinderProxy@b71c6d1 TransitionRequestInfo { type = CLOSE, triggerTask = TaskInfo{userId=0 taskId=27 effectiveUid=10151 displayId=0 isRunning=false baseIntent=Intent { flg=0x10000000 cmp=dev.deeplinklab.fixture/.MainActivity } baseActivity=null topActivity=null origActivity=null realActivity=ComponentInfo{dev.deeplinklab.fixture/dev.deeplinklab.fixture.MainActivity} numActivities=0 lastActiveTime=448458 supportsMultiWindow=true resizeMode=1 isResizeable=true minWidth=-1 minHeight=-1 defaultMinSize=220 token=WCT{android.window.IWindowContainerToken$Stub$Proxy@ab8536} topActivityType=1 pictureInPictureParams=null shouldDockBigOverlays=false launchIntoPipHostTaskId=-1 lastParentTaskIdBeforePip=-1 displayCutoutSafeInsets=Rect(0, 0 - 0, 0) topActivityInfo=null launchCookies=[] positionInParent=Point(0, 0) parentTaskId=-1 isFocused=true isVisible=true isVisibleRequested=true isTopActivityNoDisplay=false isSleeping=false locusId=null displayAreaFeatureId=1 isTopActivityTransparent=false isActivityStackTransparent=true lastNonFullscreenBounds=Rect(178, 434 - 543, 1154) capturedLink=null capturedLinkTimestamp=0 requestedVisibleTypes=-9 topActivityRequestOpenInBrowserEducationTimestamp=0 appCompatTaskInfo=AppCompatTaskInfo { topActivityInSizeCompat=false eligibleForLetterboxEducation= false isLetterboxEducationEnabled= false isLetterboxDoubleTapEnabled= false eligibleForUserAspectRatioButton= false topActivityBoundsLetterboxed= false isFromLetterboxDoubleTap= false topActivityLetterboxVerticalPosition= -1 topActivityLetterboxHorizontalPosition= -1 topActivityLetterboxWidth=-1 topActivityLetterboxHeight=-1 topActivityAppBounds=Rect(0, 0 - 0, 0) isUserFullscreenOverrideEnabled=false isSystemFullscreenOverrideEnabled=false hasMinAspectRatioOverride=false topActivityLetterboxBounds=null cameraCompatTaskInfo=CameraCompatTaskInfo { freeformCameraCompatMode=undefined}} topActivityMainWindowFrame=null}, pipChange = null, remoteTransition = null, displayChange = null, flags = 0, debugId = 42 }
07-15 20:43:31.509   665   774 W InputDispatcher: channel 'e4d33fa dev.deeplinklab.fixture/dev.deeplinklab.fixture.MainActivity' ~ Consumer closed input channel or an error occurred.  events=0x9
07-15 20:43:31.509   665   774 E InputDispatcher: channel 'e4d33fa dev.deeplinklab.fixture/dev.deeplinklab.fixture.MainActivity' ~ Channel is unrecoverably broken and will be disposed!
07-15 20:43:31.510   665  1917 V ActivityManager: Got obituary of 5043:dev.deeplinklab.fixture
07-15 20:43:31.534   665   774 I WindowManager: WINDOW DIED Window{e4d33fa u0 dev.deeplinklab.fixture/dev.deeplinklab.fixture.MainActivity}
07-15 20:43:31.538  1199  1199 D CarrierSvcBindHelper: onHandleForceStop: [dev.deeplinklab.fixture]
07-15 20:43:31.539   665  1917 I WindowManager: WIN DEATH: Window{e4d33fa u0 dev.deeplinklab.fixture/dev.deeplinklab.fixture.MainActivity EXITING}
07-15 20:43:31.542   665  4319 I ImeTracker: dev.deeplinklab.fixture:cc0c3547: onRequestHide at ORIGIN_SERVER reason HIDE_REMOVE_CLIENT fromUser false
07-15 20:43:31.542   665  4319 I ImeTracker: dev.deeplinklab.fixture:cc0c3547: onCancelled at PHASE_SERVER_SHOULD_HIDE
07-15 20:43:31.562   665   990 I AppWidgetServiceImpl: Updating package stopped masked state for uid 10151 package dev.deeplinklab.fixture isStopped true
07-15 20:43:31.629   665   690 W ActivityTaskManager: Unable to send transaction to client proc dev.deeplinklab.fixture: no app thread
07-15 20:43:31.923   665   686 V WindowManager: Sent Transition (#42) createdAt=07-15 20:43:31.431 via request=TransitionRequestInfo { type = CLOSE, triggerTask = TaskInfo{userId=0 taskId=27 effectiveUid=10151 displayId=0 isRunning=false baseIntent=Intent { flg=0x10000000 cmp=dev.deeplinklab.fixture/.MainActivity } baseActivity=null topActivity=null origActivity=null realActivity=ComponentInfo{dev.deeplinklab.fixture/dev.deeplinklab.fixture.MainActivity} numActivities=0 lastActiveTime=448458 supportsMultiWindow=true resizeMode=1 isResizeable=true minWidth=-1 minHeight=-1 defaultMinSize=220 token=WCT{RemoteToken{6f10890 Task{b1489e1 #27 type=standard A=10151:dev.deeplinklab.fixture}}} topActivityType=1 pictureInPictureParams=null shouldDockBigOverlays=false launchIntoPipHostTaskId=-1 lastParentTaskIdBeforePip=-1 displayCutoutSafeInsets=Rect(0, 0 - 0, 0) topActivityInfo=null launchCookies=[] positionInParent=Point(0, 0) parentTaskId=-1 isFocused=true isVisible=true isVisibleRequested=true isTopActivityNoDisplay=false isSleeping=false locusId=null displayAreaFeatureId=1 isTopActivityTransparent=false isActivityStackTransparent=true lastNonFullscreenBounds=Rect(178, 434 - 543, 1154) capturedLink=null capturedLinkTimestamp=0 requestedVisibleTypes=-9 topActivityRequestOpenInBrowserEducationTimestamp=0 appCompatTaskInfo=AppCompatTaskInfo { topActivityInSizeCompat=false eligibleForLetterboxEducation= false isLetterboxEducationEnabled= false isLetterboxDoubleTapEnabled= false eligibleForUserAspectRatioButton= false topActivityBoundsLetterboxed= false isFromLetterboxDoubleTap= false topActivityLetterboxVerticalPosition= -1 topActivityLetterboxHorizontalPosition= -1 topActivityLetterboxWidth=-1 topActivityLetterboxHeight=-1 topActivityAppBounds=Rect(0, 0 - 0, 0) isUserFullscreenOverrideEnabled=false isSystemFullscreenOverrideEnabled=false hasMinAspectRatioOverride=false topActivityLetterboxBounds=null cameraCompatTaskInfo=CameraCompatTaskInfo { freeformCameraCompatMode=undefined}} topActivityMainWindowFrame=null}, pipChange = null, remoteTransition = null, displayChange = null, flags = 0, debugId = 42 }
07-15 20:43:31.924   665   686 V WindowManager:         {WCT{RemoteToken{6f10890 Task{b1489e1 #27 type=standard A=10151:dev.deeplinklab.fixture}}} m=CLOSE f=NONE leash=Surface(name=Task=27)/@0x53dab42 sb=Rect(0, 0 - 720, 1600) eb=Rect(0, 0 - 720, 1600) epz=Point(720, 1600) d=0 taskParent=-1},
07-15 20:43:31.925   665  1917 I ActivityTaskManager: Add Task{b1489e1 #27 type=standard A=10151:dev.deeplinklab.fixture} to hidden list because adding Task{ba87fe5 #28 type=standard A=10151:dev.deeplinklab.fixture}
07-15 20:43:31.926   665  1917 I ActivityTaskManager: START u0 {flg=0x10000000 xflg=0x5 cmp=dev.deeplinklab.fixture/.MainActivity} with LAUNCH_SINGLE_TASK from uid 2000 (BAL_ALLOW_PERMISSION) result code=0
07-15 20:43:31.927  4162  4177 V WindowManagerShell: Transition requested (#43): android.os.BinderProxy@cb5c928 TransitionRequestInfo { type = OPEN, triggerTask = TaskInfo{userId=0 taskId=28 effectiveUid=10151 displayId=0 isRunning=true baseIntent=Intent { flg=0x10000000 cmp=dev.deeplinklab.fixture/.MainActivity } baseActivity=ComponentInfo{dev.deeplinklab.fixture/dev.deeplinklab.fixture.MainActivity} topActivity=ComponentInfo{dev.deeplinklab.fixture/dev.deeplinklab.fixture.MainActivity} origActivity=null realActivity=ComponentInfo{dev.deeplinklab.fixture/dev.deeplinklab.fixture.MainActivity} numActivities=1 lastActiveTime=452641 supportsMultiWindow=true resizeMode=1 isResizeable=true minWidth=-1 minHeight=-1 defaultMinSize=220 token=WCT{android.window.IWindowContainerToken$Stub$Proxy@9a10641} topActivityType=1 pictureInPictureParams=null shouldDockBigOverlays=false launchIntoPipHostTaskId=-1 lastParentTaskIdBeforePip=-1 displayCutoutSafeInsets=Rect(0, 85 - 0, 0) topActivityInfo=ActivityInfo{bda7e6 dev.deeplinklab.fixture.MainActivity} launchCookies=[] positionInParent=Point(0, 0) parentTaskId=-1 isFocused=false isVisible=false isVisibleRequested=false isTopActivityNoDisplay=false isSleeping=false locusId=null displayAreaFeatureId=1 isTopActivityTransparent=false isActivityStackTransparent=false lastNonFullscreenBounds=Rect(178, 434 - 543, 1154) capturedLink=null capturedLinkTimestamp=0 requestedVisibleTypes=-9 topActivityRequestOpenInBrowserEducationTimestamp=0 appCompatTaskInfo=AppCompatTaskInfo { topActivityInSizeCompat=false eligibleForLetterboxEducation= false isLetterboxEducationEnabled= false isLetterboxDoubleTapEnabled= false eligibleForUserAspectRatioButton= false topActivityBoundsLetterboxed= false isFromLetterboxDoubleTap= false topActivityLetterboxVerticalPosition= -1 topActivityLetterboxHorizontalPosition= -1 topActivityLetterboxWidth=-1 topActivityLetterboxHeight=-1 topActivityAppBounds=Rect(0, 0 - 720, 1600) isUserFullscreenOverrideEnabled=false isSystemFullscreenOverrideEnabled=false hasMinAspectRatioOverride=false topActivityLetterboxBounds=null cameraCompatTaskInfo=CameraCompatTaskInfo { freeformCameraCompatMode=inactive}} topActivityMainWindowFrame=null}, pipChange = null, remoteTransition = null, displayChange = null, flags = 0, debugId = 43 }
07-15 20:43:32.053   665   698 I ActivityManager: Start proc 5096:dev.deeplinklab.fixture/u0a151 for next-top-activity {dev.deeplinklab.fixture/dev.deeplinklab.fixture.MainActivity}
07-15 20:43:32.158   665   690 W ActivityTaskManager: Unable to send transaction to client proc dev.deeplinklab.fixture: no app thread
07-15 20:43:32.251   665  1210 W WindowManager: Exception thrown during dispatchAppVisibility Window{e4d33fa u0 dev.deeplinklab.fixture/dev.deeplinklab.fixture.MainActivity EXITING}
07-15 20:43:32.350   665   990 I AppWidgetServiceImpl: Updating package stopped masked state for uid 10151 package dev.deeplinklab.fixture isStopped false
07-15 20:43:32.462  5096  5096 D nativeloader: Configuring clns-9 for other apk /data/app/~~Ody69NZF52LqwP6THf9nJg==/dev.deeplinklab.fixture-QyET_8bb2T8lI1YjQBK1EQ==/base.apk. target_sdk_version=36, uses_libraries=, library_path=/data/app/~~Ody69NZF52LqwP6THf9nJg==/dev.deeplinklab.fixture-QyET_8bb2T8lI1YjQBK1EQ==/lib/arm64, permitted_path=/data:/mnt/expand:/data/user/0/dev.deeplinklab.fixture
07-15 20:43:32.581  5096  5096 V GraphicsEnvironment: dev.deeplinklab.fixture is not listed in per-application setting
07-15 20:43:32.581  5096  5096 V GraphicsEnvironment: dev.deeplinklab.fixture is not listed in ANGLE allowlist or settings, returning default
07-15 20:43:32.597   665   686 V WindowManager: Sent Transition (#43) createdAt=07-15 20:43:31.843 via request=TransitionRequestInfo { type = OPEN, triggerTask = TaskInfo{userId=0 taskId=28 effectiveUid=10151 displayId=0 isRunning=true baseIntent=Intent { flg=0x10000000 cmp=dev.deeplinklab.fixture/.MainActivity } baseActivity=ComponentInfo{dev.deeplinklab.fixture/dev.deeplinklab.fixture.MainActivity} topActivity=ComponentInfo{dev.deeplinklab.fixture/dev.deeplinklab.fixture.MainActivity} origActivity=null realActivity=ComponentInfo{dev.deeplinklab.fixture/dev.deeplinklab.fixture.MainActivity} numActivities=1 lastActiveTime=452641 supportsMultiWindow=true resizeMode=1 isResizeable=true minWidth=-1 minHeight=-1 defaultMinSize=220 token=WCT{RemoteToken{4e63109 Task{ba87fe5 #28 type=standard A=10151:dev.deeplinklab.fixture}}} topActivityType=1 pictureInPictureParams=null shouldDockBigOverlays=false launchIntoPipHostTaskId=-1 lastParentTaskIdBeforePip=-1 displayCutoutSafeInsets=Rect(0, 85 - 0, 0) topActivityInfo=ActivityInfo{ee9cf0e dev.deeplinklab.fixture.MainActivity} launchCookies=[] positionInParent=Point(0, 0) parentTaskId=-1 isFocused=false isVisible=false isVisibleRequested=false isTopActivityNoDisplay=false isSleeping=false locusId=null displayAreaFeatureId=1 isTopActivityTransparent=false isActivityStackTransparent=false lastNonFullscreenBounds=Rect(178, 434 - 543, 1154) capturedLink=null capturedLinkTimestamp=0 requestedVisibleTypes=-9 topActivityRequestOpenInBrowserEducationTimestamp=0 appCompatTaskInfo=AppCompatTaskInfo { topActivityInSizeCompat=false eligibleForLetterboxEducation= false isLetterboxEducationEnabled= false isLetterboxDoubleTapEnabled= false eligibleForUserAspectRatioButton= false topActivityBoundsLetterboxed= false isFromLetterboxDoubleTap= false topActivityLetterboxVerticalPosition= -1 topActivityLetterboxHorizontalPosition= -1 topActivityLetterboxWidth=-1 topActivityLetterboxHeight=-1 topActivityAppBounds=Rect(0, 0 - 720, 1600) isUserFullscreenOverrideEnabled=false isSystemFullscreenOverrideEnabled=false hasMinAspectRatioOverride=false topActivityLetterboxBounds=null cameraCompatTaskInfo=CameraCompatTaskInfo { freeformCameraCompatMode=inactive}} topActivityMainWindowFrame=null}, pipChange = null, remoteTransition = null, displayChange = null, flags = 0, debugId = 43 }
07-15 20:43:32.597   665   686 V WindowManager:         {WCT{RemoteToken{4e63109 Task{ba87fe5 #28 type=standard A=10151:dev.deeplinklab.fixture}}} m=OPEN f=NONE leash=Surface(name=Task=28)/@0x9a766d3 sb=Rect(0, 0 - 720, 1600) eb=Rect(0, 0 - 720, 1600) epz=Point(720, 1600) d=0 taskParent=-1},
07-15 20:43:32.752  5096  5096 I DeepLinkFixture: DEEPLINKLAB_DESTINATION=home
07-15 20:43:33.571   665  4319 D CoreBackPreview: Window{38cf022 u0 dev.deeplinklab.fixture/dev.deeplinklab.fixture.MainActivity}: Setting back callback OnBackInvokedCallbackInfo{mCallback=android.window.IOnBackInvokedCallback$Stub$Proxy@aa30870, mPriority=-1, mIsAnimationCallback=false, mOverrideBehavior=0}
07-15 20:43:33.745   665   686 I ActivityTaskManager: Displayed dev.deeplinklab.fixture/.MainActivity for user 0: +1s901ms
07-15 20:43:33.853   665   783 I ImeTracker: dev.deeplinklab.fixture:d6dd36c8: onRequestHide at ORIGIN_SERVER reason HIDE_UNSPECIFIED_WINDOW fromUser false
07-15 20:43:33.858  5096  5096 I ImeTracker: dev.deeplinklab.fixture:d6dd36c8: onCancelled at PHASE_CLIENT_ALREADY_HIDDEN
07-15 20:43:34.491   665  1210 I ActivityTaskManager: START u0 {act=android.intent.action.VIEW cat=[android.intent.category.BROWSABLE] dat=deeplinklab://background-ignore/... flg=0x10000000 xflg=0x4 cmp=dev.deeplinklab.fixture/.MainActivity} with LAUNCH_SINGLE_TASK from uid 2000 (BAL_ALLOW_PERMISSION) result code=2
07-15 20:43:34.516  4162  4177 D WindowManagerShell: onActivityRestartAttempt: topActivity=ComponentInfo{dev.deeplinklab.fixture/dev.deeplinklab.fixture.MainActivity}, wasVisible=true
07-15 20:43:34.674   665   783 I ImeTracker: dev.deeplinklab.fixture:745b886b: onRequestHide at ORIGIN_SERVER reason HIDE_SAME_WINDOW_FOCUSED_WITHOUT_EDITOR fromUser false
07-15 20:43:34.677  5096  5096 I ImeTracker: dev.deeplinklab.fixture:745b886b: onCancelled at PHASE_CLIENT_ALREADY_HIDDEN
07-15 20:43:35.554   665   697 I ActivityManager: Force stopping dev.deeplinklab.fixture appid=10151 user=-1: deletePackageX
07-15 20:43:35.562   665   697 I ActivityManager: Killing 5096:dev.deeplinklab.fixture/u0a151 (adj 0): stop dev.deeplinklab.fixture due to deletePackageX
07-15 20:43:35.566   665   697 W ActivityTaskManager: Force removing ActivityRecord{97931996 u0 dev.deeplinklab.fixture/.MainActivity t28 f}}: app died, no saved state
07-15 20:43:35.568  4162  4177 V WindowManagerShell: Transition requested (#45): android.os.BinderProxy@7e1ddfc TransitionRequestInfo { type = CLOSE, triggerTask = TaskInfo{userId=0 taskId=28 effectiveUid=10151 displayId=0 isRunning=false baseIntent=Intent { flg=0x10000000 cmp=dev.deeplinklab.fixture/.MainActivity } baseActivity=null topActivity=null origActivity=null realActivity=ComponentInfo{dev.deeplinklab.fixture/dev.deeplinklab.fixture.MainActivity} numActivities=0 lastActiveTime=455264 supportsMultiWindow=true resizeMode=1 isResizeable=true minWidth=-1 minHeight=-1 defaultMinSize=220 token=WCT{android.window.IWindowContainerToken$Stub$Proxy@9b67c85} topActivityType=1 pictureInPictureParams=null shouldDockBigOverlays=false launchIntoPipHostTaskId=-1 lastParentTaskIdBeforePip=-1 displayCutoutSafeInsets=Rect(0, 0 - 0, 0) topActivityInfo=null launchCookies=[] positionInParent=Point(0, 0) parentTaskId=-1 isFocused=true isVisible=true isVisibleRequested=true isTopActivityNoDisplay=false isSleeping=false locusId=null displayAreaFeatureId=1 isTopActivityTransparent=false isActivityStackTransparent=true lastNonFullscreenBounds=Rect(178, 434 - 543, 1154) capturedLink=null capturedLinkTimestamp=0 requestedVisibleTypes=-9 topActivityRequestOpenInBrowserEducationTimestamp=0 appCompatTaskInfo=AppCompatTaskInfo { topActivityInSizeCompat=false eligibleForLetterboxEducation= false isLetterboxEducationEnabled= false isLetterboxDoubleTapEnabled= false eligibleForUserAspectRatioButton= false topActivityBoundsLetterboxed= false isFromLetterboxDoubleTap= false topActivityLetterboxVerticalPosition= -1 topActivityLetterboxHorizontalPosition= -1 topActivityLetterboxWidth=-1 topActivityLetterboxHeight=-1 topActivityAppBounds=Rect(0, 0 - 0, 0) isUserFullscreenOverrideEnabled=false isSystemFullscreenOverrideEnabled=false hasMinAspectRatioOverride=false topActivityLetterboxBounds=null cameraCompatTaskInfo=CameraCompatTaskInfo { freeformCameraCompatMode=undefined}} topActivityMainWindowFrame=null}, pipChange = null, remoteTransition = null, displayChange = null, flags = 0, debugId = 45 }
07-15 20:43:35.621   665   774 W InputDispatcher: channel '38cf022 dev.deeplinklab.fixture/dev.deeplinklab.fixture.MainActivity' ~ Consumer closed input channel or an error occurred.  events=0x9
07-15 20:43:35.621   665   774 E InputDispatcher: channel '38cf022 dev.deeplinklab.fixture/dev.deeplinklab.fixture.MainActivity' ~ Channel is unrecoverably broken and will be disposed!
07-15 20:43:35.629   665  2575 I ImeTracker: dev.deeplinklab.fixture:62b30641: onRequestHide at ORIGIN_SERVER reason HIDE_REMOVE_CLIENT fromUser false
07-15 20:43:35.630   665  2575 I ImeTracker: dev.deeplinklab.fixture:62b30641: onCancelled at PHASE_SERVER_SHOULD_HIDE
07-15 20:43:35.639   665   774 I WindowManager: WINDOW DIED Window{38cf022 u0 dev.deeplinklab.fixture/dev.deeplinklab.fixture.MainActivity}
07-15 20:43:35.693   665  1918 I WindowManager: WIN DEATH: Window{38cf022 u0 dev.deeplinklab.fixture/dev.deeplinklab.fixture.MainActivity EXITING}
07-15 20:43:35.694   665  1110 V ActivityManager: Got obituary of 5096:dev.deeplinklab.fixture
07-15 20:43:35.745   665   690 W ActivityTaskManager: Unable to send transaction to client proc dev.deeplinklab.fixture: no app thread
07-15 20:43:35.969   665   686 V WindowManager: Sent Transition (#45) createdAt=07-15 20:43:35.567 via request=TransitionRequestInfo { type = CLOSE, triggerTask = TaskInfo{userId=0 taskId=28 effectiveUid=10151 displayId=0 isRunning=false baseIntent=Intent { flg=0x10000000 cmp=dev.deeplinklab.fixture/.MainActivity } baseActivity=null topActivity=null origActivity=null realActivity=ComponentInfo{dev.deeplinklab.fixture/dev.deeplinklab.fixture.MainActivity} numActivities=0 lastActiveTime=455264 supportsMultiWindow=true resizeMode=1 isResizeable=true minWidth=-1 minHeight=-1 defaultMinSize=220 token=WCT{RemoteToken{4e63109 Task{ba87fe5 #28 type=standard A=10151:dev.deeplinklab.fixture}}} topActivityType=1 pictureInPictureParams=null shouldDockBigOverlays=false launchIntoPipHostTaskId=-1 lastParentTaskIdBeforePip=-1 displayCutoutSafeInsets=Rect(0, 0 - 0, 0) topActivityInfo=null launchCookies=[] positionInParent=Point(0, 0) parentTaskId=-1 isFocused=true isVisible=true isVisibleRequested=true isTopActivityNoDisplay=false isSleeping=false locusId=null displayAreaFeatureId=1 isTopActivityTransparent=false isActivityStackTransparent=true lastNonFullscreenBounds=Rect(178, 434 - 543, 1154) capturedLink=null capturedLinkTimestamp=0 requestedVisibleTypes=-9 topActivityRequestOpenInBrowserEducationTimestamp=0 appCompatTaskInfo=AppCompatTaskInfo { topActivityInSizeCompat=false eligibleForLetterboxEducation= false isLetterboxEducationEnabled= false isLetterboxDoubleTapEnabled= false eligibleForUserAspectRatioButton= false topActivityBoundsLetterboxed= false isFromLetterboxDoubleTap= false topActivityLetterboxVerticalPosition= -1 topActivityLetterboxHorizontalPosition= -1 topActivityLetterboxWidth=-1 topActivityLetterboxHeight=-1 topActivityAppBounds=Rect(0, 0 - 0, 0) isUserFullscreenOverrideEnabled=false isSystemFullscreenOverrideEnabled=false hasMinAspectRatioOverride=false topActivityLetterboxBounds=null cameraCompatTaskInfo=CameraCompatTaskInfo { freeformCameraCompatMode=undefined}} topActivityMainWindowFrame=null}, pipChange = null, remoteTransition = null, displayChange = null, flags = 0, debugId = 45 }
07-15 20:43:35.969   665   686 V WindowManager:         {WCT{RemoteToken{4e63109 Task{ba87fe5 #28 type=standard A=10151:dev.deeplinklab.fixture}}} m=CLOSE f=NONE leash=Surface(name=Task=28)/@0x9a766d3 sb=Rect(0, 0 - 720, 1600) eb=Rect(0, 0 - 720, 1600) epz=Point(720, 1600) d=0 taskParent=-1},
07-15 20:43:36.055   665  1008 D BackgroundInstallControlService: handlePackageRemove: removing dev.deeplinklab.fixture from 0
07-15 20:43:36.080   665   723 I ActivityManager: Force stopping dev.deeplinklab.fixture appid=10151 user=0: pkg removed
07-15 20:43:36.080   665   723 I WindowManager:   Force removing ActivityRecord{97931996 u0 dev.deeplinklab.fixture/.MainActivity t28 f} isExiting}
07-15 20:43:36.080   665   723 W WindowManager: removeAppToken: Attempted to remove non-existing token: Token{dd46aba ActivityRecord{97931996 u0 dev.deeplinklab.fixture/.MainActivity t28 f} isExiting}}
07-15 20:43:36.134   665   788 V StorageManagerService: Package dev.deeplinklab.fixture does not have legacy storage
07-15 20:43:36.138  1199  1199 D CarrierSvcBindHelper: onPackageRemoved: dev.deeplinklab.fixture
07-15 20:43:36.139  1199  1433 I SatelliteAppTracker: onPackageRemoved : dev.deeplinklab.fixture
07-15 20:43:36.197   665   690 W ActivityTaskManager: Unable to send transaction to client proc dev.deeplinklab.fixture: no app thread
07-15 20:43:36.270   665   954 W WifiService: Couldn't get PackageInfo for package:dev.deeplinklab.fixture
07-15 20:43:36.270   665   954 D WifiService: Remove settings for package:dev.deeplinklab.fixture
07-15 20:43:36.270   665   954 D WifiConfigManager: Remove all networks for app ApplicationInfo{62ba3f2 dev.deeplinklab.fixture}
07-15 20:43:36.270   665   954 V WifiScanRequestProxy: Clearing scan request timestamps for uid=10151, packageName=dev.deeplinklab.fixture
07-15 20:43:36.270   665   954 I PasspointManager: No app ops listener found for dev.deeplinklab.fixture
07-15 20:43:36.270   665   990 I AppWidgetServiceImpl: removeHostsAndProvidersForPackageLocked() pkg=dev.deeplinklab.fixture userId=0
07-15 20:43:36.274   665   954 W WifiService: Couldn't get PackageInfo for package:dev.deeplinklab.fixture
07-15 20:43:36.275   665   954 D WifiService: Remove settings for package:dev.deeplinklab.fixture
07-15 20:43:36.275   665   954 D WifiConfigManager: Remove all networks for app ApplicationInfo{7e8ba33 dev.deeplinklab.fixture}
07-15 20:43:36.275   665   954 V WifiScanRequestProxy: Clearing scan request timestamps for uid=10151, packageName=dev.deeplinklab.fixture
07-15 20:43:36.275   665   954 I PasspointManager: No app ops listener found for dev.deeplinklab.fixture
07-15 20:43:36.324   665   756 I RollbackManager: broadcast=ACTION_PACKAGE_FULLY_REMOVED pkg=dev.deeplinklab.fixture
07-15 20:43:36.326   665   665 I Telecom : CarModeTracker: Package dev.deeplinklab.fixture is not tracked.: SSH.oR@API🔒
07-15 20:43:36.402   665  1007 D ShortcutService: removing package: dev.deeplinklab.fixture userId=0
07-15 20:43:36.408   665   665 I ConditionProviders: Disallowing condition provider dev.deeplinklab.fixture (userSet: true)
07-15 20:43:36.606   665   696 D LauncherAppsService: onPackageRemoved: triggering onPackageRemoved for user=UserHandle{0}, packageName=dev.deeplinklab.fixture
07-15 20:43:36.606   665   696 D LauncherAppsService: onPackageRemoved: triggering onPackageRemoved for user=UserHandle{0}, packageName=dev.deeplinklab.fixture
07-15 20:43:36.637  1683  1790 D LauncherAppsCallbackImpl: onPackageRemoved triggered for packageName=dev.deeplinklab.fixture, user=UserHandle{0}
07-15 20:43:36.637  1683  1790 D PackageUpdatedTask: Package updated: mOp=REMOVE packages=[dev.deeplinklab.fixture], user=UserHandle{0}
07-15 20:43:36.638  1683  1790 D PackageUpdatedTask: REMOVE: removing package=dev.deeplinklab.fixture
07-15 20:43:36.638  1683  1790 D PackageUpdatedTask: OP_REMOVE: removing packages=[dev.deeplinklab.fixture]
07-15 20:43:36.639  1683  1790 D ModelWriter: removing items from db . Reason: [removed because the corresponding package or component is removed. mOp=3 removedPackages=[dev.deeplinklab.fixture] removedComponents=[]]
07-15 20:43:36.711   665  1945 W WindowManager: Exception thrown during dispatchAppVisibility Window{38cf022 u0 dev.deeplinklab.fixture/dev.deeplinklab.fixture.MainActivity EXITING}
07-15 20:43:36.774  1829  2256 D MediaProvider: Deleted 0 Android/media items belonging to dev.deeplinklab.fixture on /data/user/0/com.android.providers.media.module/databases/external.db
07-15 20:43:36.775  1829  2256 I FuseDaemon: Successfully deleted rows in leveldb for owner_id:  and ownerPackageIdentifier: dev.deeplinklab.fixture::0
07-15 20:43:36.837  1829  2256 D MediaGrants: Removed 0 media_grants for 0 user for [dev.deeplinklab.fixture]. Reason: Package orphaned
07-15 20:43:37.171  1049  1049 D PersistedStoragePackageUninstalledReceiver: Received android.intent.action.PACKAGE_FULLY_REMOVED for dev.deeplinklab.fixture for u0
