07-15 12:45:42.991   714   814 I ActivityManager: Force stopping dev.deeplinklab.fixture appid=10166 user=0: from pid 8780
07-15 12:45:42.996   714   814 I ActivityManager: Killing 8735:dev.deeplinklab.fixture/u0a166 (adj 0): stop dev.deeplinklab.fixture due to from pid 8780
07-15 12:45:42.999   714   814 W ActivityTaskManager: Force removing ActivityRecord{254530812 u0 dev.deeplinklab.fixture/.MainActivity t99 f}}: app died, no saved state
07-15 12:45:43.000  3772  3788 V WindowManagerShell: Transition requested (#197): android.os.BinderProxy@1ad3843 TransitionRequestInfo { type = CLOSE, triggerTask = TaskInfo{userId=0 taskId=99 effectiveUid=10166 displayId=0 isRunning=false baseIntent=Intent { flg=0x10000000 cmp=dev.deeplinklab.fixture/.MainActivity } baseActivity=null topActivity=null origActivity=null realActivity=ComponentInfo{dev.deeplinklab.fixture/dev.deeplinklab.fixture.MainActivity} numActivities=0 lastActiveTime=2544675 supportsMultiWindow=true resizeMode=1 isResizeable=true minWidth=-1 minHeight=-1 defaultMinSize=220 token=WCT{android.window.IWindowContainerToken$Stub$Proxy@4b78ec0} topActivityType=1 pictureInPictureParams=null shouldDockBigOverlays=false launchIntoPipHostTaskId=-1 lastParentTaskIdBeforePip=-1 displayCutoutSafeInsets=Rect(0, 0 - 0, 0) topActivityInfo=null launchCookies=[] positionInParent=Point(0, 0) parentTaskId=-1 isFocused=true isVisible=true isVisibleRequested=true isTopActivityNoDisplay=false isSleeping=false locusId=null displayAreaFeatureId=1 isTopActivityTransparent=false isActivityStackTransparent=true lastNonFullscreenBounds=Rect(178, 434 - 543, 1154) capturedLink=null capturedLinkTimestamp=0 requestedVisibleTypes=-9 topActivityRequestOpenInBrowserEducationTimestamp=0 appCompatTaskInfo=AppCompatTaskInfo { topActivityInSizeCompat=false eligibleForLetterboxEducation= false isLetterboxEducationEnabled= false isLetterboxDoubleTapEnabled= false eligibleForUserAspectRatioButton= false topActivityBoundsLetterboxed= false isFromLetterboxDoubleTap= false topActivityLetterboxVerticalPosition= -1 topActivityLetterboxHorizontalPosition= -1 topActivityLetterboxWidth=-1 topActivityLetterboxHeight=-1 topActivityAppBounds=Rect(0, 0 - 0, 0) isUserFullscreenOverrideEnabled=false isSystemFullscreenOverrideEnabled=false hasMinAspectRatioOverride=false topActivityLetterboxBounds=null cameraCompatTaskInfo=CameraCompatTaskInfo { freeformCameraCompatMode=undefined}} topActivityMainWindowFrame=null}, pipChange = null, remoteTransition = null, displayChange = null, flags = 0, debugId = 197 }
07-15 12:45:43.020   714   855 W InputDispatcher: channel 'ccb8d8d dev.deeplinklab.fixture/dev.deeplinklab.fixture.MainActivity' ~ Consumer closed input channel or an error occurred.  events=0x9
07-15 12:45:43.020   714   855 E InputDispatcher: channel 'ccb8d8d dev.deeplinklab.fixture/dev.deeplinklab.fixture.MainActivity' ~ Channel is unrecoverably broken and will be disposed!
07-15 12:45:43.021   714   855 I WindowManager: WINDOW DIED Window{ccb8d8d u0 dev.deeplinklab.fixture/dev.deeplinklab.fixture.MainActivity}
07-15 12:45:43.024   714   814 V ActivityManager: Got obituary of 8735:dev.deeplinklab.fixture
07-15 12:45:43.025   714  2098 I WindowManager: WIN DEATH: Window{ccb8d8d u0 dev.deeplinklab.fixture/dev.deeplinklab.fixture.MainActivity EXITING}
07-15 12:45:43.026   714  2083 I ImeTracker: dev.deeplinklab.fixture:a6d11f0e: onRequestHide at ORIGIN_SERVER reason HIDE_REMOVE_CLIENT fromUser false
07-15 12:45:43.026   714  2083 I ImeTracker: dev.deeplinklab.fixture:a6d11f0e: onCancelled at PHASE_SERVER_SHOULD_HIDE
07-15 12:45:43.035   714  1103 I AppWidgetServiceImpl: Updating package stopped masked state for uid 10166 package dev.deeplinklab.fixture isStopped true
07-15 12:45:43.035  2805  2805 D CarrierSvcBindHelper: onHandleForceStop: [dev.deeplinklab.fixture]
07-15 12:45:43.105   714   752 W ActivityTaskManager: Unable to send transaction to client proc dev.deeplinklab.fixture: no app thread
07-15 12:45:43.267   714   738 I ActivityTaskManager: Add Task{776a785 #99 type=standard A=10166:dev.deeplinklab.fixture} to hidden list because adding Task{fdf4faa #100 type=standard A=10166:dev.deeplinklab.fixture}
07-15 12:45:43.268   714   738 I ActivityTaskManager: START u0 {flg=0x10000000 xflg=0x5 cmp=dev.deeplinklab.fixture/.MainActivity} with LAUNCH_SINGLE_TASK from uid 2000 (BAL_ALLOW_PERMISSION) result code=0
07-15 12:45:43.386   714   760 I ActivityManager: Start proc 8789:dev.deeplinklab.fixture/u0a166 for next-top-activity {dev.deeplinklab.fixture/dev.deeplinklab.fixture.MainActivity}
07-15 12:45:43.485   714  1103 I AppWidgetServiceImpl: Updating package stopped masked state for uid 10166 package dev.deeplinklab.fixture isStopped false
07-15 12:45:43.598  8789  8789 D nativeloader: Configuring clns-9 for other apk /data/app/~~Fxxz3rOIkCFIbSOYYnRzlw==/dev.deeplinklab.fixture-2kkOhfozKmWR3w2L6Hc-PA==/base.apk. target_sdk_version=36, uses_libraries=, library_path=/data/app/~~Fxxz3rOIkCFIbSOYYnRzlw==/dev.deeplinklab.fixture-2kkOhfozKmWR3w2L6Hc-PA==/lib/arm64, permitted_path=/data:/mnt/expand:/data/user/0/dev.deeplinklab.fixture
07-15 12:45:43.614  8789  8789 V GraphicsEnvironment: dev.deeplinklab.fixture is not listed in per-application setting
07-15 12:45:43.614  8789  8789 V GraphicsEnvironment: dev.deeplinklab.fixture is not listed in ANGLE allowlist or settings, returning default
07-15 12:45:43.685   714   748 V WindowManager: Sent Transition (#197) createdAt=07-15 12:45:42.999 via request=TransitionRequestInfo { type = CLOSE, triggerTask = TaskInfo{userId=0 taskId=99 effectiveUid=10166 displayId=0 isRunning=false baseIntent=Intent { flg=0x10000000 cmp=dev.deeplinklab.fixture/.MainActivity } baseActivity=null topActivity=null origActivity=null realActivity=ComponentInfo{dev.deeplinklab.fixture/dev.deeplinklab.fixture.MainActivity} numActivities=0 lastActiveTime=2544675 supportsMultiWindow=true resizeMode=1 isResizeable=true minWidth=-1 minHeight=-1 defaultMinSize=220 token=WCT{RemoteToken{f2d815c Task{776a785 #99 type=standard A=10166:dev.deeplinklab.fixture}}} topActivityType=1 pictureInPictureParams=null shouldDockBigOverlays=false launchIntoPipHostTaskId=-1 lastParentTaskIdBeforePip=-1 displayCutoutSafeInsets=Rect(0, 0 - 0, 0) topActivityInfo=null launchCookies=[] positionInParent=Point(0, 0) parentTaskId=-1 isFocused=true isVisible=true isVisibleRequested=true isTopActivityNoDisplay=false isSleeping=false locusId=null displayAreaFeatureId=1 isTopActivityTransparent=false isActivityStackTransparent=true lastNonFullscreenBounds=Rect(178, 434 - 543, 1154) capturedLink=null capturedLinkTimestamp=0 requestedVisibleTypes=-9 topActivityRequestOpenInBrowserEducationTimestamp=0 appCompatTaskInfo=AppCompatTaskInfo { topActivityInSizeCompat=false eligibleForLetterboxEducation= false isLetterboxEducationEnabled= false isLetterboxDoubleTapEnabled= false eligibleForUserAspectRatioButton= false topActivityBoundsLetterboxed= false isFromLetterboxDoubleTap= false topActivityLetterboxVerticalPosition= -1 topActivityLetterboxHorizontalPosition= -1 topActivityLetterboxWidth=-1 topActivityLetterboxHeight=-1 topActivityAppBounds=Rect(0, 0 - 0, 0) isUserFullscreenOverrideEnabled=false isSystemFullscreenOverrideEnabled=false hasMinAspectRatioOverride=false topActivityLetterboxBounds=null cameraCompatTaskInfo=CameraCompatTaskInfo { freeformCameraCompatMode=undefined}} topActivityMainWindowFrame=null}, pipChange = null, remoteTransition = null, displayChange = null, flags = 0, debugId = 197 }
07-15 12:45:43.685   714   748 V WindowManager:         {WCT{RemoteToken{15be280 Task{fdf4faa #100 type=standard A=10166:dev.deeplinklab.fixture}}} m=OPEN f=MOVE_TO_TOP leash=Surface(name=Task=100)/@0xacad767 sb=Rect(0, 0 - 720, 1600) eb=Rect(0, 0 - 720, 1600) epz=Point(720, 1600) d=0 taskParent=-1},
07-15 12:45:43.685   714   748 V WindowManager:         {WCT{RemoteToken{f2d815c Task{776a785 #99 type=standard A=10166:dev.deeplinklab.fixture}}} m=CLOSE f=NONE leash=Surface(name=Task=99)/@0xfc2e271 sb=Rect(0, 0 - 720, 1600) eb=Rect(0, 0 - 720, 1600) epz=Point(720, 1600) d=0 taskParent=-1}
07-15 12:45:43.696   714   752 W ActivityTaskManager: Unable to send transaction to client proc dev.deeplinklab.fixture: no app thread
07-15 12:45:43.875  8789  8789 I DeepLinkFixture: DEEPLINKLAB_DESTINATION=home
07-15 12:45:44.038   714   815 D CoreBackPreview: Window{7a26857 u0 dev.deeplinklab.fixture/dev.deeplinklab.fixture.MainActivity}: Setting back callback OnBackInvokedCallbackInfo{mCallback=android.window.IOnBackInvokedCallback$Stub$Proxy@d4b382d, mPriority=-1, mIsAnimationCallback=false, mOverrideBehavior=0}
07-15 12:45:44.176   714   752 W ActivityTaskManager: Unable to send transaction to client proc dev.deeplinklab.fixture: no app thread
07-15 12:45:44.249   714  1779 W WindowManager: Exception thrown during dispatchAppVisibility Window{ccb8d8d u0 dev.deeplinklab.fixture/dev.deeplinklab.fixture.MainActivity EXITING}
07-15 12:45:44.775   714   748 I ActivityTaskManager: Displayed dev.deeplinklab.fixture/.MainActivity for user 0: +1s554ms
07-15 12:45:44.924   714   864 I ImeTracker: dev.deeplinklab.fixture:3bfc735: onRequestHide at ORIGIN_SERVER reason HIDE_UNSPECIFIED_WINDOW fromUser false
07-15 12:45:44.929  8789  8789 I ImeTracker: dev.deeplinklab.fixture:3bfc735: onCancelled at PHASE_CLIENT_ALREADY_HIDDEN
07-15 12:45:45.798   714  2066 I ActivityTaskManager: START u0 {act=android.intent.action.VIEW cat=[android.intent.category.BROWSABLE] dat=deeplinklab://background-ignore/... flg=0x10000000 xflg=0x4 cmp=dev.deeplinklab.fixture/.MainActivity} with LAUNCH_SINGLE_TASK from uid 2000 (BAL_ALLOW_PERMISSION) result code=2
07-15 12:45:45.972  3772  3788 D WindowManagerShell: onActivityRestartAttempt: topActivity=ComponentInfo{dev.deeplinklab.fixture/dev.deeplinklab.fixture.MainActivity}, wasVisible=true
07-15 12:45:46.198   714   864 I ImeTracker: dev.deeplinklab.fixture:5a64783: onRequestHide at ORIGIN_SERVER reason HIDE_SAME_WINDOW_FOCUSED_WITHOUT_EDITOR fromUser false
07-15 12:45:46.206  8789  8789 I ImeTracker: dev.deeplinklab.fixture:5a64783: onCancelled at PHASE_CLIENT_ALREADY_HIDDEN
