07-15 12:41:33.166   714  2120 I ActivityManager: Force stopping dev.deeplinklab.fixture appid=10158 user=0: from pid 5938
07-15 12:41:33.167   714  2120 I ActivityManager: Killing 5900:dev.deeplinklab.fixture/u0a158 (adj 0): stop dev.deeplinklab.fixture due to from pid 5938
07-15 12:41:33.168   714  2120 W ActivityTaskManager: Force removing ActivityRecord{59711104 u0 dev.deeplinklab.fixture/.MainActivity t48 f}}: app died, no saved state
07-15 12:41:33.172  3772  3788 V WindowManagerShell: Transition requested (#93): android.os.BinderProxy@7f013d6 TransitionRequestInfo { type = CLOSE, triggerTask = TaskInfo{userId=0 taskId=48 effectiveUid=10158 displayId=0 isRunning=false baseIntent=Intent { act=android.intent.action.VIEW cat=[android.intent.category.BROWSABLE] dat=deeplinklab://query-loss/... flg=0x10000000 cmp=dev.deeplinklab.fixture/.MainActivity } baseActivity=null topActivity=null origActivity=null realActivity=ComponentInfo{dev.deeplinklab.fixture/dev.deeplinklab.fixture.MainActivity} numActivities=0 lastActiveTime=2295790 supportsMultiWindow=true resizeMode=1 isResizeable=true minWidth=-1 minHeight=-1 defaultMinSize=220 token=WCT{android.window.IWindowContainerToken$Stub$Proxy@4c7d657} topActivityType=1 pictureInPictureParams=null shouldDockBigOverlays=false launchIntoPipHostTaskId=-1 lastParentTaskIdBeforePip=-1 displayCutoutSafeInsets=Rect(0, 0 - 0, 0) topActivityInfo=null launchCookies=[] positionInParent=Point(0, 0) parentTaskId=-1 isFocused=true isVisible=true isVisibleRequested=true isTopActivityNoDisplay=false isSleeping=false locusId=null displayAreaFeatureId=1 isTopActivityTransparent=false isActivityStackTransparent=true lastNonFullscreenBounds=Rect(178, 434 - 543, 1154) capturedLink=null capturedLinkTimestamp=0 requestedVisibleTypes=-9 topActivityRequestOpenInBrowserEducationTimestamp=0 appCompatTaskInfo=AppCompatTaskInfo { topActivityInSizeCompat=false eligibleForLetterboxEducation= false isLetterboxEducationEnabled= false isLetterboxDoubleTapEnabled= false eligibleForUserAspectRatioButton= false topActivityBoundsLetterboxed= false isFromLetterboxDoubleTap= false topActivityLetterboxVerticalPosition= -1 topActivityLetterboxHorizontalPosition= -1 topActivityLetterboxWidth=-1 topActivityLetterboxHeight=-1 topActivityAppBounds=Rect(0, 0 - 0, 0) isUserFullscreenOverrideEnabled=false isSystemFullscreenOverrideEnabled=false hasMinAspectRatioOverride=false topActivityLetterboxBounds=null cameraCompatTaskInfo=CameraCompatTaskInfo { freeformCameraCompatMode=undefined}} topActivityMainWindowFrame=null}, pipChange = null, remoteTransition = null, displayChange = null, flags = 0, debugId = 93 }
07-15 12:41:33.181   714  1103 I AppWidgetServiceImpl: Updating package stopped masked state for uid 10158 package dev.deeplinklab.fixture isStopped true
07-15 12:41:33.184  2805  2805 D CarrierSvcBindHelper: onHandleForceStop: [dev.deeplinklab.fixture]
07-15 12:41:33.192   714   855 W InputDispatcher: channel '1fdc94b dev.deeplinklab.fixture/dev.deeplinklab.fixture.MainActivity' ~ Consumer closed input channel or an error occurred.  events=0x9
07-15 12:41:33.192   714   855 E InputDispatcher: channel '1fdc94b dev.deeplinklab.fixture/dev.deeplinklab.fixture.MainActivity' ~ Channel is unrecoverably broken and will be disposed!
07-15 12:41:33.192   714  1141 V ActivityManager: Got obituary of 5900:dev.deeplinklab.fixture
07-15 12:41:33.192   714   855 I WindowManager: WINDOW DIED Window{1fdc94b u0 dev.deeplinklab.fixture/dev.deeplinklab.fixture.MainActivity}
07-15 12:41:33.192   714  2120 I ImeTracker: dev.deeplinklab.fixture:d48f48: onRequestHide at ORIGIN_SERVER reason HIDE_REMOVE_CLIENT fromUser false
07-15 12:41:33.192   714  2120 I ImeTracker: dev.deeplinklab.fixture:d48f48: onCancelled at PHASE_SERVER_SHOULD_HIDE
07-15 12:41:33.193   714  1141 I WindowManager: WIN DEATH: Window{1fdc94b u0 dev.deeplinklab.fixture/dev.deeplinklab.fixture.MainActivity EXITING}
07-15 12:41:33.276   714   752 W ActivityTaskManager: Unable to send transaction to client proc dev.deeplinklab.fixture: no app thread
07-15 12:41:33.344   714  2055 I ActivityTaskManager: Add Task{63b2cb9 #48 type=standard A=10158:dev.deeplinklab.fixture} to hidden list because adding Task{bf56a91 #49 type=standard A=10158:dev.deeplinklab.fixture}
07-15 12:41:33.345   714  2055 I ActivityTaskManager: START u0 {act=android.intent.action.VIEW cat=[android.intent.category.BROWSABLE] dat=deeplinklab://fragment-loss/... flg=0x10000000 xflg=0x4 cmp=dev.deeplinklab.fixture/.MainActivity} with LAUNCH_SINGLE_TASK from uid 2000 (BAL_ALLOW_PERMISSION) result code=0
07-15 12:41:33.358   714  1103 I AppWidgetServiceImpl: Updating package stopped masked state for uid 10158 package dev.deeplinklab.fixture isStopped false
07-15 12:41:33.389   714   760 I ActivityManager: Start proc 5949:dev.deeplinklab.fixture/u0a158 for next-top-activity {dev.deeplinklab.fixture/dev.deeplinklab.fixture.MainActivity}
07-15 12:41:33.483  5949  5949 D nativeloader: Configuring clns-9 for other apk /data/app/~~W3RHe-xHHxMpGQpyeFrmNw==/dev.deeplinklab.fixture-TBenOqF6QDgCNdFbaQDYcw==/base.apk. target_sdk_version=36, uses_libraries=, library_path=/data/app/~~W3RHe-xHHxMpGQpyeFrmNw==/dev.deeplinklab.fixture-TBenOqF6QDgCNdFbaQDYcw==/lib/arm64, permitted_path=/data:/mnt/expand:/data/user/0/dev.deeplinklab.fixture
07-15 12:41:33.503  5949  5949 V GraphicsEnvironment: dev.deeplinklab.fixture is not listed in per-application setting
07-15 12:41:33.504  5949  5949 V GraphicsEnvironment: dev.deeplinklab.fixture is not listed in ANGLE allowlist or settings, returning default
07-15 12:41:33.556   714   748 V WindowManager: Sent Transition (#93) createdAt=07-15 12:41:33.169 via request=TransitionRequestInfo { type = CLOSE, triggerTask = TaskInfo{userId=0 taskId=48 effectiveUid=10158 displayId=0 isRunning=false baseIntent=Intent { act=android.intent.action.VIEW cat=[android.intent.category.BROWSABLE] dat=deeplinklab://query-loss/... flg=0x10000000 cmp=dev.deeplinklab.fixture/.MainActivity } baseActivity=null topActivity=null origActivity=null realActivity=ComponentInfo{dev.deeplinklab.fixture/dev.deeplinklab.fixture.MainActivity} numActivities=0 lastActiveTime=2295790 supportsMultiWindow=true resizeMode=1 isResizeable=true minWidth=-1 minHeight=-1 defaultMinSize=220 token=WCT{RemoteToken{37f396b Task{63b2cb9 #48 type=standard A=10158:dev.deeplinklab.fixture}}} topActivityType=1 pictureInPictureParams=null shouldDockBigOverlays=false launchIntoPipHostTaskId=-1 lastParentTaskIdBeforePip=-1 displayCutoutSafeInsets=Rect(0, 0 - 0, 0) topActivityInfo=null launchCookies=[] positionInParent=Point(0, 0) parentTaskId=-1 isFocused=true isVisible=true isVisibleRequested=true isTopActivityNoDisplay=false isSleeping=false locusId=null displayAreaFeatureId=1 isTopActivityTransparent=false isActivityStackTransparent=true lastNonFullscreenBounds=Rect(178, 434 - 543, 1154) capturedLink=null capturedLinkTimestamp=0 requestedVisibleTypes=-9 topActivityRequestOpenInBrowserEducationTimestamp=0 appCompatTaskInfo=AppCompatTaskInfo { topActivityInSizeCompat=false eligibleForLetterboxEducation= false isLetterboxEducationEnabled= false isLetterboxDoubleTapEnabled= false eligibleForUserAspectRatioButton= false topActivityBoundsLetterboxed= false isFromLetterboxDoubleTap= false topActivityLetterboxVerticalPosition= -1 topActivityLetterboxHorizontalPosition= -1 topActivityLetterboxWidth=-1 topActivityLetterboxHeight=-1 topActivityAppBounds=Rect(0, 0 - 0, 0) isUserFullscreenOverrideEnabled=false isSystemFullscreenOverrideEnabled=false hasMinAspectRatioOverride=false topActivityLetterboxBounds=null cameraCompatTaskInfo=CameraCompatTaskInfo { freeformCameraCompatMode=undefined}} topActivityMainWindowFrame=null}, pipChange = null, remoteTransition = null, displayChange = null, flags = 0, debugId = 93 }
07-15 12:41:33.556   714   748 V WindowManager:         {WCT{RemoteToken{2edbfdf Task{bf56a91 #49 type=standard A=10158:dev.deeplinklab.fixture}}} m=OPEN f=MOVE_TO_TOP leash=Surface(name=Task=49)/@0xc77be83 sb=Rect(0, 0 - 720, 1600) eb=Rect(0, 0 - 720, 1600) epz=Point(720, 1600) d=0 taskParent=-1},
07-15 12:41:33.556   714   748 V WindowManager:         {WCT{RemoteToken{37f396b Task{63b2cb9 #48 type=standard A=10158:dev.deeplinklab.fixture}}} m=CLOSE f=NONE leash=Surface(name=Task=48)/@0xc988be5 sb=Rect(0, 0 - 720, 1600) eb=Rect(0, 0 - 720, 1600) epz=Point(720, 1600) d=0 taskParent=-1}
07-15 12:41:33.562   714   752 W ActivityTaskManager: Unable to send transaction to client proc dev.deeplinklab.fixture: no app thread
07-15 12:41:33.705  5949  5949 I DeepLinkFixture: DEEPLINKLAB_DESTINATION=home
07-15 12:41:33.707  5949  5949 I DeepLinkFixture: DEEPLINKLAB_DESTINATION=article/7
07-15 12:41:33.925   714  1813 D CoreBackPreview: Window{e954e73 u0 dev.deeplinklab.fixture/dev.deeplinklab.fixture.MainActivity}: Setting back callback OnBackInvokedCallbackInfo{mCallback=android.window.IOnBackInvokedCallback$Stub$Proxy@b1071a9, mPriority=-1, mIsAnimationCallback=false, mOverrideBehavior=0}
07-15 12:41:33.969   714   752 W ActivityTaskManager: Unable to send transaction to client proc dev.deeplinklab.fixture: no app thread
07-15 12:41:34.131   714  1141 W WindowManager: Exception thrown during dispatchAppVisibility Window{1fdc94b u0 dev.deeplinklab.fixture/dev.deeplinklab.fixture.MainActivity EXITING}
07-15 12:41:34.713   714   748 I ActivityTaskManager: Displayed dev.deeplinklab.fixture/.MainActivity for user 0: +1s395ms
07-15 12:41:34.859   714   864 I ImeTracker: dev.deeplinklab.fixture:d457d0fe: onRequestHide at ORIGIN_SERVER reason HIDE_UNSPECIFIED_WINDOW fromUser false
07-15 12:41:34.869  5949  5949 I ImeTracker: dev.deeplinklab.fixture:d457d0fe: onCancelled at PHASE_CLIENT_ALREADY_HIDDEN
