Timestamp               Ty Process[PID:TID]
2026-07-15 20:42:34.289 Df DeepLinkFixture[83908:116365b] (libMobileGestalt.dylib) No persisted cache on this platform.
2026-07-15 20:42:34.291 Df DeepLinkFixture[83908:1163664] [com.apple.xpc:connection] [0x10339b660] activating connection: mach=true listener=false peer=false name=com.apple.cfprefsd.daemon
2026-07-15 20:42:34.291 Df DeepLinkFixture[83908:1163666] [com.apple.BoardServices:XPCErrors] [C:1] Alloc com.apple.frontboard.systemappservices
2026-07-15 20:42:34.292 Df DeepLinkFixture[83908:1163666] [com.apple.xpc:connection] [0x1033a14c0] activating connection: mach=false listener=false peer=false name=(anonymous)
2026-07-15 20:42:34.297 A  DeepLinkFixture[83908:1163665] (CoreFoundation) Loading Preferences From User Session CFPrefsD
2026-07-15 20:42:34.303 Df DeepLinkFixture[83908:116365b] [com.apple.UIKit:Application] Deactivation reason added: 10; deactivation reasons: 0 -> 1024; animating application lifecycle event: 0
2026-07-15 20:42:34.303 Df DeepLinkFixture[83908:116365b] [com.apple.runningboard:connection] Initializing connection
2026-07-15 20:42:34.303 Df DeepLinkFixture[83908:1163664] [com.apple.UIKit:BackgroundTask] Creating new assertion because there is no existing background assertion.
2026-07-15 20:42:34.303 Df DeepLinkFixture[83908:1163664] [com.apple.UIKit:BackgroundTask] Creating new background assertion
2026-07-15 20:42:34.303 Df DeepLinkFixture[83908:116365b] [com.apple.runningboard:process] Removing all cached process handles
2026-07-15 20:42:34.303 Df DeepLinkFixture[83908:1163674] [com.apple.runningboard:connection] Sending handshake request attempt #1 to server
2026-07-15 20:42:34.303 Df DeepLinkFixture[83908:1163664] [com.apple.UIKit:BackgroundTask] Created new background assertion <BKSProcessAssertion: 0x10339ea20>
2026-07-15 20:42:34.303 Df DeepLinkFixture[83908:1163674] [com.apple.runningboard:connection] Creating connection to com.apple.runningboard
2026-07-15 20:42:34.303 Df DeepLinkFixture[83908:116365b] [com.apple.BoardServices:Injection] activating monitor for service com.apple.frontboard.open
2026-07-15 20:42:34.303 Df DeepLinkFixture[83908:1163674] [com.apple.xpc:connection] [0x10393c280] activating connection: mach=true listener=false peer=false name=com.apple.runningboard
2026-07-15 20:42:34.304 Df DeepLinkFixture[83908:116365b] [com.apple.BoardServices:Injection] activating monitor for service com.apple.frontboard.workspace-service
2026-07-15 20:42:34.305 A  DeepLinkFixture[83908:1163665] (RunningBoardServices) didChangeInheritances
2026-07-15 20:42:34.305 Df DeepLinkFixture[83908:116365b] [com.apple.FrontBoard:Common] FBSWorkspace registering source: com.apple.frontboard.systemappservices
2026-07-15 20:42:34.305 Df DeepLinkFixture[83908:1163674] [com.apple.runningboard:connection] Handshake succeeded
2026-07-15 20:42:34.305 Df DeepLinkFixture[83908:1163674] [com.apple.runningboard:connection] Identity resolved as app<dev.deeplinklab.fixture((null))>
2026-07-15 20:42:34.306 Df DeepLinkFixture[83908:1163664] [com.apple.UIKit:BackgroundTask] Incrementing reference count for background assertion <BKSProcessAssertion: 0x10339ea20>
2026-07-15 20:42:34.306 Df DeepLinkFixture[83908:1163664] [com.apple.UIKit:BackgroundTask] Created background task <_UIBackgroundTaskInfo: 0x103844f40>: taskID = 1, taskName = Launch Background Task for Coalescing, creationTime = 423977 (elapsed = 0).
2026-07-15 20:42:34.306 Df DeepLinkFixture[83908:1163664] [com.apple.FrontBoard:SceneExtension] Realizing settings extension _UIApplicationSceneKeyboardSettings on FBSSceneSettings
2026-07-15 20:42:34.307 Df DeepLinkFixture[83908:116365b] [com.apple.FrontBoard:Common] FBSWorkspace connected to endpoint : <BSServiceConnectionEndpoint: 0x103910980; target: com.apple.frontboard.systemappservices; service: com.apple.frontboard.workspace-service>
2026-07-15 20:42:34.307 Df DeepLinkFixture[83908:116365b] [com.apple.FrontBoard:Common] <FBSWorkspaceScenesClient:0x1038fcc80 com.apple.frontboard.systemappservices> attempting immediate handshake from activate
2026-07-15 20:42:34.307 Df DeepLinkFixture[83908:116365b] [com.apple.FrontBoard:Common] <FBSWorkspaceScenesClient:0x1038fcc80 com.apple.frontboard.systemappservices> sent handshake
2026-07-15 20:42:34.307 Df DeepLinkFixture[83908:116365b] [com.apple.runningboard:general] Added observer for process assertions expiration warning: <_RBSExpirationWarningClient: 0x103910c60>
2026-07-15 20:42:34.308 Df DeepLinkFixture[83908:1163664] [com.apple.FrontBoard:SceneExtension] Realizing settings extension <_UISceneOcclusionSettings> on FBSSceneSettings
2026-07-15 20:42:34.308 Df DeepLinkFixture[83908:1163664] [com.apple.FrontBoard:SceneExtension] Realizing settings extension <_UISceneInterfaceProtectionSettings> on FBSSceneSettings
2026-07-15 20:42:34.308 Df DeepLinkFixture[83908:1163664] [com.apple.FrontBoard:SceneExtension] Realizing settings extension _UISceneLayoutPreferencesHostSettingsExtension on FBSSceneSettings
2026-07-15 20:42:34.308 Df DeepLinkFixture[83908:1163664] [com.apple.FrontBoard:SceneExtension] Realizing settings extension _UISceneSafeAreaSettingsExtension on FBSSceneSettings
2026-07-15 20:42:34.309 Df DeepLinkFixture[83908:1163664] [com.apple.FrontBoard:SceneExtension] Realizing settings extension _UISceneLayoutPreferenceClientSettingsExtension on FBSSceneClientSettings
2026-07-15 20:42:34.309 Df DeepLinkFixture[83908:1163664] [com.apple.FrontBoard:SceneExtension] Realizing settings extension <_UIHomeAffordanceHostSceneSettings> on FBSSceneSettings
2026-07-15 20:42:34.309 Df DeepLinkFixture[83908:1163664] [com.apple.FrontBoard:SceneExtension] Realizing settings extension _UISystemShellSceneHostingEnvironmentSettings on FBSSceneSettings
2026-07-15 20:42:34.310 Df DeepLinkFixture[83908:1163664] [com.apple.FrontBoard:SceneExtension] Realizing settings extension _UISceneRenderingEnvironmentSettings on FBSSceneSettings
2026-07-15 20:42:34.310 Df DeepLinkFixture[83908:1163664] [com.apple.FrontBoard:SceneExtension] Realizing settings extension <_UISceneRenderingEnvironmentClientSettings> on FBSSceneClientSettings
2026-07-15 20:42:34.310 Df DeepLinkFixture[83908:1163664] [com.apple.FrontBoard:SceneExtension] Realizing settings extension <_UISceneTransitioningHostSettings> on FBSSceneSettings
2026-07-15 20:42:34.311 Df DeepLinkFixture[83908:1163664] [com.apple.FrontBoard:SceneExtension] Realizing settings extension <_UISceneFocusSystemSettings> on FBSSceneSettings
2026-07-15 20:42:34.311 Df DeepLinkFixture[83908:1163664] [com.apple.FrontBoard:SceneExtension] Realizing settings extension _UISceneOrientationSettingsExtension on FBSSceneSettings
2026-07-15 20:42:34.311 Df DeepLinkFixture[83908:1163664] [com.apple.FrontBoard:SceneExtension] Realizing settings extension _UISceneOrientationClientSettingsExtension on FBSSceneClientSettings
2026-07-15 20:42:34.312 Df DeepLinkFixture[83908:1163664] [com.apple.FrontBoard:SceneExtension] Realizing settings extension _UISceneWindowingControlClientSettings on FBSSceneClientSettings
2026-07-15 20:42:34.312 Df DeepLinkFixture[83908:116365b] [com.apple.UIKit:UIScreen] Evaluated capturing state as 0 on <UIScreen: 0x10393c500> for initial
2026-07-15 20:42:34.312 Df DeepLinkFixture[83908:1163664] [com.apple.FrontBoard:SceneExtension] Realizing settings extension <_UISceneHostingContentSizePreferenceClientSettings> on FBSSceneClientSettings
2026-07-15 20:42:34.312 Df DeepLinkFixture[83908:116365b] [com.apple.UIKit:UIScreen] Evaluated capturing state as 0 on <UIScreen: 0x10393c500> for CADisplay KVO
2026-07-15 20:42:34.312 Df DeepLinkFixture[83908:1163664] [com.apple.FrontBoard:SceneExtension] Realizing settings extension _UISceneHostingTraitCollectionPropagationSettings on FBSSceneSettings
2026-07-15 20:42:34.313 Df DeepLinkFixture[83908:1163664] [com.apple.FrontBoard:SceneExtension] Realizing settings extension <_UISceneHostingSheetPresentationSettings> on FBSSceneSettings
2026-07-15 20:42:34.313 Df DeepLinkFixture[83908:1163664] [com.apple.FrontBoard:SceneExtension] Realizing settings extension <_UISceneHostingSheetPresentationClientSettings> on FBSSceneClientSettings
2026-07-15 20:42:34.313 Df DeepLinkFixture[83908:1163664] [com.apple.FrontBoard:SceneExtension] Realizing settings extension <_UISceneHostingEventDeferringSettings> on FBSSceneSettings
2026-07-15 20:42:34.314 Df DeepLinkFixture[83908:1163664] [com.apple.FrontBoard:SceneExtension] Realizing settings extension <UIKit__UITypedKeyValueSceneSettings> on FBSSceneSettings
2026-07-15 20:42:34.314 Df DeepLinkFixture[83908:1163664] [com.apple.FrontBoard:SceneExtension] Realizing settings extension <UIKit__UITypedKeyValueSceneSettings> on FBSSceneClientSettings
2026-07-15 20:42:34.314 Df DeepLinkFixture[83908:1163664] [com.apple.FrontBoard:SceneExtension] Realizing settings extension <_UISceneHostingViewControllerPreferencePropagationClientSettings> on FBSSceneClientSettings
2026-07-15 20:42:34.314 Df DeepLinkFixture[83908:1163664] [com.apple.FrontBoard:SceneExtension] Realizing settings extension <_UISceneZoomTransitionSettings> on FBSSceneSettings
2026-07-15 20:42:34.315 Df DeepLinkFixture[83908:1163676] [com.apple.FrontBoard:SceneExtension] Realizing settings extension FBSSceneSettingsCore on FBSSceneSettings
2026-07-15 20:42:34.315 Df DeepLinkFixture[83908:116365b] [com.apple.Accessibility:AXSupportCommon] Read CategoryName: per-app = 1, category name = (null)
2026-07-15 20:42:34.315 Df DeepLinkFixture[83908:116365b] [com.apple.Accessibility:AXSupportCommon] Read CategoryName: per-app = 0, category name = (null)
2026-07-15 20:42:34.316 Df DeepLinkFixture[83908:1163676] [com.apple.FrontBoard:SceneExtension] Realizing settings extension FBSSceneClientSettingsCore on FBSSceneClientSettings
2026-07-15 20:42:34.329 Df DeepLinkFixture[83908:1163676] [com.apple.FrontBoard:SceneExtension] UIMutableApplicationSceneSettings setting counterpart class: UIApplicationSceneSettings
2026-07-15 20:42:34.330 Df DeepLinkFixture[83908:1163676] [com.apple.FrontBoard:SceneExtension] UIMutableApplicationSceneClientSettings setting counterpart class: UIApplicationSceneClientSettings
2026-07-15 20:42:34.330 Df DeepLinkFixture[83908:1163676] [com.apple.FrontBoard:SceneExtension] Realizing settings extension FBSSceneTransitionContextCore on FBSSceneTransitionContext
2026-07-15 20:42:34.341 Df DeepLinkFixture[83908:1163676] [com.apple.xpc:connection] [0x10393cf00] activating connection: mach=true listener=false peer=false name=com.apple.fontservicesd
2026-07-15 20:42:34.348 Df DeepLinkFixture[83908:116365b] [com.apple.dt.xctest:Default] Registering for test daemon availability notify post.
2026-07-15 20:42:34.348 Df DeepLinkFixture[83908:116365b] [com.apple.dt.xctest:Default] notify_get_state check indicated test daemon not ready.
2026-07-15 20:42:34.348 Df DeepLinkFixture[83908:116365b] [com.apple.dt.xctest:Default] notify_get_state check indicated test daemon not ready.
2026-07-15 20:42:34.348 Df DeepLinkFixture[83908:116365b] [com.apple.dt.xctest:Default] notify_get_state check indicated test daemon not ready.
2026-07-15 20:42:34.349 Df DeepLinkFixture[83908:116365b] [com.apple.UIKit:UpdateScheduler] Selected display: name=LCD (PurpleMain), id=1
2026-07-15 20:42:34.350 Df DeepLinkFixture[83908:116365b] [com.apple.UIKit:EventBus] Event Timing Profile for Touch: not found, path="/System/Library/EventTimingProfiles/Sim.Touch.plist"
2026-07-15 20:42:34.350 Df DeepLinkFixture[83908:116365b] [com.apple.UIKit:EventBus] Event Timing Profile for Pencil: not found, path="/System/Library/EventTimingProfiles/Sim.Pencil.plist"
2026-07-15 20:42:34.350 Df DeepLinkFixture[83908:116365b] [com.apple.FrontBoard:SceneClient] [(FBSceneManager):sceneID:dev.deeplinklab.fixture-default] Received action(s) in scene-create: UIOpenURLAction
2026-07-15 20:42:34.352 Df DeepLinkFixture[83908:116365b] [com.apple.app_launch_measurement:ApplicationLaunch] alm_acquire_pageins_recording_assertion: acquired pageins recording assertion!
2026-07-15 20:42:34.353 Df DeepLinkFixture[83908:116365b] [com.apple.UIKit:BackgroundTask] Will add backgroundTask with taskName: Persistent SceneSession Map Update, expirationHandler: <__NSGlobalBlock__: 0x1e78c84e8>
2026-07-15 20:42:34.353 Df DeepLinkFixture[83908:116365b] [com.apple.UIKit:BackgroundTask] Reusing background assertion <BKSProcessAssertion: 0x10339ea20>
2026-07-15 20:42:34.353 Df DeepLinkFixture[83908:116365b] [com.apple.UIKit:BackgroundTask] Incrementing reference count for background assertion <BKSProcessAssertion: 0x10339ea20>
2026-07-15 20:42:34.353 Df DeepLinkFixture[83908:116365b] [com.apple.UIKit:BackgroundTask] Created background task <_UIBackgroundTaskInfo: 0x103a6ce80>: taskID = 2, taskName = Persistent SceneSession Map Update, creationTime = 423977 (elapsed = 0).
2026-07-15 20:42:34.353 Df DeepLinkFixture[83908:116365b] [com.apple.UIKit:Application] Deactivation reason added: 5; deactivation reasons: 1024 -> 1056; animating application lifecycle event: 1
2026-07-15 20:42:34.354 Df DeepLinkFixture[83908:116365b] [com.apple.UIKit:InterfaceStyle] Not push traits update to screen for new style 1, <UIWindowScene: 0x10339f160> (AB241360-E685-4A97-A1F8-02CE4FD71C61)
2026-07-15 20:42:34.354 Df DeepLinkFixture[83908:116365b] [com.apple.UIKit:InterfaceStyle] Should send trait collection or coordinate space update, interface style 1 -> 1, <UIWindowScene: 0x10339f160> (AB241360-E685-4A97-A1F8-02CE4FD71C61)
2026-07-15 20:42:34.354 Df DeepLinkFixture[83908:116365b] [com.apple.UIKit:InterfaceStyle] Not push traits update to screen for new style 1, <UIWindowScene: 0x10339f160> (AB241360-E685-4A97-A1F8-02CE4FD71C61)
2026-07-15 20:42:34.354 Df DeepLinkFixture[83908:116365b] [com.apple.UIKit:HomeAffordanceObservation] Initializing: <_UIHomeAffordanceSceneNotifier: 0x103a71180>; with scene: <UIWindowScene: 0x10339f160>
2026-07-15 20:42:34.355 Df DeepLinkFixture[83908:116365b] [com.apple.BacklightServices:scenes] 0x103a193b0 setDelegate:<0x103a18ed0 _UIBacklightEnvironment> hasDelegate:YES for environment:sceneID:dev.deeplinklab.fixture-default
2026-07-15 20:42:34.355 Df DeepLinkFixture[83908:116365b] [com.apple.UIKit:InterfaceStyle] Not push traits update to screen for new style 1, <UIWindowScene: 0x10339f160> (AB241360-E685-4A97-A1F8-02CE4FD71C61)
2026-07-15 20:42:34.355 Df DeepLinkFixture[83908:116365b] [com.apple.UIKit:EventDeferring] [0x103a71500] Initialized with scene: <UIWindowScene: 0x10339f160>; behavior: <_UIEventDeferringBehavior_iOS: 0x103913020>; availableForProcess: 1, systemShellManagesKeyboardFocus: 1
2026-07-15 20:42:34.355 Df DeepLinkFixture[83908:116365b] [com.apple.BoardServices:XPCErrors] [C:2] Alloc com.apple.backboard.hid-services.xpc
2026-07-15 20:42:34.355 Df DeepLinkFixture[83908:116365b] [com.apple.xpc:connection] [0x10393d180] activating connection: mach=false listener=false peer=false name=(anonymous)
2026-07-15 20:42:34.358 Df DeepLinkFixture[83908:1163676] [com.apple.BackBoard:EventDelivery] BKSHIDEventObserver - connection activation
2026-07-15 20:42:34.358 Df DeepLinkFixture[83908:116365b] [com.apple.BackBoard:EventDelivery] policyStatus:<BKSHIDEventDeliveryPolicyObserver: 0x103a08d80; process scope; status: target> was:none
2026-07-15 20:42:34.358 Df DeepLinkFixture[83908:116365b] [com.apple.UIKit:KeyWindow] Setting default evaluation strategy for UIUserInterfaceIdiomPhone to LastOneWins
2026-07-15 20:42:34.358 Df DeepLinkFixture[83908:116365b] [com.apple.UIKit:KeyWindow] Scene target of keyboard event deferring environment did change: 1; scene: UIWindowScene: 0x10339f160; scene identity: com.apple.frontboard.systemappservices/FBSceneManager:sceneID%3Adev.deeplinklab.fixture-default
2026-07-15 20:42:34.358 Df DeepLinkFixture[83908:116365b] [com.apple.UIKit:EventDeferring] [0x103a71500] Scene target of event deferring environments did update: scene: 0x10339f160; current systemShellManagesKeyboardFocus: 1; systemShellManagesKeyboardFocusForScene: 1; eligibleForRecordRemoval: 1;
2026-07-15 20:42:34.358 Df DeepLinkFixture[83908:116365b] [com.apple.UIKit:KeyWindow] Scene became target of keyboard event deferring environment: UIWindowScene: 0x10339f160; scene identity: com.apple.frontboard.systemappservices/FBSceneManager:sceneID%3Adev.deeplinklab.fixture-default
2026-07-15 20:42:34.358 Df DeepLinkFixture[83908:116365b] [com.apple.UIKit:KeyWindow] Stack[KeyWindow] 0x103a19950: Taking no further action for migration from LastOneWins -> SystemShellManaged as there are no scenes
2026-07-15 20:42:34.358 Df DeepLinkFixture[83908:116365b] [com.apple.UIKit:KeyWindow] Setting default evaluation strategy for UIUserInterfaceIdiomPhone to SystemShellManaged
2026-07-15 20:42:34.358 Df DeepLinkFixture[83908:116365b] [com.apple.UIKit:KeyWindow] Key window needs update: 0; currentKeyWindowScene: 0x0; evaluatedKeyWindowScene: 0x10339f160; currentApplicationKeyWindow: 0x0; evaluatedApplicationKeyWindow: 0x0; reason: UIWindowScene: 0x10339f160: Window scene became target of keyboard environment
2026-07-15 20:42:34.359 Df DeepLinkFixture[83908:116365b] [com.apple.UIKit:InterfaceStyle] Not push traits update to screen for new style 1, <UIWindowScene: 0x10339f160> (AB241360-E685-4A97-A1F8-02CE4FD71C61)
2026-07-15 20:42:34.359 Df DeepLinkFixture[83908:116365b] [com.apple.UIKit:InterfaceStyle] Not push traits update to screen for new style 1, <UIWindowScene: 0x10339f160> (AB241360-E685-4A97-A1F8-02CE4FD71C61)
2026-07-15 20:42:34.361 Df DeepLinkFixture[83908:116365b] [com.apple.UIKit:InterfaceStyle] Not push traits update to screen for new style 1, <UIWindowScene: 0x10339f160> (AB241360-E685-4A97-A1F8-02CE4FD71C61)
2026-07-15 20:42:34.361 F  DeepLinkFixture[83908:116365b] [com.apple.runtime-issues:UIKit App Config] `UIScene` lifecycle will soon be required. Failure to adopt will result in an assert in the future.
2026-07-15 20:42:34.361 A  DeepLinkFixture[83908:116365b] (libsystem_trace.dylib) Activity for state dumps
2026-07-15 20:42:34.362 Df DeepLinkFixture[83908:116365b] [com.apple.UIKit:InterfaceStyle] Not push traits update to screen for new style 1, <UIWindowScene: 0x10339f160> (AB241360-E685-4A97-A1F8-02CE4FD71C61)
2026-07-15 20:42:34.362 Df DeepLinkFixture[83908:116365b] [com.apple.UIKit:AppLifecycle] sceneOfRecord: sceneID: sceneID:dev.deeplinklab.fixture-default  persistentID: AB241360-E685-4A97-A1F8-02CE4FD71C61
2026-07-15 20:42:34.363 Df DeepLinkFixture[83908:116365b] [com.apple.UIKit:Application] Ignoring already applied deactivation reason: 5; deactivation reasons: 1056
2026-07-15 20:42:34.363 Df DeepLinkFixture[83908:116365b] [com.apple.UIKit:Application] Deactivation reason added: 11; deactivation reasons: 1056 -> 3104; animating application lifecycle event: 1
2026-07-15 20:42:34.363 Df DeepLinkFixture[83908:116365b] [com.apple.KeyboardArbiter:Client] startConnection
2026-07-15 20:42:34.364 Df DeepLinkFixture[83908:116365b] [com.apple.xpc:connection] [0x10393d900] activating connection: mach=true listener=false peer=false name=com.apple.UIKit.KeyboardManagement.hosted
2026-07-15 20:42:34.396 Df DeepLinkFixture[83908:116365b] [com.apple.UIKit:Orientation] <UIWindowScene: 0x10339f160> (AB241360-E685-4A97-A1F8-02CE4FD71C61) Scene updated orientation preferences: none -> ( Pu )
2026-07-15 20:42:34.403 Df DeepLinkFixture[83908:116365b] [com.apple.UIKit:KeyWindow] Key window API is scene-level: YES
2026-07-15 20:42:34.403 Df DeepLinkFixture[83908:116365b] [com.apple.UIKit:KeyWindow] UIWindowScene: 0x10339f160: Window became key in scene: UIWindow: 0x1039bc000; contextId: 0xF9B1CC1E: reason: UIWindowScene: 0x10339f160: Window requested to become key in scene: 0x1039bc000
2026-07-15 20:42:34.403 Df DeepLinkFixture[83908:116365b] [com.apple.UIKit:KeyWindow] Key window needs update: 1; currentKeyWindowScene: 0x0; evaluatedKeyWindowScene: 0x10339f160; currentApplicationKeyWindow: 0x0; evaluatedApplicationKeyWindow: 0x1039bc000; reason: UIWindowScene: 0x10339f160: Window requested to become key in scene: 0x1039bc000
2026-07-15 20:42:34.403 Df DeepLinkFixture[83908:116365b] [com.apple.UIKit:KeyWindow] Window did become application key: UIWindow: 0x1039bc000; contextId: 0xF9B1CC1E; scene identity: com.apple.frontboard.systemappservices/FBSceneManager:sceneID%3Adev.deeplinklab.fixture-default
2026-07-15 20:42:34.403 Df DeepLinkFixture[83908:116365b] [com.apple.UIKit:EventDeferring] [0x103a71500] Begin local event deferring requested for token: 0x103a092c0; environments: 1; reason: UIWindowScene: 0x10339f160: Begin event deferring in keyboardFocus for window: 0x1039bc000
2026-07-15 20:42:34.404 Df DeepLinkFixture[83908:1163666] [com.apple.BackBoard:EventDelivery] BKSHIDEventDeliveryManager - connection activation
2026-07-15 20:42:34.407 Df DeepLinkFixture[83908:1163666] [com.apple.BackBoard:EventDelivery] policyStatus:<BKSHIDEventDeliveryPolicyObserver: 0x103a08d80; token: com.apple.frontboard.systemappservices/FBSceneManager:sceneID%3Adev.deeplinklab.fixture-default; status: ancestor> was:target
2026-07-15 20:42:34.408 Df DeepLinkFixture[83908:116365b] (Foundation) DEEPLINKLAB_DESTINATION=home
2026-07-15 20:42:34.411 Df DeepLinkFixture[83908:116365b] (Foundation) DEEPLINKLAB_DESTINATION=user/admin
2026-07-15 20:42:34.414 Df DeepLinkFixture[83908:116365b] (Foundation) DEEPLINKLAB_DESTINATION=user/admin
2026-07-15 20:42:34.414 Df DeepLinkFixture[83908:116365b] [com.apple.UIKit:Application] Deactivation reason removed: 10; deactivation reasons: 3104 -> 2080; animating application lifecycle event: 1
2026-07-15 20:42:34.415 Df DeepLinkFixture[83908:116365b] [com.apple.UIKit:Application] Deactivation reason added: 12; deactivation reasons: 2080 -> 6176; animating application lifecycle event: 1
2026-07-15 20:42:34.415 Df DeepLinkFixture[83908:116365b] [com.apple.UIKit:Application] Deactivation reason removed: 11; deactivation reasons: 6176 -> 4128; animating application lifecycle event: 1
2026-07-15 20:42:34.415 Df DeepLinkFixture[83908:116365b] [com.apple.FrontBoard:SceneExtension] Realizing settings extension <_UISceneIntelligenceSupportSettings> on FBSSceneSettings
2026-07-15 20:42:34.416 Df DeepLinkFixture[83908:1163666] [com.apple.UIIntelligenceSupport:xpc] establishing connection to agent
2026-07-15 20:42:34.416 Df DeepLinkFixture[83908:1163666] [com.apple.xpc:session] [0x1039c5f90] Session created.
2026-07-15 20:42:34.416 Df DeepLinkFixture[83908:1163666] [com.apple.xpc:session] [0x1039c5f90] Session created from connection [0x103b6c8c0]
2026-07-15 20:42:34.416 Df DeepLinkFixture[83908:1163666] [com.apple.xpc:connection] [0x103b6c8c0] activating connection: mach=true listener=false peer=false name=com.apple.uiintelligencesupport.agent
2026-07-15 20:42:34.416 Df DeepLinkFixture[83908:1163666] [com.apple.xpc:session] [0x1039c5f90] Session activated
2026-07-15 20:42:34.417 Df DeepLinkFixture[83908:116365b] [com.apple.UIKit:InterfaceStyle] Not push traits update to screen for new style 1, <UIWindowScene: 0x10339f160> (AB241360-E685-4A97-A1F8-02CE4FD71C61)
2026-07-15 20:42:34.449 A  DeepLinkFixture[83908:1163666] (RunningBoardServices) didChangeInheritances
2026-07-15 20:42:34.451 Df DeepLinkFixture[83908:116365b] [com.apple.xpc:connection] [0x103b6c280] activating connection: mach=true listener=false peer=false name=com.apple.lsd.mapdb
2026-07-15 20:42:34.456 A  DeepLinkFixture[83908:116367b] (RunningBoardServices) didChangeInheritances
2026-07-15 20:42:34.471 Df DeepLinkFixture[83908:116365b] [com.apple.network:activity] Create activity from XPC object <nw_activity 50:1 [54FA3988-C315-416A-98BC-368FB1099752] (reporting strategy default)>
2026-07-15 20:42:34.471 Df DeepLinkFixture[83908:116365b] [com.apple.network:activity] Create activity from XPC object <nw_activity 50:2 [387CFA18-E086-4BCB-8580-12572B71183F] (reporting strategy default)>
2026-07-15 20:42:34.471 Df DeepLinkFixture[83908:116365b] [com.apple.network:activity] Set activity <nw_activity 50:1 [54FA3988-C315-416A-98BC-368FB1099752] (reporting strategy default)> as the global parent
2026-07-15 20:42:34.471 Df DeepLinkFixture[83908:116365b] [com.apple.UIKit:BackgroundTask] Ending background task with UIBackgroundTaskIdentifier: 1
2026-07-15 20:42:34.471 Df DeepLinkFixture[83908:116365b] [com.apple.UIKit:BackgroundTask] Ending task with identifier 1 and description: <_UIBackgroundTaskInfo: 0x103844f40>: taskID = 1, taskName = Launch Background Task for Coalescing, creationTime = 423977 (elapsed = 1), _expireHandler: (null)
2026-07-15 20:42:34.472 Df DeepLinkFixture[83908:116365b] [com.apple.UIKit:BackgroundTask] Decrementing reference count for assertion <BKSProcessAssertion: 0x10339ea20> (used by background task with identifier 1: <_UIBackgroundTaskInfo: 0x103844f40>: taskID = 1, taskName = Launch Background Task for Coalescing, creationTime = 423977 (elapsed = 1))
2026-07-15 20:42:34.472 Df DeepLinkFixture[83908:116365b] [com.apple.UIKit:UpdateScheduler] Target list changed: <CADisplay:LCD PurpleMain>
2026-07-15 20:42:34.473 Df DeepLinkFixture[83908:116365b] [com.apple.UIKit:AppLifecycle] sceneOfRecord: sceneID: sceneID:dev.deeplinklab.fixture-default  persistentID: AB241360-E685-4A97-A1F8-02CE4FD71C61
2026-07-15 20:42:34.473 Df DeepLinkFixture[83908:116365b] [com.apple.UIKit:InterfaceStyle] Not push traits update to screen for new style 1, <UIWindowScene: 0x10339f160> (AB241360-E685-4A97-A1F8-02CE4FD71C61)
2026-07-15 20:42:34.473 Df DeepLinkFixture[83908:116365b] [com.apple.UIKit:EventDeferring] [0x103a71500] Scene target of event deferring environments did update: scene: 0x10339f160; current systemShellManagesKeyboardFocus: 1; systemShellManagesKeyboardFocusForScene: 1; eligibleForRecordRemoval: 1;
2026-07-15 20:42:34.474 Sd DeepLinkFixture[83908:0] (21AB2359-DEEC-3444-94FE-B7257E43BE34) IOHIDManager State
{
    DispatchQueue = 0;
    RunLoop = 1;
    createOptions = 0;
    isOpen = 0;
    openOptions = 0;
}
2026-07-15 20:42:34.474 Df DeepLinkFixture[83908:116365b] [com.apple.UIKit:KeyWindow] Scene became target of keyboard event deferring environment: UIWindowScene: 0x10339f160; scene identity: com.apple.frontboard.systemappservices/FBSceneManager:sceneID%3Adev.deeplinklab.fixture-default
2026-07-15 20:42:34.475 Df DeepLinkFixture[83908:116365b] [com.apple.UIKit:InterfaceStyle] Not push traits update to screen for new style 1, <UIWindowScene: 0x10339f160> (AB241360-E685-4A97-A1F8-02CE4FD71C61)
2026-07-15 20:42:34.475 Df DeepLinkFixture[83908:116365b] [com.apple.UIKit:AppLifecycle] sceneOfRecord: sceneID: sceneID:dev.deeplinklab.fixture-default  persistentID: AB241360-E685-4A97-A1F8-02CE4FD71C61
2026-07-15 20:42:34.475 Df DeepLinkFixture[83908:116365b] [com.apple.UIKit:Application] Deactivation reason removed: 12; deactivation reasons: 4128 -> 32; animating application lifecycle event: 1
2026-07-15 20:42:34.475 Df DeepLinkFixture[83908:116365b] [com.apple.KeyboardArbiter:Client] Send setDeactivating: N (-DeactivationReason:SuspendedEventsOnly)
2026-07-15 20:42:34.476 Df DeepLinkFixture[83908:116365b] [com.apple.UIKit:Application] Deactivation reason removed: 5; deactivation reasons: 32 -> 0; animating application lifecycle event: 0
2026-07-15 20:42:34.477 Df DeepLinkFixture[83908:116365b] [com.apple.KeyboardArbiter:Client] startConnection
2026-07-15 20:42:34.477 Df DeepLinkFixture[83908:116365b] [com.apple.KeyboardArbiter:Client] handleKeyboardChange: set currentKeyboard:N (wasKeyboard:N)
2026-07-15 20:42:34.487 Df DeepLinkFixture[83908:116365b] [com.apple.UIKit:KeyboardSceneDelegate] forceReloadInputViews
2026-07-15 20:42:34.487 Df DeepLinkFixture[83908:116365b] [com.apple.UIKit:KeyboardSceneDelegate] Reloading input views for key-window scene responder: <(null): 0x0; > force:Y
2026-07-15 20:42:34.488 Df DeepLinkFixture[83908:116365b] [com.apple.UIKit:KeyboardArbiterClientLog] isWritingToolsHandlingKeyboardTracking:Y (WT ready:Y, Arbiter ready:Y)
2026-07-15 20:42:34.526 Df DeepLinkFixture[83908:116365b] [com.apple.network:activity] <nw_activity 50:1 [54FA3988-C315-416A-98BC-368FB1099752] (global parent) (reporting strategy default) complete (reason success)> complete with reason 2 (success), duration 673ms
2026-07-15 20:42:34.527 Df DeepLinkFixture[83908:116365b] [com.apple.network:activity] <nw_activity 50:2 [387CFA18-E086-4BCB-8580-12572B71183F] (reporting strategy default) complete (reason success)> complete with reason 2 (success), duration 673ms
2026-07-15 20:42:34.527 Df DeepLinkFixture[83908:116365b] [com.apple.network:activity] Unsetting the global parent activity <nw_activity 50:1 [54FA3988-C315-416A-98BC-368FB1099752] (global parent) (reporting strategy default) complete (reason success)>
2026-07-15 20:42:34.527 Df DeepLinkFixture[83908:116365b] [com.apple.network:activity] Unset the global parent activity
2026-07-15 20:42:34.527 Df DeepLinkFixture[83908:116365b] [com.apple.app_launch_measurement:ApplicationLaunch] alm_release_pageins_recording_assertion: releasing pageins recording assertion
2026-07-15 20:42:34.558 A  DeepLinkFixture[83908:1163676] (RunningBoardServices) didChangeInheritances
2026-07-15 20:42:34.867 Df DeepLinkFixture[83908:116365b] [com.apple.Accessibility:AXCommon] Read Per-App on Init: Smart invert = (null)
2026-07-15 20:42:34.869 Df DeepLinkFixture[83908:1163664] [com.apple.UIKit:BackgroundTask] Ending background task with UIBackgroundTaskIdentifier: 2
2026-07-15 20:42:34.869 Df DeepLinkFixture[83908:1163664] [com.apple.UIKit:BackgroundTask] Ending task with identifier 2 and description: <_UIBackgroundTaskInfo: 0x103a6ce80>: taskID = 2, taskName = Persistent SceneSession Map Update, creationTime = 423977 (elapsed = 1), _expireHandler: <__NSGlobalBlock__: 0x1e78c84e8>
2026-07-15 20:42:34.869 Df DeepLinkFixture[83908:1163664] [com.apple.UIKit:BackgroundTask] Decrementing reference count for assertion <BKSProcessAssertion: 0x10339ea20> (used by background task with identifier 2: <_UIBackgroundTaskInfo: 0x103a6ce80>: taskID = 2, taskName = Persistent SceneSession Map Update, creationTime = 423977 (elapsed = 1))
2026-07-15 20:42:34.869 Df DeepLinkFixture[83908:1163664] [com.apple.UIKit:BackgroundTask] Will invalidate assertion: <BKSProcessAssertion: 0x10339ea20> for task identifier: 2
2026-07-15 20:42:35.464 A  DeepLinkFixture[83908:1163666] (RunningBoardServices) didChangeInheritances
