07-15 13:01:02.414   714  2120 I ActivityManager: Force stopping dev.deeplinklab.fixture appid=10178 user=0: from pid 12413
07-15 13:01:02.419   714  2120 I ActivityManager: Killing 12369:dev.deeplinklab.fixture/u0a178 (adj 0): stop dev.deeplinklab.fixture due to from pid 12413
07-15 13:01:02.420   714  2120 W ActivityTaskManager: Force removing ActivityRecord{2484799 u0 dev.deeplinklab.fixture/.MainActivity t163 f}}: app died, no saved state
07-15 13:01:02.422  3772  3788 V WindowManagerShell: Transition requested (#325): android.os.BinderProxy@bdc356e TransitionRequestInfo { type = CLOSE, triggerTask = TaskInfo{userId=0 taskId=163 effectiveUid=10178 displayId=0 isRunning=false baseIntent=Intent { flg=0x10000000 cmp=dev.deeplinklab.fixture/.MainActivity } baseActivity=null topActivity=null origActivity=null realActivity=ComponentInfo{dev.deeplinklab.fixture/dev.deeplinklab.fixture.MainActivity} numActivities=0 lastActiveTime=3463302 supportsMultiWindow=true resizeMode=1 isResizeable=true minWidth=-1 minHeight=-1 defaultMinSize=220 token=WCT{android.window.IWindowContainerToken$Stub$Proxy@61e740f} topActivityType=1 pictureInPictureParams=null shouldDockBigOverlays=false launchIntoPipHostTaskId=-1 lastParentTaskIdBeforePip=-1 displayCutoutSafeInsets=Rect(0, 0 - 0, 0) topActivityInfo=null launchCookies=[] positionInParent=Point(0, 0) parentTaskId=-1 isFocused=true isVisible=true isVisibleRequested=true isTopActivityNoDisplay=false isSleeping=false locusId=null displayAreaFeatureId=1 isTopActivityTransparent=false isActivityStackTransparent=true lastNonFullscreenBounds=Rect(178, 434 - 543, 1154) capturedLink=null capturedLinkTimestamp=0 requestedVisibleTypes=-9 topActivityRequestOpenInBrowserEducationTimestamp=0 appCompatTaskInfo=AppCompatTaskInfo { topActivityInSizeCompat=false eligibleForLetterboxEducation= false isLetterboxEducationEnabled= false isLetterboxDoubleTapEnabled= false eligibleForUserAspectRatioButton= false topActivityBoundsLetterboxed= false isFromLetterboxDoubleTap= false topActivityLetterboxVerticalPosition= -1 topActivityLetterboxHorizontalPosition= -1 topActivityLetterboxWidth=-1 topActivityLetterboxHeight=-1 topActivityAppBounds=Rect(0, 0 - 0, 0) isUserFullscreenOverrideEnabled=false isSystemFullscreenOverrideEnabled=false hasMinAspectRatioOverride=false topActivityLetterboxBounds=null cameraCompatTaskInfo=CameraCompatTaskInfo { freeformCameraCompatMode=undefined}} topActivityMainWindowFrame=null}, pipChange = null, remoteTransition = null, displayChange = null, flags = 0, debugId = 325 }
07-15 13:01:02.435   714  2120 I AppsFilter: interaction: PackageSetting{666a380 dev.deeplinklab.candidate/10177} -> PackageSetting{2426f19 dev.deeplinklab.fixture/10178} BLOCKED
07-15 13:01:02.440   714   855 W InputDispatcher: channel 'd86bc70 dev.deeplinklab.fixture/dev.deeplinklab.fixture.MainActivity' ~ Consumer closed input channel or an error occurred.  events=0x9
07-15 13:01:02.440   714   855 E InputDispatcher: channel 'd86bc70 dev.deeplinklab.fixture/dev.deeplinklab.fixture.MainActivity' ~ Channel is unrecoverably broken and will be disposed!
07-15 13:01:02.440   714   855 I WindowManager: WINDOW DIED Window{d86bc70 u0 dev.deeplinklab.fixture/dev.deeplinklab.fixture.MainActivity}
07-15 13:01:02.441   714  1103 I AppWidgetServiceImpl: Updating package stopped masked state for uid 10178 package dev.deeplinklab.fixture isStopped true
07-15 13:01:02.442   714  2081 V ActivityManager: Got obituary of 12369:dev.deeplinklab.fixture
07-15 13:01:02.447   714  2081 I ImeTracker: dev.deeplinklab.fixture:79c5d31a: onRequestHide at ORIGIN_SERVER reason HIDE_REMOVE_CLIENT fromUser false
07-15 13:01:02.448   714  2081 I ImeTracker: dev.deeplinklab.fixture:79c5d31a: onCancelled at PHASE_SERVER_SHOULD_HIDE
07-15 13:01:02.464  2805  2805 D CarrierSvcBindHelper: onHandleForceStop: [dev.deeplinklab.fixture]
07-15 13:01:02.473   714  2120 I WindowManager: WIN DEATH: Window{d86bc70 u0 dev.deeplinklab.fixture/dev.deeplinklab.fixture.MainActivity EXITING}
07-15 13:01:02.513   714   752 W ActivityTaskManager: Unable to send transaction to client proc dev.deeplinklab.fixture: no app thread
07-15 13:01:02.540   714  2120 I ActivityTaskManager: Add Task{93e1f0c #163 type=standard A=10178:dev.deeplinklab.fixture} to hidden list because adding Task{bb800cb #164 type=standard A=10178:dev.deeplinklab.fixture}
07-15 13:01:02.541   714  2120 I ActivityTaskManager: START u0 {flg=0x10000000 xflg=0x5 cmp=dev.deeplinklab.fixture/.MainActivity} with LAUNCH_SINGLE_TASK from uid 2000 (BAL_ALLOW_PERMISSION) result code=0
07-15 13:01:02.593   714  1779 I AppsFilter: interaction: PackageSetting{666a380 dev.deeplinklab.candidate/10177} -> PackageSetting{48e37f2 dev.deeplinklab.fixture/10178} BLOCKED
07-15 13:01:02.595   714   760 I ActivityManager: Start proc 12422:dev.deeplinklab.fixture/u0a178 for next-top-activity {dev.deeplinklab.fixture/dev.deeplinklab.fixture.MainActivity}
07-15 13:01:02.656   714  1103 I AppWidgetServiceImpl: Updating package stopped masked state for uid 10178 package dev.deeplinklab.fixture isStopped false
07-15 13:01:02.802 12422 12422 D nativeloader: Configuring clns-9 for other apk /data/app/~~sX3jz8EfSxI_ar-I9XWptA==/dev.deeplinklab.fixture-TsC6okcLGDy4pQQEhpwFNA==/base.apk. target_sdk_version=36, uses_libraries=, library_path=/data/app/~~sX3jz8EfSxI_ar-I9XWptA==/dev.deeplinklab.fixture-TsC6okcLGDy4pQQEhpwFNA==/lib/arm64, permitted_path=/data:/mnt/expand:/data/user/0/dev.deeplinklab.fixture
07-15 13:01:02.823 12422 12422 V GraphicsEnvironment: dev.deeplinklab.fixture is not listed in per-application setting
07-15 13:01:02.825 12422 12422 V GraphicsEnvironment: dev.deeplinklab.fixture is not listed in ANGLE allowlist or settings, returning default
07-15 13:01:02.948   714   748 V WindowManager: Sent Transition (#325) createdAt=07-15 13:01:02.421 via request=TransitionRequestInfo { type = CLOSE, triggerTask = TaskInfo{userId=0 taskId=163 effectiveUid=10178 displayId=0 isRunning=false baseIntent=Intent { flg=0x10000000 cmp=dev.deeplinklab.fixture/.MainActivity } baseActivity=null topActivity=null origActivity=null realActivity=ComponentInfo{dev.deeplinklab.fixture/dev.deeplinklab.fixture.MainActivity} numActivities=0 lastActiveTime=3463302 supportsMultiWindow=true resizeMode=1 isResizeable=true minWidth=-1 minHeight=-1 defaultMinSize=220 token=WCT{RemoteToken{39bc817 Task{93e1f0c #163 type=standard A=10178:dev.deeplinklab.fixture}}} topActivityType=1 pictureInPictureParams=null shouldDockBigOverlays=false launchIntoPipHostTaskId=-1 lastParentTaskIdBeforePip=-1 displayCutoutSafeInsets=Rect(0, 0 - 0, 0) topActivityInfo=null launchCookies=[] positionInParent=Point(0, 0) parentTaskId=-1 isFocused=true isVisible=true isVisibleRequested=true isTopActivityNoDisplay=false isSleeping=false locusId=null displayAreaFeatureId=1 isTopActivityTransparent=false isActivityStackTransparent=true lastNonFullscreenBounds=Rect(178, 434 - 543, 1154) capturedLink=null capturedLinkTimestamp=0 requestedVisibleTypes=-9 topActivityRequestOpenInBrowserEducationTimestamp=0 appCompatTaskInfo=AppCompatTaskInfo { topActivityInSizeCompat=false eligibleForLetterboxEducation= false isLetterboxEducationEnabled= false isLetterboxDoubleTapEnabled= false eligibleForUserAspectRatioButton= false topActivityBoundsLetterboxed= false isFromLetterboxDoubleTap= false topActivityLetterboxVerticalPosition= -1 topActivityLetterboxHorizontalPosition= -1 topActivityLetterboxWidth=-1 topActivityLetterboxHeight=-1 topActivityAppBounds=Rect(0, 0 - 0, 0) isUserFullscreenOverrideEnabled=false isSystemFullscreenOverrideEnabled=false hasMinAspectRatioOverride=false topActivityLetterboxBounds=null cameraCompatTaskInfo=CameraCompatTaskInfo { freeformCameraCompatMode=undefined}} topActivityMainWindowFrame=null}, pipChange = null, remoteTransition = null, displayChange = null, flags = 0, debugId = 325 }
07-15 13:01:02.967   714   748 V WindowManager:         {WCT{RemoteToken{ecc769 Task{bb800cb #164 type=standard A=10178:dev.deeplinklab.fixture}}} m=OPEN f=MOVE_TO_TOP leash=Surface(name=Task=164)/@0x7fc816d sb=Rect(0, 0 - 720, 1600) eb=Rect(0, 0 - 720, 1600) epz=Point(720, 1600) d=0 taskParent=-1},
07-15 13:01:02.967   714   748 V WindowManager:         {WCT{RemoteToken{39bc817 Task{93e1f0c #163 type=standard A=10178:dev.deeplinklab.fixture}}} m=CLOSE f=NONE leash=Surface(name=Task=163)/@0x4715d35 sb=Rect(0, 0 - 720, 1600) eb=Rect(0, 0 - 720, 1600) epz=Point(720, 1600) d=0 taskParent=-1}
07-15 13:01:02.980   714   752 W ActivityTaskManager: Unable to send transaction to client proc dev.deeplinklab.fixture: no app thread
07-15 13:01:03.128 12422 12422 I DeepLinkFixture: DEEPLINKLAB_DESTINATION=home
07-15 13:01:03.290   714  1779 D CoreBackPreview: Window{f8c97b4 u0 dev.deeplinklab.fixture/dev.deeplinklab.fixture.MainActivity}: Setting back callback OnBackInvokedCallbackInfo{mCallback=android.window.IOnBackInvokedCallback$Stub$Proxy@fb09752, mPriority=-1, mIsAnimationCallback=false, mOverrideBehavior=0}
07-15 13:01:03.418   714   752 W ActivityTaskManager: Unable to send transaction to client proc dev.deeplinklab.fixture: no app thread
07-15 13:01:03.422   714  2063 W WindowManager: Exception thrown during dispatchAppVisibility Window{d86bc70 u0 dev.deeplinklab.fixture/dev.deeplinklab.fixture.MainActivity EXITING}
07-15 13:01:03.787   714   748 I ActivityTaskManager: Displayed dev.deeplinklab.fixture/.MainActivity for user 0: +1s253ms
07-15 13:01:03.873   714   864 I ImeTracker: dev.deeplinklab.fixture:c8279b6e: onRequestHide at ORIGIN_SERVER reason HIDE_UNSPECIFIED_WINDOW fromUser false
07-15 13:01:03.886 12422 12422 I ImeTracker: dev.deeplinklab.fixture:c8279b6e: onCancelled at PHASE_CLIENT_ALREADY_HIDDEN
07-15 13:01:04.588   714  2331 I ActivityTaskManager: START u0 {act=android.intent.action.VIEW cat=[android.intent.category.BROWSABLE] dat=deeplinklab://good/... flg=0x10000000 xflg=0x4 cmp=dev.deeplinklab.fixture/.MainActivity} with LAUNCH_SINGLE_TASK from uid 2000 (BAL_ALLOW_PERMISSION) result code=2
07-15 13:01:04.636 12422 12422 I DeepLinkFixture: DEEPLINKLAB_DESTINATION=inbox
07-15 13:01:04.645  3772  3788 D WindowManagerShell: onActivityRestartAttempt: topActivity=ComponentInfo{dev.deeplinklab.fixture/dev.deeplinklab.fixture.MainActivity}, wasVisible=true
07-15 13:01:05.055   714   864 I ImeTracker: dev.deeplinklab.fixture:45dcf5e: onRequestHide at ORIGIN_SERVER reason HIDE_SAME_WINDOW_FOCUSED_WITHOUT_EDITOR fromUser false
07-15 13:01:05.073 12422 12422 I ImeTracker: dev.deeplinklab.fixture:45dcf5e: onCancelled at PHASE_CLIENT_ALREADY_HIDDEN
