$ $HOME/Library/Android/sdk/platform-tools/adb -s emulator-5554 install --no-incremental -r -t fixtures/android/build/DeepLinkFixture.apk
Performing Streamed Install
Success
[exit 0]
$ $HOME/Library/Android/sdk/platform-tools/adb -s emulator-5554 shell run-as dev.deeplinklab.fixture rm -f files/destination.txt
[exit 0]
$ $HOME/Library/Android/sdk/platform-tools/adb -s emulator-5554 logcat -c
[exit 0]
$ $HOME/Library/Android/sdk/platform-tools/adb -s emulator-5554 shell am force-stop dev.deeplinklab.fixture
[exit 0]
$ $HOME/Library/Android/sdk/platform-tools/adb -s emulator-5554 shell am start -W -a android.intent.action.VIEW -c android.intent.category.BROWSABLE -d deeplinklab://good/product/42
Starting: Intent { act=android.intent.action.VIEW cat=[android.intent.category.BROWSABLE] dat=deeplinklab://good/... }
Status: ok
LaunchState: COLD
Activity: dev.deeplinklab.fixture/.MainActivity
TotalTime: 1528
WaitTime: 1590
Complete
[exit 0]
$ $HOME/Library/Android/sdk/platform-tools/adb -s emulator-5554 exec-out screencap -p
[exit 0]
$ $HOME/Library/Android/sdk/platform-tools/adb -s emulator-5554 logcat -d -v threadtime
[exit 0]
$ $HOME/Library/Android/sdk/platform-tools/adb -s emulator-5554 shell run-as dev.deeplinklab.fixture cat files/destination.txt
product/42
[exit 0]
