Timestamp               Ty Process[PID:TID]
2026-07-15 12:59:52.592 Df DeepLinkFixture[50719:107d1ee] (libMobileGestalt.dylib) No persisted cache on this platform.
2026-07-15 12:59:52.592 Df DeepLinkFixture[50719:107d209] [com.apple.xpc:connection] [0x104df9cc0] activating connection: mach=true listener=false peer=false name=com.apple.cfprefsd.daemon
2026-07-15 12:59:52.594 Df DeepLinkFixture[50719:107d20a] [com.apple.BoardServices:XPCErrors] [C:1] Alloc com.apple.frontboard.systemappservices
2026-07-15 12:59:52.595 Df DeepLinkFixture[50719:107d20a] [com.apple.xpc:connection] [0x104dff0f0] activating connection: mach=false listener=false peer=false name=(anonymous)
2026-07-15 12:59:52.599 Df DeepLinkFixture[50719:107d208] [com.apple.UIKit:BackgroundTask] Creating new assertion because there is no existing background assertion.
2026-07-15 12:59:52.602 A  DeepLinkFixture[50719:107d209] (CoreFoundation) Loading Preferences From User Session CFPrefsD
2026-07-15 12:59:52.606 Df DeepLinkFixture[50719:107d208] [com.apple.UIKit:BackgroundTask] Creating new background assertion
2026-07-15 12:59:52.606 Df DeepLinkFixture[50719:107d208] [com.apple.UIKit:BackgroundTask] Created new background assertion <BKSProcessAssertion: 0x104df57c0>
2026-07-15 12:59:52.606 Df DeepLinkFixture[50719:107d208] [com.apple.runningboard:connection] Initializing connection
2026-07-15 12:59:52.606 Df DeepLinkFixture[50719:107d208] [com.apple.runningboard:process] Removing all cached process handles
2026-07-15 12:59:52.606 Df DeepLinkFixture[50719:107d20b] [com.apple.runningboard:connection] Sending handshake request attempt #1 to server
2026-07-15 12:59:52.606 Df DeepLinkFixture[50719:107d20b] [com.apple.runningboard:connection] Creating connection to com.apple.runningboard
2026-07-15 12:59:52.607 Df DeepLinkFixture[50719:107d20b] [com.apple.xpc:connection] [0x105528280] activating connection: mach=true listener=false peer=false name=com.apple.runningboard
2026-07-15 12:59:52.608 Df DeepLinkFixture[50719:107d1ee] [com.apple.UIKit:Application] Deactivation reason added: 10; deactivation reasons: 0 -> 1024; animating application lifecycle event: 0
2026-07-15 12:59:52.608 A  DeepLinkFixture[50719:107d20e] (RunningBoardServices) didChangeInheritances
2026-07-15 12:59:52.609 Df DeepLinkFixture[50719:107d1ee] [com.apple.BoardServices:Injection] activating monitor for service com.apple.frontboard.open
2026-07-15 12:59:52.609 Df DeepLinkFixture[50719:107d1ee] [com.apple.BoardServices:Injection] activating monitor for service com.apple.frontboard.workspace-service
2026-07-15 12:59:52.609 Df DeepLinkFixture[50719:107d20b] [com.apple.runningboard:connection] Handshake succeeded
2026-07-15 12:59:52.609 Df DeepLinkFixture[50719:107d20b] [com.apple.runningboard:connection] Identity resolved as app<dev.deeplinklab.fixture((null))>
2026-07-15 12:59:52.611 Df DeepLinkFixture[50719:107d1ee] [com.apple.FrontBoard:Common] FBSWorkspace registering source: com.apple.frontboard.systemappservices
2026-07-15 12:59:52.611 Df DeepLinkFixture[50719:107d208] [com.apple.UIKit:BackgroundTask] Incrementing reference count for background assertion <BKSProcessAssertion: 0x104df57c0>
2026-07-15 12:59:52.612 Df DeepLinkFixture[50719:107d208] [com.apple.UIKit:BackgroundTask] Created background task <_UIBackgroundTaskInfo: 0x105440b40>: taskID = 1, taskName = Launch Background Task for Coalescing, creationTime = 396216 (elapsed = 0).
2026-07-15 12:59:52.612 Df DeepLinkFixture[50719:107d208] [com.apple.FrontBoard:SceneExtension] Realizing settings extension _UIApplicationSceneKeyboardSettings on FBSSceneSettings
2026-07-15 12:59:52.613 Df DeepLinkFixture[50719:107d1ee] [com.apple.FrontBoard:Common] FBSWorkspace connected to endpoint : <BSServiceConnectionEndpoint: 0x1054f03a0; target: com.apple.frontboard.systemappservices; service: com.apple.frontboard.workspace-service>
2026-07-15 12:59:52.613 Df DeepLinkFixture[50719:107d208] [com.apple.FrontBoard:SceneExtension] Realizing settings extension <_UISceneOcclusionSettings> on FBSSceneSettings
2026-07-15 12:59:52.613 Df DeepLinkFixture[50719:107d1ee] [com.apple.FrontBoard:Common] <FBSWorkspaceScenesClient:0x1054d8c80 com.apple.frontboard.systemappservices> attempting immediate handshake from activate
2026-07-15 12:59:52.614 Df DeepLinkFixture[50719:107d1ee] [com.apple.FrontBoard:Common] <FBSWorkspaceScenesClient:0x1054d8c80 com.apple.frontboard.systemappservices> sent handshake
2026-07-15 12:59:52.614 Df DeepLinkFixture[50719:107d208] [com.apple.FrontBoard:SceneExtension] Realizing settings extension <_UISceneInterfaceProtectionSettings> on FBSSceneSettings
2026-07-15 12:59:52.614 Df DeepLinkFixture[50719:107d1ee] [com.apple.runningboard:general] Added observer for process assertions expiration warning: <_RBSExpirationWarningClient: 0x1054f0dc0>
2026-07-15 12:59:52.614 Df DeepLinkFixture[50719:107d208] [com.apple.FrontBoard:SceneExtension] Realizing settings extension _UISceneLayoutPreferencesHostSettingsExtension on FBSSceneSettings
2026-07-15 12:59:52.615 Df DeepLinkFixture[50719:107d208] [com.apple.FrontBoard:SceneExtension] Realizing settings extension _UISceneSafeAreaSettingsExtension on FBSSceneSettings
2026-07-15 12:59:52.615 Df DeepLinkFixture[50719:107d208] [com.apple.FrontBoard:SceneExtension] Realizing settings extension _UISceneLayoutPreferenceClientSettingsExtension on FBSSceneClientSettings
2026-07-15 12:59:52.616 Df DeepLinkFixture[50719:107d208] [com.apple.FrontBoard:SceneExtension] Realizing settings extension <_UIHomeAffordanceHostSceneSettings> on FBSSceneSettings
2026-07-15 12:59:52.616 Df DeepLinkFixture[50719:107d208] [com.apple.FrontBoard:SceneExtension] Realizing settings extension _UISystemShellSceneHostingEnvironmentSettings on FBSSceneSettings
2026-07-15 12:59:52.616 Df DeepLinkFixture[50719:107d208] [com.apple.FrontBoard:SceneExtension] Realizing settings extension _UISceneRenderingEnvironmentSettings on FBSSceneSettings
2026-07-15 12:59:52.617 Df DeepLinkFixture[50719:107d208] [com.apple.FrontBoard:SceneExtension] Realizing settings extension <_UISceneRenderingEnvironmentClientSettings> on FBSSceneClientSettings
2026-07-15 12:59:52.617 Df DeepLinkFixture[50719:107d208] [com.apple.FrontBoard:SceneExtension] Realizing settings extension <_UISceneTransitioningHostSettings> on FBSSceneSettings
2026-07-15 12:59:52.618 Df DeepLinkFixture[50719:107d208] [com.apple.FrontBoard:SceneExtension] Realizing settings extension <_UISceneFocusSystemSettings> on FBSSceneSettings
2026-07-15 12:59:52.618 Df DeepLinkFixture[50719:107d208] [com.apple.FrontBoard:SceneExtension] Realizing settings extension _UISceneOrientationSettingsExtension on FBSSceneSettings
2026-07-15 12:59:52.618 Df DeepLinkFixture[50719:107d208] [com.apple.FrontBoard:SceneExtension] Realizing settings extension _UISceneOrientationClientSettingsExtension on FBSSceneClientSettings
2026-07-15 12:59:52.619 Df DeepLinkFixture[50719:107d208] [com.apple.FrontBoard:SceneExtension] Realizing settings extension _UISceneWindowingControlClientSettings on FBSSceneClientSettings
2026-07-15 12:59:52.619 Df DeepLinkFixture[50719:107d208] [com.apple.FrontBoard:SceneExtension] Realizing settings extension <_UISceneHostingContentSizePreferenceClientSettings> on FBSSceneClientSettings
2026-07-15 12:59:52.620 Df DeepLinkFixture[50719:107d1ee] [com.apple.UIKit:UIScreen] Evaluated capturing state as 0 on <UIScreen: 0x105528500> for initial
2026-07-15 12:59:52.620 Df DeepLinkFixture[50719:107d208] [com.apple.FrontBoard:SceneExtension] Realizing settings extension _UISceneHostingTraitCollectionPropagationSettings on FBSSceneSettings
2026-07-15 12:59:52.620 Df DeepLinkFixture[50719:107d1ee] [com.apple.UIKit:UIScreen] Evaluated capturing state as 0 on <UIScreen: 0x105528500> for CADisplay KVO
2026-07-15 12:59:52.620 Df DeepLinkFixture[50719:107d208] [com.apple.FrontBoard:SceneExtension] Realizing settings extension <_UISceneHostingSheetPresentationSettings> on FBSSceneSettings
2026-07-15 12:59:52.621 Df DeepLinkFixture[50719:107d208] [com.apple.FrontBoard:SceneExtension] Realizing settings extension <_UISceneHostingSheetPresentationClientSettings> on FBSSceneClientSettings
2026-07-15 12:59:52.621 Df DeepLinkFixture[50719:107d208] [com.apple.FrontBoard:SceneExtension] Realizing settings extension <_UISceneHostingEventDeferringSettings> on FBSSceneSettings
2026-07-15 12:59:52.621 Df DeepLinkFixture[50719:107d208] [com.apple.FrontBoard:SceneExtension] Realizing settings extension <UIKit__UITypedKeyValueSceneSettings> on FBSSceneSettings
2026-07-15 12:59:52.622 Df DeepLinkFixture[50719:107d208] [com.apple.FrontBoard:SceneExtension] Realizing settings extension <UIKit__UITypedKeyValueSceneSettings> on FBSSceneClientSettings
2026-07-15 12:59:52.622 Df DeepLinkFixture[50719:107d208] [com.apple.FrontBoard:SceneExtension] Realizing settings extension <_UISceneHostingViewControllerPreferencePropagationClientSettings> on FBSSceneClientSettings
2026-07-15 12:59:52.623 Df DeepLinkFixture[50719:107d208] [com.apple.FrontBoard:SceneExtension] Realizing settings extension <_UISceneZoomTransitionSettings> on FBSSceneSettings
2026-07-15 12:59:52.623 Df DeepLinkFixture[50719:107d20b] [com.apple.FrontBoard:SceneExtension] Realizing settings extension FBSSceneSettingsCore on FBSSceneSettings
2026-07-15 12:59:52.623 Df DeepLinkFixture[50719:107d1ee] [com.apple.Accessibility:AXSupportCommon] Read CategoryName: per-app = 1, category name = (null)
2026-07-15 12:59:52.624 Df DeepLinkFixture[50719:107d1ee] [com.apple.Accessibility:AXSupportCommon] Read CategoryName: per-app = 0, category name = (null)
2026-07-15 12:59:52.624 Df DeepLinkFixture[50719:107d20b] [com.apple.FrontBoard:SceneExtension] Realizing settings extension FBSSceneClientSettingsCore on FBSSceneClientSettings
2026-07-15 12:59:52.641 Df DeepLinkFixture[50719:107d20b] [com.apple.FrontBoard:SceneExtension] UIMutableApplicationSceneSettings setting counterpart class: UIApplicationSceneSettings
2026-07-15 12:59:52.642 Df DeepLinkFixture[50719:107d20b] [com.apple.FrontBoard:SceneExtension] UIMutableApplicationSceneClientSettings setting counterpart class: UIApplicationSceneClientSettings
2026-07-15 12:59:52.642 Df DeepLinkFixture[50719:107d20b] [com.apple.FrontBoard:SceneExtension] Realizing settings extension FBSSceneTransitionContextCore on FBSSceneTransitionContext
2026-07-15 12:59:52.656 Df DeepLinkFixture[50719:107d214] [com.apple.xpc:connection] [0x105528f00] activating connection: mach=true listener=false peer=false name=com.apple.fontservicesd
2026-07-15 12:59:52.664 Df DeepLinkFixture[50719:107d1ee] [com.apple.dt.xctest:Default] Registering for test daemon availability notify post.
2026-07-15 12:59:52.665 Df DeepLinkFixture[50719:107d1ee] [com.apple.dt.xctest:Default] notify_get_state check indicated test daemon not ready.
2026-07-15 12:59:52.665 Df DeepLinkFixture[50719:107d1ee] [com.apple.dt.xctest:Default] notify_get_state check indicated test daemon not ready.
2026-07-15 12:59:52.665 Df DeepLinkFixture[50719:107d1ee] [com.apple.dt.xctest:Default] notify_get_state check indicated test daemon not ready.
2026-07-15 12:59:52.668 Df DeepLinkFixture[50719:107d1ee] [com.apple.UIKit:UpdateScheduler] Selected display: name=LCD (PurpleMain), id=1
2026-07-15 12:59:52.669 Df DeepLinkFixture[50719:107d1ee] [com.apple.UIKit:EventBus] Event Timing Profile for Touch: not found, path="/System/Library/EventTimingProfiles/Sim.Touch.plist"
2026-07-15 12:59:52.670 Df DeepLinkFixture[50719:107d1ee] [com.apple.UIKit:EventBus] Event Timing Profile for Pencil: not found, path="/System/Library/EventTimingProfiles/Sim.Pencil.plist"
2026-07-15 12:59:52.670 Df DeepLinkFixture[50719:107d1ee] [com.apple.FrontBoard:SceneClient] [(FBSceneManager):sceneID:dev.deeplinklab.fixture-default] Received action(s) in scene-create: UIOpenURLAction
2026-07-15 12:59:52.673 Df DeepLinkFixture[50719:107d1ee] [com.apple.app_launch_measurement:ApplicationLaunch] alm_acquire_pageins_recording_assertion: acquired pageins recording assertion!
2026-07-15 12:59:52.674 Df DeepLinkFixture[50719:107d1ee] [com.apple.UIKit:BackgroundTask] Will add backgroundTask with taskName: Persistent SceneSession Map Update, expirationHandler: <__NSGlobalBlock__: 0x1e78c84e8>
2026-07-15 12:59:52.674 Df DeepLinkFixture[50719:107d1ee] [com.apple.UIKit:BackgroundTask] Reusing background assertion <BKSProcessAssertion: 0x104df57c0>
2026-07-15 12:59:52.674 Df DeepLinkFixture[50719:107d1ee] [com.apple.UIKit:BackgroundTask] Incrementing reference count for background assertion <BKSProcessAssertion: 0x104df57c0>
2026-07-15 12:59:52.674 Df DeepLinkFixture[50719:107d1ee] [com.apple.UIKit:BackgroundTask] Created background task <_UIBackgroundTaskInfo: 0x105648f00>: taskID = 2, taskName = Persistent SceneSession Map Update, creationTime = 396216 (elapsed = 0).
2026-07-15 12:59:52.675 Df DeepLinkFixture[50719:107d1ee] [com.apple.UIKit:Application] Deactivation reason added: 5; deactivation reasons: 1024 -> 1056; animating application lifecycle event: 1
2026-07-15 12:59:52.676 Df DeepLinkFixture[50719:107d1ee] [com.apple.UIKit:InterfaceStyle] Not push traits update to screen for new style 1, <UIWindowScene: 0x104e02960> (3D84A9CB-87ED-4007-A009-97EBC0C875C2)
2026-07-15 12:59:52.676 Df DeepLinkFixture[50719:107d1ee] [com.apple.UIKit:InterfaceStyle] Should send trait collection or coordinate space update, interface style 1 -> 1, <UIWindowScene: 0x104e02960> (3D84A9CB-87ED-4007-A009-97EBC0C875C2)
2026-07-15 12:59:52.678 Df DeepLinkFixture[50719:107d1ee] [com.apple.UIKit:InterfaceStyle] Not push traits update to screen for new style 1, <UIWindowScene: 0x104e02960> (3D84A9CB-87ED-4007-A009-97EBC0C875C2)
2026-07-15 12:59:52.678 Df DeepLinkFixture[50719:107d1ee] [com.apple.UIKit:HomeAffordanceObservation] Initializing: <_UIHomeAffordanceSceneNotifier: 0x10564d180>; with scene: <UIWindowScene: 0x104e02960>
2026-07-15 12:59:52.679 Df DeepLinkFixture[50719:107d1ee] [com.apple.BacklightServices:scenes] 0x1055e50b0 setDelegate:<0x1055e53b0 _UIBacklightEnvironment> hasDelegate:YES for environment:sceneID:dev.deeplinklab.fixture-default
2026-07-15 12:59:52.679 Df DeepLinkFixture[50719:107d1ee] [com.apple.UIKit:InterfaceStyle] Not push traits update to screen for new style 1, <UIWindowScene: 0x104e02960> (3D84A9CB-87ED-4007-A009-97EBC0C875C2)
2026-07-15 12:59:52.680 Df DeepLinkFixture[50719:107d1ee] [com.apple.UIKit:EventDeferring] [0x10564d500] Initialized with scene: <UIWindowScene: 0x104e02960>; behavior: <_UIEventDeferringBehavior_iOS: 0x1054f3040>; availableForProcess: 1, systemShellManagesKeyboardFocus: 1
2026-07-15 12:59:52.680 Df DeepLinkFixture[50719:107d1ee] [com.apple.BoardServices:XPCErrors] [C:2] Alloc com.apple.backboard.hid-services.xpc
2026-07-15 12:59:52.680 Df DeepLinkFixture[50719:107d1ee] [com.apple.xpc:connection] [0x105529180] activating connection: mach=false listener=false peer=false name=(anonymous)
2026-07-15 12:59:52.683 Df DeepLinkFixture[50719:107d20b] [com.apple.BackBoard:EventDelivery] BKSHIDEventObserver - connection activation
2026-07-15 12:59:52.683 Df DeepLinkFixture[50719:107d1ee] [com.apple.BackBoard:EventDelivery] policyStatus:<BKSHIDEventDeliveryPolicyObserver: 0x1054499e0; process scope; status: none> was:none
2026-07-15 12:59:52.684 Df DeepLinkFixture[50719:107d1ee] [com.apple.UIKit:KeyWindow] Setting default evaluation strategy for UIUserInterfaceIdiomPhone to LastOneWins
2026-07-15 12:59:52.685 Df DeepLinkFixture[50719:107d1ee] [com.apple.UIKit:InterfaceStyle] Not push traits update to screen for new style 1, <UIWindowScene: 0x104e02960> (3D84A9CB-87ED-4007-A009-97EBC0C875C2)
2026-07-15 12:59:52.685 Df DeepLinkFixture[50719:107d1ee] [com.apple.UIKit:InterfaceStyle] Not push traits update to screen for new style 1, <UIWindowScene: 0x104e02960> (3D84A9CB-87ED-4007-A009-97EBC0C875C2)
2026-07-15 12:59:52.689 Df DeepLinkFixture[50719:107d1ee] [com.apple.UIKit:InterfaceStyle] Not push traits update to screen for new style 1, <UIWindowScene: 0x104e02960> (3D84A9CB-87ED-4007-A009-97EBC0C875C2)
2026-07-15 12:59:52.689 F  DeepLinkFixture[50719:107d1ee] [com.apple.runtime-issues:UIKit App Config] `UIScene` lifecycle will soon be required. Failure to adopt will result in an assert in the future.
2026-07-15 12:59:52.689 A  DeepLinkFixture[50719:107d1ee] (libsystem_trace.dylib) Activity for state dumps
2026-07-15 12:59:52.690 Df DeepLinkFixture[50719:107d1ee] [com.apple.UIKit:InterfaceStyle] Not push traits update to screen for new style 1, <UIWindowScene: 0x104e02960> (3D84A9CB-87ED-4007-A009-97EBC0C875C2)
2026-07-15 12:59:52.690 Df DeepLinkFixture[50719:107d1ee] [com.apple.UIKit:AppLifecycle] sceneOfRecord: sceneID: sceneID:dev.deeplinklab.fixture-default  persistentID: 3D84A9CB-87ED-4007-A009-97EBC0C875C2
2026-07-15 12:59:52.691 Df DeepLinkFixture[50719:107d1ee] [com.apple.UIKit:Application] Ignoring already applied deactivation reason: 5; deactivation reasons: 1056
2026-07-15 12:59:52.691 Df DeepLinkFixture[50719:107d1ee] [com.apple.UIKit:Application] Deactivation reason added: 11; deactivation reasons: 1056 -> 3104; animating application lifecycle event: 1
2026-07-15 12:59:52.691 Df DeepLinkFixture[50719:107d1ee] [com.apple.KeyboardArbiter:Client] startConnection
2026-07-15 12:59:52.692 Df DeepLinkFixture[50719:107d1ee] [com.apple.xpc:connection] [0x1055297c0] activating connection: mach=true listener=false peer=false name=com.apple.UIKit.KeyboardManagement.hosted
2026-07-15 12:59:52.717 Df DeepLinkFixture[50719:107d1ee] [com.apple.UIKit:Orientation] <UIWindowScene: 0x104e02960> (3D84A9CB-87ED-4007-A009-97EBC0C875C2) Scene updated orientation preferences: none -> ( Pu )
2026-07-15 12:59:52.732 Df DeepLinkFixture[50719:107d1ee] [com.apple.UIKit:KeyWindow] Key window API is scene-level: YES
2026-07-15 12:59:52.732 Df DeepLinkFixture[50719:107d1ee] [com.apple.UIKit:KeyWindow] UIWindowScene: 0x104e02960: Window became key in scene: UIWindow: 0x105580000; contextId: 0xBC0A7E09: reason: UIWindowScene: 0x104e02960: Window requested to become key in scene: 0x105580000
2026-07-15 12:59:52.732 Df DeepLinkFixture[50719:107d1ee] [com.apple.UIKit:KeyWindow] Key window needs update: 1; currentKeyWindowScene: 0x0; evaluatedKeyWindowScene: 0x104e02960; currentApplicationKeyWindow: 0x0; evaluatedApplicationKeyWindow: 0x105580000; reason: UIWindowScene: 0x104e02960: Window requested to become key in scene: 0x105580000
2026-07-15 12:59:52.732 Df DeepLinkFixture[50719:107d1ee] [com.apple.UIKit:KeyWindow] Window did become application key: UIWindow: 0x105580000; contextId: 0xBC0A7E09; scene identity: com.apple.frontboard.systemappservices/FBSceneManager:sceneID%3Adev.deeplinklab.fixture-default
2026-07-15 12:59:52.733 Df DeepLinkFixture[50719:107d1ee] [com.apple.UIKit:EventDeferring] [0x10564d500] Begin local event deferring requested for token: 0x10544bc00; environments: 1; reason: UIWindowScene: 0x104e02960: Begin event deferring in keyboardFocus for window: 0x105580000
2026-07-15 12:59:52.734 Df DeepLinkFixture[50719:107d20b] [com.apple.BackBoard:EventDelivery] BKSHIDEventDeliveryManager - connection activation
2026-07-15 12:59:52.743 Df DeepLinkFixture[50719:107d1ee] (Foundation) DEEPLINKLAB_DESTINATION=home
2026-07-15 12:59:52.746 Df DeepLinkFixture[50719:107d1ee] (Foundation) DEEPLINKLAB_DESTINATION=home
2026-07-15 12:59:52.751 Df DeepLinkFixture[50719:107d1ee] (Foundation) DEEPLINKLAB_DESTINATION=home
2026-07-15 12:59:52.751 Df DeepLinkFixture[50719:107d1ee] [com.apple.UIKit:Application] Deactivation reason removed: 10; deactivation reasons: 3104 -> 2080; animating application lifecycle event: 1
2026-07-15 12:59:52.752 E  DeepLinkFixture[50719:107d1ee] [com.apple.Foundation:general] *** Assertion failure in -[UIApplication _runWithMainScene:transitionContext:completion:], UIApplication.m:4988
2026-07-15 12:59:52.763 Df DeepLinkFixture[50719:107d20e] [com.apple.BackBoard:EventDelivery] policyStatus:<BKSHIDEventDeliveryPolicyObserver: 0x1054499e0; token: com.apple.frontboard.systemappservices/FBSceneManager:sceneID%3Adev.deeplinklab.fixture-default; status: ancestor> was:none
2026-07-15 12:59:52.775 Df DeepLinkFixture[50719:107d1ee] (CoreFoundation) *** Terminating app due to uncaught exception 'NSInternalInconsistencyException', reason: 'Application windows are expected to have a root view controller at the end of application launch'
*** First throw call stack:
(
	0   CoreFoundation                      0x00000001804c3dec __exceptionPreprocess + 172
	1   libobjc.A.dylib                     0x0000000180063438 objc_exception_throw + 72
	2   Foundation                          0x0000000181075818 _userInfoForFileAndLine + 0
	3   UIKitCore                           0x00000001864a885c -[UIApplication _runWithMainScene:transitionContext:completion:] + 1420
	4   UIKitCore                           0x00000001859a41e8 -[_UISceneLifecycleMultiplexer completeApplicationLaunchWithFBSScene:transitionContext:] + 88
	5   UIKitCore                           0x0000000185fafa28 _UIScenePerformActionsWithLifecycleActionMask + 96
	6   UIKitCore                           0x00000001859a4a8c __101-[_UISceneLifecycleMultiplexer _evalTransitionToSettings:fromSettings:fo<…>
