07-15 12:42:26.809   714  2066 I ActivityManager: Force stopping dev.deeplinklab.fixture appid=10160 user=0: from pid 6764
07-15 12:42:26.813   714  2066 I ActivityManager: Killing 6720:dev.deeplinklab.fixture/u0a160 (adj 0): stop dev.deeplinklab.fixture due to from pid 6764
07-15 12:42:26.817   714  2066 W ActivityTaskManager: Force removing ActivityRecord{66612976 u0 dev.deeplinklab.fixture/.MainActivity t63 f}}: app died, no saved state
07-15 12:42:26.820  3772  3788 V WindowManagerShell: Transition requested (#125): android.os.BinderProxy@51fc443 TransitionRequestInfo { type = CLOSE, triggerTask = TaskInfo{userId=0 taskId=63 effectiveUid=10160 displayId=0 isRunning=false baseIntent=Intent { flg=0x10000000 cmp=dev.deeplinklab.fixture/.MainActivity } baseActivity=null topActivity=null origActivity=null realActivity=ComponentInfo{dev.deeplinklab.fixture/dev.deeplinklab.fixture.MainActivity} numActivities=0 lastActiveTime=2347534 supportsMultiWindow=true resizeMode=1 isResizeable=true minWidth=-1 minHeight=-1 defaultMinSize=220 token=WCT{android.window.IWindowContainerToken$Stub$Proxy@b252ac0} topActivityType=1 pictureInPictureParams=null shouldDockBigOverlays=false launchIntoPipHostTaskId=-1 lastParentTaskIdBeforePip=-1 displayCutoutSafeInsets=Rect(0, 0 - 0, 0) topActivityInfo=null launchCookies=[] positionInParent=Point(0, 0) parentTaskId=-1 isFocused=true isVisible=true isVisibleRequested=true isTopActivityNoDisplay=false isSleeping=false locusId=null displayAreaFeatureId=1 isTopActivityTransparent=false isActivityStackTransparent=true lastNonFullscreenBounds=Rect(178, 434 - 543, 1154) capturedLink=null capturedLinkTimestamp=0 requestedVisibleTypes=-9 topActivityRequestOpenInBrowserEducationTimestamp=0 appCompatTaskInfo=AppCompatTaskInfo { topActivityInSizeCompat=false eligibleForLetterboxEducation= false isLetterboxEducationEnabled= false isLetterboxDoubleTapEnabled= false eligibleForUserAspectRatioButton= false topActivityBoundsLetterboxed= false isFromLetterboxDoubleTap= false topActivityLetterboxVerticalPosition= -1 topActivityLetterboxHorizontalPosition= -1 topActivityLetterboxWidth=-1 topActivityLetterboxHeight=-1 topActivityAppBounds=Rect(0, 0 - 0, 0) isUserFullscreenOverrideEnabled=false isSystemFullscreenOverrideEnabled=false hasMinAspectRatioOverride=false topActivityLetterboxBounds=null cameraCompatTaskInfo=CameraCompatTaskInfo { freeformCameraCompatMode=undefined}} topActivityMainWindowFrame=null}, pipChange = null, remoteTransition = null, displayChange = null, flags = 0, debugId = 125 }
07-15 12:42:26.842   714   855 W InputDispatcher: channel 'f448b0a dev.deeplinklab.fixture/dev.deeplinklab.fixture.MainActivity' ~ Consumer closed input channel or an error occurred.  events=0x9
07-15 12:42:26.842   714   855 E InputDispatcher: channel 'f448b0a dev.deeplinklab.fixture/dev.deeplinklab.fixture.MainActivity' ~ Channel is unrecoverably broken and will be disposed!
07-15 12:42:26.843   714   855 I WindowManager: WINDOW DIED Window{f448b0a u0 dev.deeplinklab.fixture/dev.deeplinklab.fixture.MainActivity}
07-15 12:42:26.847   714  1813 I WindowManager: WIN DEATH: Window{f448b0a u0 dev.deeplinklab.fixture/dev.deeplinklab.fixture.MainActivity EXITING}
07-15 12:42:26.848   714  1813 I ImeTracker: dev.deeplinklab.fixture:f369fa0b: onRequestHide at ORIGIN_SERVER reason HIDE_REMOVE_CLIENT fromUser false
07-15 12:42:26.848   714  1813 I ImeTracker: dev.deeplinklab.fixture:f369fa0b: onCancelled at PHASE_SERVER_SHOULD_HIDE
07-15 12:42:26.849   714  2089 V ActivityManager: Got obituary of 6720:dev.deeplinklab.fixture
07-15 12:42:26.906   714  1103 I AppWidgetServiceImpl: Updating package stopped masked state for uid 10160 package dev.deeplinklab.fixture isStopped true
07-15 12:42:26.908  2805  2805 D CarrierSvcBindHelper: onHandleForceStop: [dev.deeplinklab.fixture]
07-15 12:42:26.967   714   752 W ActivityTaskManager: Unable to send transaction to client proc dev.deeplinklab.fixture: no app thread
07-15 12:42:27.134   714  2083 I ActivityTaskManager: Add Task{348c69 #63 type=standard A=10160:dev.deeplinklab.fixture} to hidden list because adding Task{ba977be #64 type=standard A=10160:dev.deeplinklab.fixture}
07-15 12:42:27.136   714  2083 I ActivityTaskManager: START u0 {flg=0x10000000 xflg=0x5 cmp=dev.deeplinklab.fixture/.MainActivity} with LAUNCH_SINGLE_TASK from uid 2000 (BAL_ALLOW_PERMISSION) result code=0
07-15 12:42:27.202   714   760 I ActivityManager: Start proc 6773:dev.deeplinklab.fixture/u0a160 for next-top-activity {dev.deeplinklab.fixture/dev.deeplinklab.fixture.MainActivity}
07-15 12:42:27.507   714  1103 I AppWidgetServiceImpl: Updating package stopped masked state for uid 10160 package dev.deeplinklab.fixture isStopped false
07-15 12:42:28.004  6773  6773 D nativeloader: Configuring clns-9 for other apk /data/app/~~Lg_g6E3RH7R05lEVwmF9Dg==/dev.deeplinklab.fixture-nNTq8F438c0a1qWiiB9P-A==/base.apk. target_sdk_version=36, uses_libraries=, library_path=/data/app/~~Lg_g6E3RH7R05lEVwmF9Dg==/dev.deeplinklab.fixture-nNTq8F438c0a1qWiiB9P-A==/lib/arm64, permitted_path=/data:/mnt/expand:/data/user/0/dev.deeplinklab.fixture
07-15 12:42:28.342  6773  6773 V GraphicsEnvironment: dev.deeplinklab.fixture is not listed in per-application setting
07-15 12:42:28.342  6773  6773 V GraphicsEnvironment: dev.deeplinklab.fixture is not listed in ANGLE allowlist or settings, returning default
07-15 12:42:28.621   714   748 V WindowManager: Sent Transition (#125) createdAt=07-15 12:42:26.818 via request=TransitionRequestInfo { type = CLOSE, triggerTask = TaskInfo{userId=0 taskId=63 effectiveUid=10160 displayId=0 isRunning=false baseIntent=Intent { flg=0x10000000 cmp=dev.deeplinklab.fixture/.MainActivity } baseActivity=null topActivity=null origActivity=null realActivity=ComponentInfo{dev.deeplinklab.fixture/dev.deeplinklab.fixture.MainActivity} numActivities=0 lastActiveTime=2347534 supportsMultiWindow=true resizeMode=1 isResizeable=true minWidth=-1 minHeight=-1 defaultMinSize=220 token=WCT{RemoteToken{d1a738 Task{348c69 #63 type=standard A=10160:dev.deeplinklab.fixture}}} topActivityType=1 pictureInPictureParams=null shouldDockBigOverlays=false launchIntoPipHostTaskId=-1 lastParentTaskIdBeforePip=-1 displayCutoutSafeInsets=Rect(0, 0 - 0, 0) topActivityInfo=null launchCookies=[] positionInParent=Point(0, 0) parentTaskId=-1 isFocused=true isVisible=true isVisibleRequested=true isTopActivityNoDisplay=false isSleeping=false locusId=null displayAreaFeatureId=1 isTopActivityTransparent=false isActivityStackTransparent=true lastNonFullscreenBounds=Rect(178, 434 - 543, 1154) capturedLink=null capturedLinkTimestamp=0 requestedVisibleTypes=-9 topActivityRequestOpenInBrowserEducationTimestamp=0 appCompatTaskInfo=AppCompatTaskInfo { topActivityInSizeCompat=false eligibleForLetterboxEducation= false isLetterboxEducationEnabled= false isLetterboxDoubleTapEnabled= false eligibleForUserAspectRatioButton= false topActivityBoundsLetterboxed= false isFromLetterboxDoubleTap= false topActivityLetterboxVerticalPosition= -1 topActivityLetterboxHorizontalPosition= -1 topActivityLetterboxWidth=-1 topActivityLetterboxHeight=-1 topActivityAppBounds=Rect(0, 0 - 0, 0) isUserFullscreenOverrideEnabled=false isSystemFullscreenOverrideEnabled=false hasMinAspectRatioOverride=false topActivityLetterboxBounds=null cameraCompatTaskInfo=CameraCompatTaskInfo { freeformCameraCompatMode=undefined}} topActivityMainWindowFrame=null}, pipChange = null, remoteTransition = null, displayChange = null, flags = 0, debugId = 125 }
07-15 12:42:28.625   714   748 V WindowManager:         {WCT{RemoteToken{e520107 Task{ba977be #64 type=standard A=10160:dev.deeplinklab.fixture}}} m=OPEN f=MOVE_TO_TOP leash=Surface(name=Task=64)/@0xca6bd2b sb=Rect(0, 0 - 720, 1600) eb=Rect(0, 0 - 720, 1600) epz=Point(720, 1600) d=0 taskParent=-1},
07-15 12:42:28.625   714   748 V WindowManager:         {WCT{RemoteToken{d1a738 Task{348c69 #63 type=standard A=10160:dev.deeplinklab.fixture}}} m=CLOSE f=NONE leash=Surface(name=Task=63)/@0xfdbefaa sb=Rect(0, 0 - 720, 1600) eb=Rect(0, 0 - 720, 1600) epz=Point(720, 1600) d=0 taskParent=-1}
07-15 12:42:28.775   714   752 W ActivityTaskManager: Unable to send transaction to client proc dev.deeplinklab.fixture: no app thread
07-15 12:42:28.999   714  2063 W WindowManager: Exception thrown during dispatchAppVisibility Window{f448b0a u0 dev.deeplinklab.fixture/dev.deeplinklab.fixture.MainActivity EXITING}
07-15 12:42:29.024  6773  6773 I DeepLinkFixture: DEEPLINKLAB_DESTINATION=home
07-15 12:42:29.403   714  2081 D CoreBackPreview: Window{3a417fc u0 dev.deeplinklab.fixture/dev.deeplinklab.fixture.MainActivity}: Setting back callback OnBackInvokedCallbackInfo{mCallback=android.window.IOnBackInvokedCallback$Stub$Proxy@e0f84da, mPriority=-1, mIsAnimationCallback=false, mOverrideBehavior=0}
07-15 12:42:30.490   714   748 I ActivityTaskManager: Displayed dev.deeplinklab.fixture/.MainActivity for user 0: +3s418ms
07-15 12:42:30.572   714   864 I ImeTracker: dev.deeplinklab.fixture:d3ba0e25: onRequestHide at ORIGIN_SERVER reason HIDE_UNSPECIFIED_WINDOW fromUser false
07-15 12:42:30.574  6773  6773 I ImeTracker: dev.deeplinklab.fixture:d3ba0e25: onCancelled at PHASE_CLIENT_ALREADY_HIDDEN
07-15 12:42:31.583   714  2083 I ActivityTaskManager: START u0 {act=android.intent.action.VIEW cat=[android.intent.category.BROWSABLE] dat=deeplinklab://background-ignore/... flg=0x10000000 xflg=0x4 cmp=dev.deeplinklab.fixture/.MainActivity} with LAUNCH_SINGLE_TASK from uid 2000 (BAL_ALLOW_PERMISSION) result code=2
07-15 12:42:31.633  3772  3788 D WindowManagerShell: onActivityRestartAttempt: topActivity=ComponentInfo{dev.deeplinklab.fixture/dev.deeplinklab.fixture.MainActivity}, wasVisible=true
07-15 12:42:32.027   714   864 I ImeTracker: dev.deeplinklab.fixture:de551ead: onRequestHide at ORIGIN_SERVER reason HIDE_SAME_WINDOW_FOCUSED_WITHOUT_EDITOR fromUser false
07-15 12:42:32.072  6773  6773 I ImeTracker: dev.deeplinklab.fixture:de551ead: onCancelled at PHASE_CLIENT_ALREADY_HIDDEN
