07-15 12:41:19.189   714  2098 I ActivityManager: Force stopping dev.deeplinklab.fixture appid=10157 user=0: from pid 5707
07-15 12:41:19.190   714  2098 I ActivityManager: Killing 5660:dev.deeplinklab.fixture/u0a157 (adj 0): stop dev.deeplinklab.fixture due to from pid 5707
07-15 12:41:19.194   714  2098 W ActivityTaskManager: Force removing ActivityRecord{219058501 u0 dev.deeplinklab.fixture/.MainActivity t44 f}}: app died, no saved state
07-15 12:41:19.197  3772  3788 V WindowManagerShell: Transition requested (#84): android.os.BinderProxy@3904afd TransitionRequestInfo { type = CLOSE, triggerTask = TaskInfo{userId=0 taskId=44 effectiveUid=10157 displayId=0 isRunning=false baseIntent=Intent { act=android.intent.action.VIEW cat=[android.intent.category.BROWSABLE] dat=deeplinklab://route-collision/... flg=0x10000000 cmp=dev.deeplinklab.fixture/.MainActivity } baseActivity=null topActivity=null origActivity=null realActivity=ComponentInfo{dev.deeplinklab.fixture/dev.deeplinklab.fixture.MainActivity} numActivities=0 lastActiveTime=2281419 supportsMultiWindow=true resizeMode=1 isResizeable=true minWidth=-1 minHeight=-1 defaultMinSize=220 token=WCT{android.window.IWindowContainerToken$Stub$Proxy@7f733f2} topActivityType=1 pictureInPictureParams=null shouldDockBigOverlays=false launchIntoPipHostTaskId=-1 lastParentTaskIdBeforePip=-1 displayCutoutSafeInsets=Rect(0, 0 - 0, 0) topActivityInfo=null launchCookies=[] positionInParent=Point(0, 0) parentTaskId=-1 isFocused=true isVisible=true isVisibleRequested=true isTopActivityNoDisplay=false isSleeping=false locusId=null displayAreaFeatureId=1 isTopActivityTransparent=false isActivityStackTransparent=true lastNonFullscreenBounds=Rect(178, 434 - 543, 1154) capturedLink=null capturedLinkTimestamp=0 requestedVisibleTypes=-9 topActivityRequestOpenInBrowserEducationTimestamp=0 appCompatTaskInfo=AppCompatTaskInfo { topActivityInSizeCompat=false eligibleForLetterboxEducation= false isLetterboxEducationEnabled= false isLetterboxDoubleTapEnabled= false eligibleForUserAspectRatioButton= false topActivityBoundsLetterboxed= false isFromLetterboxDoubleTap= false topActivityLetterboxVerticalPosition= -1 topActivityLetterboxHorizontalPosition= -1 topActivityLetterboxWidth=-1 topActivityLetterboxHeight=-1 topActivityAppBounds=Rect(0, 0 - 0, 0) isUserFullscreenOverrideEnabled=false isSystemFullscreenOverrideEnabled=false hasMinAspectRatioOverride=false topActivityLetterboxBounds=null cameraCompatTaskInfo=CameraCompatTaskInfo { freeformCameraCompatMode=undefined}} topActivityMainWindowFrame=null}, pipChange = null, remoteTransition = null, displayChange = null, flags = 0, debugId = 84 }
07-15 12:41:19.206   714  1103 I AppWidgetServiceImpl: Updating package stopped masked state for uid 10157 package dev.deeplinklab.fixture isStopped true
07-15 12:41:19.209  2805  2805 D CarrierSvcBindHelper: onHandleForceStop: [dev.deeplinklab.fixture]
07-15 12:41:19.221   714   855 W InputDispatcher: channel 'ec6bf4d dev.deeplinklab.fixture/dev.deeplinklab.fixture.MainActivity' ~ Consumer closed input channel or an error occurred.  events=0x9
07-15 12:41:19.222   714   855 E InputDispatcher: channel 'ec6bf4d dev.deeplinklab.fixture/dev.deeplinklab.fixture.MainActivity' ~ Channel is unrecoverably broken and will be disposed!
07-15 12:41:19.222   714   855 I WindowManager: WINDOW DIED Window{ec6bf4d u0 dev.deeplinklab.fixture/dev.deeplinklab.fixture.MainActivity}
07-15 12:41:19.224   714  2064 I WindowManager: WIN DEATH: Window{ec6bf4d u0 dev.deeplinklab.fixture/dev.deeplinklab.fixture.MainActivity EXITING}
07-15 12:41:19.225   714  1260 I ImeTracker: dev.deeplinklab.fixture:3d4b4c1f: onRequestHide at ORIGIN_SERVER reason HIDE_REMOVE_CLIENT fromUser false
07-15 12:41:19.225   714  1260 I ImeTracker: dev.deeplinklab.fixture:3d4b4c1f: onCancelled at PHASE_SERVER_SHOULD_HIDE
07-15 12:41:19.225   714   737 V ActivityManager: Got obituary of 5660:dev.deeplinklab.fixture
07-15 12:41:19.229   714   752 W ActivityTaskManager: Unable to send transaction to client proc dev.deeplinklab.fixture: no app thread
07-15 12:41:19.331   714  1813 I ActivityTaskManager: Add Task{fd5109a #44 type=standard A=10157:dev.deeplinklab.fixture} to hidden list because adding Task{4b3575b #45 type=standard A=10157:dev.deeplinklab.fixture}
07-15 12:41:19.333   714  1813 I ActivityTaskManager: START u0 {flg=0x10000000 xflg=0x5 cmp=dev.deeplinklab.fixture/.MainActivity} with LAUNCH_SINGLE_TASK from uid 2000 (BAL_ALLOW_PERMISSION) result code=0
07-15 12:41:19.417   714  1103 I AppWidgetServiceImpl: Updating package stopped masked state for uid 10157 package dev.deeplinklab.fixture isStopped false
07-15 12:41:19.452   714   760 I ActivityManager: Start proc 5716:dev.deeplinklab.fixture/u0a157 for next-top-activity {dev.deeplinklab.fixture/dev.deeplinklab.fixture.MainActivity}
07-15 12:41:19.475   714   752 W ActivityTaskManager: Unable to send transaction to client proc dev.deeplinklab.fixture: no app thread
07-15 12:41:19.680  5716  5716 D nativeloader: Configuring clns-9 for other apk /data/app/~~fQbVL78ruok8LOjynadu8Q==/dev.deeplinklab.fixture-tH0fwu0tTvjqyLvTE15Z8A==/base.apk. target_sdk_version=36, uses_libraries=, library_path=/data/app/~~fQbVL78ruok8LOjynadu8Q==/dev.deeplinklab.fixture-tH0fwu0tTvjqyLvTE15Z8A==/lib/arm64, permitted_path=/data:/mnt/expand:/data/user/0/dev.deeplinklab.fixture
07-15 12:41:19.732  5716  5716 V GraphicsEnvironment: dev.deeplinklab.fixture is not listed in per-application setting
07-15 12:41:19.732  5716  5716 V GraphicsEnvironment: dev.deeplinklab.fixture is not listed in ANGLE allowlist or settings, returning default
07-15 12:41:19.789   714   748 V WindowManager: Sent Transition (#84) createdAt=07-15 12:41:19.194 via request=TransitionRequestInfo { type = CLOSE, triggerTask = TaskInfo{userId=0 taskId=44 effectiveUid=10157 displayId=0 isRunning=false baseIntent=Intent { act=android.intent.action.VIEW cat=[android.intent.category.BROWSABLE] dat=deeplinklab://route-collision/... flg=0x10000000 cmp=dev.deeplinklab.fixture/.MainActivity } baseActivity=null topActivity=null origActivity=null realActivity=ComponentInfo{dev.deeplinklab.fixture/dev.deeplinklab.fixture.MainActivity} numActivities=0 lastActiveTime=2281419 supportsMultiWindow=true resizeMode=1 isResizeable=true minWidth=-1 minHeight=-1 defaultMinSize=220 token=WCT{RemoteToken{2edacd8 Task{fd5109a #44 type=standard A=10157:dev.deeplinklab.fixture}}} topActivityType=1 pictureInPictureParams=null shouldDockBigOverlays=false launchIntoPipHostTaskId=-1 lastParentTaskIdBeforePip=-1 displayCutoutSafeInsets=Rect(0, 0 - 0, 0) topActivityInfo=null launchCookies=[] positionInParent=Point(0, 0) parentTaskId=-1 isFocused=true isVisible=true isVisibleRequested=true isTopActivityNoDisplay=false isSleeping=false locusId=null displayAreaFeatureId=1 isTopActivityTransparent=false isActivityStackTransparent=true lastNonFullscreenBounds=Rect(178, 434 - 543, 1154) capturedLink=null capturedLinkTimestamp=0 requestedVisibleTypes=-9 topActivityRequestOpenInBrowserEducationTimestamp=0 appCompatTaskInfo=AppCompatTaskInfo { topActivityInSizeCompat=false eligibleForLetterboxEducation= false isLetterboxEducationEnabled= false isLetterboxDoubleTapEnabled= false eligibleForUserAspectRatioButton= false topActivityBoundsLetterboxed= false isFromLetterboxDoubleTap= false topActivityLetterboxVerticalPosition= -1 topActivityLetterboxHorizontalPosition= -1 topActivityLetterboxWidth=-1 topActivityLetterboxHeight=-1 topActivityAppBounds=Rect(0, 0 - 0, 0) isUserFullscreenOverrideEnabled=false isSystemFullscreenOverrideEnabled=false hasMinAspectRatioOverride=false topActivityLetterboxBounds=null cameraCompatTaskInfo=CameraCompatTaskInfo { freeformCameraCompatMode=undefined}} topActivityMainWindowFrame=null}, pipChange = null, remoteTransition = null, displayChange = null, flags = 0, debugId = 84 }
07-15 12:41:19.790   714   748 V WindowManager:         {WCT{RemoteToken{4b1de79 Task{4b3575b #45 type=standard A=10157:dev.deeplinklab.fixture}}} m=OPEN f=MOVE_TO_TOP leash=Surface(name=Task=45)/@0xfb3477d sb=Rect(0, 0 - 720, 1600) eb=Rect(0, 0 - 720, 1600) epz=Point(720, 1600) d=0 taskParent=-1},
07-15 12:41:19.790   714   748 V WindowManager:         {WCT{RemoteToken{2edacd8 Task{fd5109a #44 type=standard A=10157:dev.deeplinklab.fixture}}} m=CLOSE f=NONE leash=Surface(name=Task=44)/@0x862d44a sb=Rect(0, 0 - 720, 1600) eb=Rect(0, 0 - 720, 1600) epz=Point(720, 1600) d=0 taskParent=-1}
07-15 12:41:19.874  5716  5716 I DeepLinkFixture: DEEPLINKLAB_DESTINATION=home
07-15 12:41:20.136   714  2120 D CoreBackPreview: Window{38a09ed u0 dev.deeplinklab.fixture/dev.deeplinklab.fixture.MainActivity}: Setting back callback OnBackInvokedCallbackInfo{mCallback=android.window.IOnBackInvokedCallback$Stub$Proxy@36cbab3, mPriority=-1, mIsAnimationCallback=false, mOverrideBehavior=0}
07-15 12:41:20.192   714   752 W ActivityTaskManager: Unable to send transaction to client proc dev.deeplinklab.fixture: no app thread
07-15 12:41:20.329   714  2120 W WindowManager: Exception thrown during dispatchAppVisibility Window{ec6bf4d u0 dev.deeplinklab.fixture/dev.deeplinklab.fixture.MainActivity EXITING}
07-15 12:41:20.821   714   748 I ActivityTaskManager: Displayed dev.deeplinklab.fixture/.MainActivity for user 0: +1s506ms
07-15 12:41:20.940   714   864 I ImeTracker: dev.deeplinklab.fixture:eddf47d: onRequestHide at ORIGIN_SERVER reason HIDE_UNSPECIFIED_WINDOW fromUser false
07-15 12:41:20.961  5716  5716 I ImeTracker: dev.deeplinklab.fixture:eddf47d: onCancelled at PHASE_CLIENT_ALREADY_HIDDEN
07-15 12:41:21.014   714  2120 I ActivityTaskManager: START u0 {act=android.intent.action.VIEW cat=[android.intent.category.BROWSABLE] dat=deeplinklab://warm-stale/... flg=0x10000000 xflg=0x4 cmp=dev.deeplinklab.fixture/.MainActivity} with LAUNCH_SINGLE_TASK from uid 2000 (BAL_ALLOW_PERMISSION) result code=3
07-15 12:41:21.052  3772  3788 D WindowManagerShell: onActivityRestartAttempt: topActivity=ComponentInfo{dev.deeplinklab.fixture/dev.deeplinklab.fixture.MainActivity}, wasVisible=true
