07-15 12:47:31.828  2805  2988 D ImsResolver: maybeAddedImsService, packageName: dev.deeplinklab.fixture
07-15 12:47:31.829  2805  2988 V ImsResolver: searchForImsServices: package=dev.deeplinklab.fixture, users=[UserHandle{0}]
07-15 12:47:31.829  2805  2988 V ImsResolver: searchForImsServices: package=dev.deeplinklab.fixture, users=[UserHandle{0}]
07-15 12:47:31.836  2805  2805 W VvmPkgInstalledRcvr: carrierVvmPkgAdded: carrier vvm packages doesn't contain dev.deeplinklab.fixture
07-15 12:47:31.854   714   758 D LauncherAppsService: onPackageAdded: triggering onPackageAdded for user=UserHandle{0}, packageName=dev.deeplinklab.fixture
07-15 12:47:31.855  1777  1847 D LauncherAppsCallbackImpl: onPackageAdded triggered for packageName=dev.deeplinklab.fixture, user=UserHandle{0}
07-15 12:47:31.855  1777  1847 D PackageUpdatedTask: Package updated: mOp=ADD packages=[dev.deeplinklab.fixture], user=UserHandle{0}
07-15 12:47:31.880  1777  1847 W LauncherActivityCachingLogic: loadIcon: Default app icon returned from PackageManager. component=ComponentInfo{dev.deeplinklab.fixture/dev.deeplinklab.fixture.MainActivity}, user=UserHandle{0}
07-15 12:47:31.891   714   758 D LauncherAppsService: onPackageAdded: triggering onPackageAdded for user=UserHandle{0}, packageName=dev.deeplinklab.fixture
07-15 12:47:31.900  1777  1847 W LauncherActivityCachingLogic: loadIcon: Default app icon returned from PackageManager. component=ComponentInfo{dev.deeplinklab.fixture/dev.deeplinklab.fixture.MainActivity}, user=UserHandle{0}
07-15 12:47:31.984  1777  1847 D BaseIconCache: Default icon returned for dev.deeplinklab.fixture
07-15 12:47:31.998   714  1120 D ShortcutService: changing package: dev.deeplinklab.fixture userId=0
07-15 12:47:32.039  2805  2990 I SatelliteAppTracker: onPackageModified : dev.deeplinklab.fixture
07-15 12:47:32.039  2805  2805 D CarrierSvcBindHelper: onPackageModified: dev.deeplinklab.fixture
07-15 12:47:32.074  2805  2988 D ImsResolver: maybeAddedImsService, packageName: dev.deeplinklab.fixture
07-15 12:47:32.074  2805  2988 V ImsResolver: searchForImsServices: package=dev.deeplinklab.fixture, users=[UserHandle{0}]
07-15 12:47:32.084   714  1141 I ActivityManager: Force stopping dev.deeplinklab.fixture appid=10170 user=0: from pid 9859
07-15 12:47:32.102  2805  2805 D SatelliteController: packageStateChanged: package:dev.deeplinklab.fixture DefaultSmsPackageName:com.android.messaging
07-15 12:47:32.272   714  1103 I AppWidgetServiceImpl: Updating package stopped masked state for uid 10170 package dev.deeplinklab.fixture isStopped true
07-15 12:47:32.272  2805  2988 V ImsResolver: searchForImsServices: package=dev.deeplinklab.fixture, users=[UserHandle{0}]
07-15 12:47:32.327  2805  2805 D CarrierSvcBindHelper: onHandleForceStop: [dev.deeplinklab.fixture]
07-15 12:47:32.451   714  2104 I ActivityTaskManager: START u0 {act=android.intent.action.VIEW cat=[android.intent.category.BROWSABLE] dat=deeplinklab://wrong/... flg=0x10000000 xflg=0x4 cmp=dev.deeplinklab.fixture/.MainActivity} with LAUNCH_SINGLE_TASK from uid 2000 (BAL_ALLOW_PERMISSION) result code=0
07-15 12:47:32.483  3772  3788 V WindowManagerShell: Transition requested (#235): android.os.BinderProxy@f0b7ad8 TransitionRequestInfo { type = OPEN, triggerTask = TaskInfo{userId=0 taskId=119 effectiveUid=10170 displayId=0 isRunning=true baseIntent=Intent { act=android.intent.action.VIEW cat=[android.intent.category.BROWSABLE] dat=deeplinklab://wrong/... flg=0x10000000 cmp=dev.deeplinklab.fixture/.MainActivity } baseActivity=ComponentInfo{dev.deeplinklab.fixture/dev.deeplinklab.fixture.MainActivity} topActivity=ComponentInfo{dev.deeplinklab.fixture/dev.deeplinklab.fixture.MainActivity} origActivity=null realActivity=ComponentInfo{dev.deeplinklab.fixture/dev.deeplinklab.fixture.MainActivity} numActivities=1 lastActiveTime=2657279 supportsMultiWindow=true resizeMode=1 isResizeable=true minWidth=-1 minHeight=-1 defaultMinSize=220 token=WCT{android.window.IWindowContainerToken$Stub$Proxy@2614e31} topActivityType=1 pictureInPictureParams=null shouldDockBigOverlays=false launchIntoPipHostTaskId=-1 lastParentTaskIdBeforePip=-1 displayCutoutSafeInsets=Rect(0, 85 - 0, 0) topActivityInfo=ActivityInfo{4276916 dev.deeplinklab.fixture.MainActivity} launchCookies=[] positionInParent=Point(0, 0) parentTaskId=-1 isFocused=false isVisible=false isVisibleRequested=false isTopActivityNoDisplay=false isSleeping=false locusId=null displayAreaFeatureId=1 isTopActivityTransparent=false isActivityStackTransparent=false lastNonFullscreenBounds=Rect(178, 434 - 543, 1154) capturedLink=null capturedLinkTimestamp=0 requestedVisibleTypes=-9 topActivityRequestOpenInBrowserEducationTimestamp=0 appCompatTaskInfo=AppCompatTaskInfo { topActivityInSizeCompat=false eligibleForLetterboxEducation= false isLetterboxEducationEnabled= false isLetterboxDoubleTapEnabled= false eligibleForUserAspectRatioButton= false topActivityBoundsLetterboxed= false isFromLetterboxDoubleTap= false topActivityLetterboxVerticalPosition= -1 topActivityLetterboxHorizontalPosition= -1 topActivityLetterboxWidth=-1 topActivityLetterboxHeight=-1 topActivityAppBounds=Rect(0, 0 - 720, 1600) isUserFullscreenOverrideEnabled=false isSystemFullscreenOverrideEnabled=false hasMinAspectRatioOverride=false topActivityLetterboxBounds=null cameraCompatTaskInfo=CameraCompatTaskInfo { freeformCameraCompatMode=inactive}} topActivityMainWindowFrame=null}, pipChange = null, remoteTransition = null, displayChange = null, flags = 0, debugId = 235 }
07-15 12:47:32.806  1777  1847 D PackageUpdatedTask: Package updated: mOp=UPDATE packages=[dev.deeplinklab.fixture], user=UserHandle{0}
07-15 12:47:32.904  1777  1847 W LauncherActivityCachingLogic: loadIcon: Default app icon returned from PackageManager. component=ComponentInfo{dev.deeplinklab.fixture/dev.deeplinklab.fixture.MainActivity}, user=UserHandle{0}
07-15 12:47:32.912  1777  1847 W LauncherActivityCachingLogic: loadIcon: Default app icon returned from PackageManager. component=ComponentInfo{dev.deeplinklab.fixture/dev.deeplinklab.fixture.MainActivity}, user=UserHandle{0}
07-15 12:47:32.982   714   760 I ActivityManager: Start proc 9871:dev.deeplinklab.fixture/u0a170 for next-top-activity {dev.deeplinklab.fixture/dev.deeplinklab.fixture.MainActivity}
07-15 12:47:33.175   714  1103 I AppWidgetServiceImpl: Updating package stopped masked state for uid 10170 package dev.deeplinklab.fixture isStopped false
07-15 12:47:34.572  9871  9871 D nativeloader: Configuring clns-9 for other apk /data/app/~~8YXa0ntQr37BcTxxHrmVWg==/dev.deeplinklab.fixture-P2KKqIPPz1va_1JIX7D9kQ==/base.apk. target_sdk_version=36, uses_libraries=, library_path=/data/app/~~8YXa0ntQr37BcTxxHrmVWg==/dev.deeplinklab.fixture-P2KKqIPPz1va_1JIX7D9kQ==/lib/arm64, permitted_path=/data:/mnt/expand:/data/user/0/dev.deeplinklab.fixture
07-15 12:47:34.586   714   748 V WindowManager: Sent Transition (#235) createdAt=07-15 12:47:32.372 via request=TransitionRequestInfo { type = OPEN, triggerTask = TaskInfo{userId=0 taskId=119 effectiveUid=10170 displayId=0 isRunning=true baseIntent=Intent { act=android.intent.action.VIEW cat=[android.intent.category.BROWSABLE] dat=deeplinklab://wrong/... flg=0x10000000 cmp=dev.deeplinklab.fixture/.MainActivity } baseActivity=ComponentInfo{dev.deeplinklab.fixture/dev.deeplinklab.fixture.MainActivity} topActivity=ComponentInfo{dev.deeplinklab.fixture/dev.deeplinklab.fixture.MainActivity} origActivity=null realActivity=ComponentInfo{dev.deeplinklab.fixture/dev.deeplinklab.fixture.MainActivity} numActivities=1 lastActiveTime=2657279 supportsMultiWindow=true resizeMode=1 isResizeable=true minWidth=-1 minHeight=-1 defaultMinSize=220 token=WCT{RemoteToken{f612772 Task{d875b6d #119 type=standard A=10170:dev.deeplinklab.fixture}}} topActivityType=1 pictureInPictureParams=null shouldDockBigOverlays=false launchIntoPipHostTaskId=-1 lastParentTaskIdBeforePip=-1 displayCutoutSafeInsets=Rect(0, 85 - 0, 0) topActivityInfo=ActivityInfo{a8eb7c3 dev.deeplinklab.fixture.MainActivity} launchCookies=[] positionInParent=Point(0, 0) parentTaskId=-1 isFocused=false isVisible=false isVisibleRequested=false isTopActivityNoDisplay=false isSleeping=false locusId=null displayAreaFeatureId=1 isTopActivityTransparent=false isActivityStackTransparent=false lastNonFullscreenBounds=Rect(178, 434 - 543, 1154) capturedLink=null capturedLinkTimestamp=0 requestedVisibleTypes=-9 topActivityRequestOpenInBrowserEducationTimestamp=0 appCompatTaskInfo=AppCompatTaskInfo { topActivityInSizeCompat=false eligibleForLetterboxEducation= false isLetterboxEducationEnabled= false isLetterboxDoubleTapEnabled= false eligibleForUserAspectRatioButton= false topActivityBoundsLetterboxed= false isFromLetterboxDoubleTap= false topActivityLetterboxVerticalPosition= -1 topActivityLetterboxHorizontalPosition= -1 topActivityLetterboxWidth=-1 topActivityLetterboxHeight=-1 topActivityAppBounds=Rect(0, 0 - 720, 1600) isUserFullscreenOverrideEnabled=false isSystemFullscreenOverrideEnabled=false hasMinAspectRatioOverride=false topActivityLetterboxBounds=null cameraCompatTaskInfo=CameraCompatTaskInfo { freeformCameraCompatMode=inactive}} topActivityMainWindowFrame=null}, pipChange = null, remoteTransition = null, displayChange = null, flags = 0, debugId = 235 }
07-15 12:47:34.591   714   748 V WindowManager:         {WCT{RemoteToken{f612772 Task{d875b6d #119 type=standard A=10170:dev.deeplinklab.fixture}}} m=OPEN f=NONE leash=Surface(name=Task=119)/@0xd9962d4 sb=Rect(0, 0 - 720, 1600) eb=Rect(0, 0 - 720, 1600) epz=Point(720, 1600) d=0 taskParent=-1},
07-15 12:47:34.745  9871  9871 V GraphicsEnvironment: dev.deeplinklab.fixture is not listed in per-application setting
07-15 12:47:34.745  9871  9871 V GraphicsEnvironment: dev.deeplinklab.fixture is not listed in ANGLE allowlist or settings, returning default
07-15 12:47:35.402  2667  2844 D SharedPreferencesImpl: Time required to fsync /data/user_de/0/com.android.statementservice/shared_prefs/dev.deeplinklab.fixture.xml: [<1: 0, <2: 0, <4: 0, <8: 1, <16: 0, <32: 0, <64: 0, <128: 0, <256: 1, <512: 0, <1024: 1, <2048: 0, <4096: 0, <8192: 0, <16384: 0, >=16384: 0]
07-15 12:47:38.799  9871  9871 I DeepLinkFixture: DEEPLINKLAB_DESTINATION=home
07-15 12:47:38.805  9871  9871 I DeepLinkFixture: DEEPLINKLAB_DESTINATION=home
07-15 12:47:39.452   714   814 D CoreBackPreview: Window{46f56f7 u0 dev.deeplinklab.fixture/dev.deeplinklab.fixture.MainActivity}: Setting back callback OnBackInvokedCallbackInfo{mCallback=android.window.IOnBackInvokedCallback$Stub$Proxy@9b86b93, mPriority=-1, mIsAnimationCallback=false, mOverrideBehavior=0}
07-15 12:47:41.041   714   748 I ActivityTaskManager: Displayed dev.deeplinklab.fixture/.MainActivity for user 0: +8s526ms
07-15 12:47:41.436   714   864 I ImeTracker: dev.deeplinklab.fixture:bcc7fa7a: onRequestHide at ORIGIN_SERVER reason HIDE_UNSPECIFIED_WINDOW fromUser false
07-15 12:47:41.439  9871  9871 I ImeTracker: dev.deeplinklab.fixture:bcc7fa7a: onCancelled at PHASE_CLIENT_ALREADY_HIDDEN
