Timestamp               Ty Process[PID:TID]
2026-07-15 13:00:43.138 Df DeepLinkFixture[51157:107e004] (libMobileGestalt.dylib) No persisted cache on this platform.
2026-07-15 13:00:43.140 Df DeepLinkFixture[51157:107e028] [com.apple.xpc:connection] [0x103593ab0] activating connection: mach=true listener=false peer=false name=com.apple.cfprefsd.daemon
2026-07-15 13:00:43.144 Df DeepLinkFixture[51157:107e02b] [com.apple.BoardServices:XPCErrors] [C:1] Alloc com.apple.frontboard.systemappservices
2026-07-15 13:00:43.145 Df DeepLinkFixture[51157:107e02b] [com.apple.xpc:connection] [0x103d34140] activating connection: mach=false listener=false peer=false name=(anonymous)
2026-07-15 13:00:43.146 Df DeepLinkFixture[51157:107e028] [com.apple.UIKit:BackgroundTask] Creating new assertion because there is no existing background assertion.
2026-07-15 13:00:43.146 Df DeepLinkFixture[51157:107e028] [com.apple.UIKit:BackgroundTask] Creating new background assertion
2026-07-15 13:00:43.146 Df DeepLinkFixture[51157:107e028] [com.apple.UIKit:BackgroundTask] Created new background assertion <BKSProcessAssertion: 0x103592b00>
2026-07-15 13:00:43.146 Df DeepLinkFixture[51157:107e028] [com.apple.runningboard:connection] Initializing connection
2026-07-15 13:00:43.155 A  DeepLinkFixture[51157:107e029] (CoreFoundation) Loading Preferences From User Session CFPrefsD
2026-07-15 13:00:43.156 Df DeepLinkFixture[51157:107e028] [com.apple.runningboard:process] Removing all cached process handles
2026-07-15 13:00:43.156 Df DeepLinkFixture[51157:107e028] [com.apple.runningboard:connection] Creating connection to com.apple.runningboard
2026-07-15 13:00:43.156 Df DeepLinkFixture[51157:107e028] [com.apple.xpc:connection] [0x103d34280] activating connection: mach=true listener=false peer=false name=com.apple.runningboard
2026-07-15 13:00:43.156 Df DeepLinkFixture[51157:107e02a] [com.apple.runningboard:connection] Sending handshake request attempt #1 to server
2026-07-15 13:00:43.157 Df DeepLinkFixture[51157:107e004] [com.apple.UIKit:Application] Deactivation reason added: 10; deactivation reasons: 0 -> 1024; animating application lifecycle event: 0
2026-07-15 13:00:43.158 A  DeepLinkFixture[51157:107e02b] (RunningBoardServices) didChangeInheritances
2026-07-15 13:00:43.158 Df DeepLinkFixture[51157:107e004] [com.apple.BoardServices:Injection] activating monitor for service com.apple.frontboard.open
2026-07-15 13:00:43.158 Df DeepLinkFixture[51157:107e004] [com.apple.BoardServices:Injection] activating monitor for service com.apple.frontboard.workspace-service
2026-07-15 13:00:43.160 Df DeepLinkFixture[51157:107e02a] [com.apple.runningboard:connection] Handshake succeeded
2026-07-15 13:00:43.160 Df DeepLinkFixture[51157:107e02a] [com.apple.runningboard:connection] Identity resolved as app<dev.deeplinklab.fixture((null))>
2026-07-15 13:00:43.161 Df DeepLinkFixture[51157:107e004] [com.apple.FrontBoard:Common] FBSWorkspace registering source: com.apple.frontboard.systemappservices
2026-07-15 13:00:43.162 Df DeepLinkFixture[51157:107e028] [com.apple.UIKit:BackgroundTask] Incrementing reference count for background assertion <BKSProcessAssertion: 0x103592b00>
2026-07-15 13:00:43.162 Df DeepLinkFixture[51157:107e028] [com.apple.UIKit:BackgroundTask] Created background task <_UIBackgroundTaskInfo: 0x103c40fc0>: taskID = 1, taskName = Launch Background Task for Coalescing, creationTime = 396266 (elapsed = 0).
2026-07-15 13:00:43.162 Df DeepLinkFixture[51157:107e028] [com.apple.FrontBoard:SceneExtension] Realizing settings extension _UIApplicationSceneKeyboardSettings on FBSSceneSettings
2026-07-15 13:00:43.163 Df DeepLinkFixture[51157:107e004] [com.apple.FrontBoard:Common] FBSWorkspace connected to endpoint : <BSServiceConnectionEndpoint: 0x103cf0300; target: com.apple.frontboard.systemappservices; service: com.apple.frontboard.workspace-service>
2026-07-15 13:00:43.163 Df DeepLinkFixture[51157:107e004] [com.apple.FrontBoard:Common] <FBSWorkspaceScenesClient:0x103cdca00 com.apple.frontboard.systemappservices> attempting immediate handshake from activate
2026-07-15 13:00:43.163 Df DeepLinkFixture[51157:107e004] [com.apple.FrontBoard:Common] <FBSWorkspaceScenesClient:0x103cdca00 com.apple.frontboard.systemappservices> sent handshake
2026-07-15 13:00:43.164 Df DeepLinkFixture[51157:107e004] [com.apple.runningboard:general] Added observer for process assertions expiration warning: <_RBSExpirationWarningClient: 0x103cf0ce0>
2026-07-15 13:00:43.164 Df DeepLinkFixture[51157:107e028] [com.apple.FrontBoard:SceneExtension] Realizing settings extension <_UISceneOcclusionSettings> on FBSSceneSettings
2026-07-15 13:00:43.164 Df DeepLinkFixture[51157:107e028] [com.apple.FrontBoard:SceneExtension] Realizing settings extension <_UISceneInterfaceProtectionSettings> on FBSSceneSettings
2026-07-15 13:00:43.165 Df DeepLinkFixture[51157:107e028] [com.apple.FrontBoard:SceneExtension] Realizing settings extension _UISceneLayoutPreferencesHostSettingsExtension on FBSSceneSettings
2026-07-15 13:00:43.165 Df DeepLinkFixture[51157:107e028] [com.apple.FrontBoard:SceneExtension] Realizing settings extension _UISceneSafeAreaSettingsExtension on FBSSceneSettings
2026-07-15 13:00:43.166 Df DeepLinkFixture[51157:107e028] [com.apple.FrontBoard:SceneExtension] Realizing settings extension _UISceneLayoutPreferenceClientSettingsExtension on FBSSceneClientSettings
2026-07-15 13:00:43.166 Df DeepLinkFixture[51157:107e028] [com.apple.FrontBoard:SceneExtension] Realizing settings extension <_UIHomeAffordanceHostSceneSettings> on FBSSceneSettings
2026-07-15 13:00:43.166 Df DeepLinkFixture[51157:107e028] [com.apple.FrontBoard:SceneExtension] Realizing settings extension _UISystemShellSceneHostingEnvironmentSettings on FBSSceneSettings
2026-07-15 13:00:43.166 Df DeepLinkFixture[51157:107e028] [com.apple.FrontBoard:SceneExtension] Realizing settings extension _UISceneRenderingEnvironmentSettings on FBSSceneSettings
2026-07-15 13:00:43.167 Df DeepLinkFixture[51157:107e028] [com.apple.FrontBoard:SceneExtension] Realizing settings extension <_UISceneRenderingEnvironmentClientSettings> on FBSSceneClientSettings
2026-07-15 13:00:43.167 Df DeepLinkFixture[51157:107e028] [com.apple.FrontBoard:SceneExtension] Realizing settings extension <_UISceneTransitioningHostSettings> on FBSSceneSettings
2026-07-15 13:00:43.167 Df DeepLinkFixture[51157:107e028] [com.apple.FrontBoard:SceneExtension] Realizing settings extension <_UISceneFocusSystemSettings> on FBSSceneSettings
2026-07-15 13:00:43.167 Df DeepLinkFixture[51157:107e028] [com.apple.FrontBoard:SceneExtension] Realizing settings extension _UISceneOrientationSettingsExtension on FBSSceneSettings
2026-07-15 13:00:43.167 Df DeepLinkFixture[51157:107e028] [com.apple.FrontBoard:SceneExtension] Realizing settings extension _UISceneOrientationClientSettingsExtension on FBSSceneClientSettings
2026-07-15 13:00:43.167 Df DeepLinkFixture[51157:107e028] [com.apple.FrontBoard:SceneExtension] Realizing settings extension _UISceneWindowingControlClientSettings on FBSSceneClientSettings
2026-07-15 13:00:43.168 Df DeepLinkFixture[51157:107e028] [com.apple.FrontBoard:SceneExtension] Realizing settings extension <_UISceneHostingContentSizePreferenceClientSettings> on FBSSceneClientSettings
2026-07-15 13:00:43.168 Df DeepLinkFixture[51157:107e028] [com.apple.FrontBoard:SceneExtension] Realizing settings extension _UISceneHostingTraitCollectionPropagationSettings on FBSSceneSettings
2026-07-15 13:00:43.169 Df DeepLinkFixture[51157:107e028] [com.apple.FrontBoard:SceneExtension] Realizing settings extension <_UISceneHostingSheetPresentationSettings> on FBSSceneSettings
2026-07-15 13:00:43.169 Df DeepLinkFixture[51157:107e004] [com.apple.UIKit:UIScreen] Evaluated capturing state as 0 on <UIScreen: 0x103d34500> for initial
2026-07-15 13:00:43.169 Df DeepLinkFixture[51157:107e028] [com.apple.FrontBoard:SceneExtension] Realizing settings extension <_UISceneHostingSheetPresentationClientSettings> on FBSSceneClientSettings
2026-07-15 13:00:43.170 Df DeepLinkFixture[51157:107e028] [com.apple.FrontBoard:SceneExtension] Realizing settings extension <_UISceneHostingEventDeferringSettings> on FBSSceneSettings
2026-07-15 13:00:43.170 Df DeepLinkFixture[51157:107e004] [com.apple.UIKit:UIScreen] Evaluated capturing state as 0 on <UIScreen: 0x103d34500> for CADisplay KVO
2026-07-15 13:00:43.170 Df DeepLinkFixture[51157:107e028] [com.apple.FrontBoard:SceneExtension] Realizing settings extension <UIKit__UITypedKeyValueSceneSettings> on FBSSceneSettings
2026-07-15 13:00:43.170 Df DeepLinkFixture[51157:107e028] [com.apple.FrontBoard:SceneExtension] Realizing settings extension <UIKit__UITypedKeyValueSceneSettings> on FBSSceneClientSettings
2026-07-15 13:00:43.171 Df DeepLinkFixture[51157:107e028] [com.apple.FrontBoard:SceneExtension] Realizing settings extension <_UISceneHostingViewControllerPreferencePropagationClientSettings> on FBSSceneClientSettings
2026-07-15 13:00:43.171 Df DeepLinkFixture[51157:107e028] [com.apple.FrontBoard:SceneExtension] Realizing settings extension <_UISceneZoomTransitionSettings> on FBSSceneSettings
2026-07-15 13:00:43.171 Df DeepLinkFixture[51157:107e02b] [com.apple.FrontBoard:SceneExtension] Realizing settings extension FBSSceneSettingsCore on FBSSceneSettings
2026-07-15 13:00:43.172 Df DeepLinkFixture[51157:107e02b] [com.apple.FrontBoard:SceneExtension] Realizing settings extension FBSSceneClientSettingsCore on FBSSceneClientSettings
2026-07-15 13:00:43.173 Df DeepLinkFixture[51157:107e004] [com.apple.Accessibility:AXSupportCommon] Read CategoryName: per-app = 1, category name = (null)
2026-07-15 13:00:43.174 Df DeepLinkFixture[51157:107e004] [com.apple.Accessibility:AXSupportCommon] Read CategoryName: per-app = 0, category name = (null)
2026-07-15 13:00:43.185 Df DeepLinkFixture[51157:107e02b] [com.apple.FrontBoard:SceneExtension] UIMutableApplicationSceneSettings setting counterpart class: UIApplicationSceneSettings
2026-07-15 13:00:43.186 Df DeepLinkFixture[51157:107e02b] [com.apple.FrontBoard:SceneExtension] UIMutableApplicationSceneClientSettings setting counterpart class: UIApplicationSceneClientSettings
2026-07-15 13:00:43.186 Df DeepLinkFixture[51157:107e02b] [com.apple.FrontBoard:SceneExtension] Realizing settings extension FBSSceneTransitionContextCore on FBSSceneTransitionContext
2026-07-15 13:00:43.198 Df DeepLinkFixture[51157:107e02b] [com.apple.xpc:connection] [0x103d34f00] activating connection: mach=true listener=false peer=false name=com.apple.fontservicesd
2026-07-15 13:00:43.204 Df DeepLinkFixture[51157:107e004] [com.apple.dt.xctest:Default] Registering for test daemon availability notify post.
2026-07-15 13:00:43.205 Df DeepLinkFixture[51157:107e004] [com.apple.dt.xctest:Default] notify_get_state check indicated test daemon not ready.
2026-07-15 13:00:43.205 Df DeepLinkFixture[51157:107e004] [com.apple.dt.xctest:Default] notify_get_state check indicated test daemon not ready.
2026-07-15 13:00:43.205 Df DeepLinkFixture[51157:107e004] [com.apple.dt.xctest:Default] notify_get_state check indicated test daemon not ready.
2026-07-15 13:00:43.206 Df DeepLinkFixture[51157:107e004] [com.apple.UIKit:UpdateScheduler] Selected display: name=LCD (PurpleMain), id=1
2026-07-15 13:00:43.206 Df DeepLinkFixture[51157:107e004] [com.apple.UIKit:EventBus] Event Timing Profile for Touch: not found, path="/System/Library/EventTimingProfiles/Sim.Touch.plist"
2026-07-15 13:00:43.207 Df DeepLinkFixture[51157:107e004] [com.apple.UIKit:EventBus] Event Timing Profile for Pencil: not found, path="/System/Library/EventTimingProfiles/Sim.Pencil.plist"
2026-07-15 13:00:43.207 Df DeepLinkFixture[51157:107e004] [com.apple.FrontBoard:SceneClient] [(FBSceneManager):sceneID:dev.deeplinklab.fixture-default] Received action(s) in scene-create: UIOpenURLAction
2026-07-15 13:00:43.209 Df DeepLinkFixture[51157:107e004] [com.apple.app_launch_measurement:ApplicationLaunch] alm_acquire_pageins_recording_assertion: acquired pageins recording assertion!
2026-07-15 13:00:43.210 Df DeepLinkFixture[51157:107e004] [com.apple.UIKit:BackgroundTask] Will add backgroundTask with taskName: Persistent SceneSession Map Update, expirationHandler: <__NSGlobalBlock__: 0x1e78c84e8>
2026-07-15 13:00:43.210 Df DeepLinkFixture[51157:107e004] [com.apple.UIKit:BackgroundTask] Reusing background assertion <BKSProcessAssertion: 0x103592b00>
2026-07-15 13:00:43.210 Df DeepLinkFixture[51157:107e004] [com.apple.UIKit:BackgroundTask] Incrementing reference count for background assertion <BKSProcessAssertion: 0x103592b00>
2026-07-15 13:00:43.210 Df DeepLinkFixture[51157:107e004] [com.apple.UIKit:BackgroundTask] Created background task <_UIBackgroundTaskInfo: 0x103e44e80>: taskID = 2, taskName = Persistent SceneSession Map Update, creationTime = 396266 (elapsed = 0).
2026-07-15 13:00:43.211 Df DeepLinkFixture[51157:107e004] [com.apple.UIKit:Application] Deactivation reason added: 5; deactivation reasons: 1024 -> 1056; animating application lifecycle event: 1
2026-07-15 13:00:43.211 Df DeepLinkFixture[51157:107e004] [com.apple.UIKit:InterfaceStyle] Not push traits update to screen for new style 1, <UIWindowScene: 0x10359a910> (B15D4CBA-D760-456A-9171-8BCA0D751FE8)
2026-07-15 13:00:43.211 Df DeepLinkFixture[51157:107e004] [com.apple.UIKit:InterfaceStyle] Should send trait collection or coordinate space update, interface style 1 -> 1, <UIWindowScene: 0x10359a910> (B15D4CBA-D760-456A-9171-8BCA0D751FE8)
2026-07-15 13:00:43.212 Df DeepLinkFixture[51157:107e004] [com.apple.UIKit:InterfaceStyle] Not push traits update to screen for new style 1, <UIWindowScene: 0x10359a910> (B15D4CBA-D760-456A-9171-8BCA0D751FE8)
2026-07-15 13:00:43.213 Df DeepLinkFixture[51157:107e004] [com.apple.UIKit:HomeAffordanceObservation] Initializing: <_UIHomeAffordanceSceneNotifier: 0x103e41180>; with scene: <UIWindowScene: 0x10359a910>
2026-07-15 13:00:43.213 Df DeepLinkFixture[51157:107e004] [com.apple.BacklightServices:scenes] 0x103df8a50 setDelegate:<0x103df9aa0 _UIBacklightEnvironment> hasDelegate:YES for environment:sceneID:dev.deeplinklab.fixture-default
2026-07-15 13:00:43.213 Df DeepLinkFixture[51157:107e004] [com.apple.UIKit:InterfaceStyle] Not push traits update to screen for new style 1, <UIWindowScene: 0x10359a910> (B15D4CBA-D760-456A-9171-8BCA0D751FE8)
2026-07-15 13:00:43.213 Df DeepLinkFixture[51157:107e004] [com.apple.UIKit:EventDeferring] [0x103e41500] Initialized with scene: <UIWindowScene: 0x10359a910>; behavior: <_UIEventDeferringBehavior_iOS: 0x103cf31a0>; availableForProcess: 1, systemShellManagesKeyboardFocus: 1
2026-07-15 13:00:43.214 Df DeepLinkFixture[51157:107e004] [com.apple.BoardServices:XPCErrors] [C:2] Alloc com.apple.backboard.hid-services.xpc
2026-07-15 13:00:43.214 Df DeepLinkFixture[51157:107e004] [com.apple.xpc:connection] [0x103d35040] activating connection: mach=false listener=false peer=false name=(anonymous)
2026-07-15 13:00:43.216 Df DeepLinkFixture[51157:107e004] [com.apple.BackBoard:EventDelivery] policyStatus:<BKSHIDEventDeliveryPolicyObserver: 0x103df1b60; process scope; status: none> was:none
2026-07-15 13:00:43.216 Df DeepLinkFixture[51157:107e004] [com.apple.UIKit:KeyWindow] Setting default evaluation strategy for UIUserInterfaceIdiomPhone to LastOneWins
2026-07-15 13:00:43.216 Df DeepLinkFixture[51157:107e02b] [com.apple.BackBoard:EventDelivery] BKSHIDEventObserver - connection activation
2026-07-15 13:00:43.216 Df DeepLinkFixture[51157:107e004] [com.apple.UIKit:InterfaceStyle] Not push traits update to screen for new style 1, <UIWindowScene: 0x10359a910> (B15D4CBA-D760-456A-9171-8BCA0D751FE8)
2026-07-15 13:00:43.216 Df DeepLinkFixture[51157:107e004] [com.apple.UIKit:InterfaceStyle] Not push traits update to screen for new style 1, <UIWindowScene: 0x10359a910> (B15D4CBA-D760-456A-9171-8BCA0D751FE8)
2026-07-15 13:00:43.218 Df DeepLinkFixture[51157:107e004] [com.apple.UIKit:InterfaceStyle] Not push traits update to screen for new style 1, <UIWindowScene: 0x10359a910> (B15D4CBA-D760-456A-9171-8BCA0D751FE8)
2026-07-15 13:00:43.218 F  DeepLinkFixture[51157:107e004] [com.apple.runtime-issues:UIKit App Config] `UIScene` lifecycle will soon be required. Failure to adopt will result in an assert in the future.
2026-07-15 13:00:43.218 A  DeepLinkFixture[51157:107e004] (libsystem_trace.dylib) Activity for state dumps
2026-07-15 13:00:43.219 Df DeepLinkFixture[51157:107e004] [com.apple.UIKit:InterfaceStyle] Not push traits update to screen for new style 1, <UIWindowScene: 0x10359a910> (B15D4CBA-D760-456A-9171-8BCA0D751FE8)
2026-07-15 13:00:43.220 Df DeepLinkFixture[51157:107e004] [com.apple.UIKit:AppLifecycle] sceneOfRecord: sceneID: sceneID:dev.deeplinklab.fixture-default  persistentID: B15D4CBA-D760-456A-9171-8BCA0D751FE8
2026-07-15 13:00:43.220 Df DeepLinkFixture[51157:107e004] [com.apple.UIKit:Application] Ignoring already applied deactivation reason: 5; deactivation reasons: 1056
2026-07-15 13:00:43.220 Df DeepLinkFixture[51157:107e004] [com.apple.UIKit:Application] Deactivation reason added: 11; deactivation reasons: 1056 -> 3104; animating application lifecycle event: 1
2026-07-15 13:00:43.220 Df DeepLinkFixture[51157:107e004] [com.apple.KeyboardArbiter:Client] startConnection
2026-07-15 13:00:43.221 Df DeepLinkFixture[51157:107e004] [com.apple.xpc:connection] [0x103d357c0] activating connection: mach=true listener=false peer=false name=com.apple.UIKit.KeyboardManagement.hosted
2026-07-15 13:00:43.233 Df DeepLinkFixture[51157:107e004] [com.apple.UIKit:Orientation] <UIWindowScene: 0x10359a910> (B15D4CBA-D760-456A-9171-8BCA0D751FE8) Scene updated orientation preferences: none -> ( Pu )
2026-07-15 13:00:43.234 Df DeepLinkFixture[51157:107e02a] [com.apple.BackBoard:EventDelivery] policyStatus:<BKSHIDEventDeliveryPolicyObserver: 0x103df1b60; token: com.apple.frontboard.systemappservices/FBSceneManager:sceneID%3Adev.deeplinklab.fixture-default; status: target> was:none
2026-07-15 13:00:43.241 Df DeepLinkFixture[51157:107e004] [com.apple.UIKit:KeyWindow] Key window API is scene-level: YES
2026-07-15 13:00:43.241 Df DeepLinkFixture[51157:107e004] [com.apple.UIKit:KeyWindow] UIWindowScene: 0x10359a910: Window became key in scene: UIWindow: 0x103d88000; contextId: 0xE40A827B: reason: UIWindowScene: 0x10359a910: Window requested to become key in scene: 0x103d88000
2026-07-15 13:00:43.241 Df DeepLinkFixture[51157:107e004] [com.apple.UIKit:KeyWindow] Key window needs update: 1; currentKeyWindowScene: 0x0; evaluatedKeyWindowScene: 0x10359a910; currentApplicationKeyWindow: 0x0; evaluatedApplicationKeyWindow: 0x103d88000; reason: UIWindowScene: 0x10359a910: Window requested to become key in scene: 0x103d88000
2026-07-15 13:00:43.242 Df DeepLinkFixture[51157:107e004] [com.apple.UIKit:KeyWindow] Window did become application key: UIWindow: 0x103d88000; contextId: 0xE40A827B; scene identity: com.apple.frontboard.systemappservices/FBSceneManager:sceneID%3Adev.deeplinklab.fixture-default
2026-07-15 13:00:43.242 Df DeepLinkFixture[51157:107e004] [com.apple.UIKit:EventDeferring] [0x103e41500] Begin local event deferring requested for token: 0x103df1500; environments: 1; reason: UIWindowScene: 0x10359a910: Begin event deferring in keyboardFocus for window: 0x103d88000
2026-07-15 13:00:43.243 Df DeepLinkFixture[51157:107e02a] [com.apple.BackBoard:EventDelivery] BKSHIDEventDeliveryManager - connection activation
2026-07-15 13:00:43.247 Df DeepLinkFixture[51157:107e004] (Foundation) DEEPLINKLAB_DESTINATION=home
2026-07-15 13:00:43.250 Df DeepLinkFixture[51157:107e004] [com.apple.UIKit:Application] Deactivation reason removed: 10; deactivation reasons: 3104 -> 2080; animating application lifecycle event: 1
2026-07-15 13:00:43.250 E  DeepLinkFixture[51157:107e004] [com.apple.Foundation:general] *** Assertion failure in -[UIApplication _runWithMainScene:transitionContext:completion:], UIApplication.m:4988
2026-07-15 13:00:43.258 Df DeepLinkFixture[51157:107e029] [com.apple.BackBoard:EventDelivery] policyStatus:<BKSHIDEventDeliveryPolicyObserver: 0x103df1b60; token: com.apple.frontboard.systemappservices/FBSceneManager:sceneID%3Adev.deeplinklab.fixture-default; status: ancestor> was:target
2026-07-15 13:00:43.263 Df DeepLinkFixture[51157:107e004] (CoreFoundation) *** Terminating app due to uncaught exception 'NSInternalInconsistencyException', reason: 'Application windows are expected to have a root view controller at the end of application launch'
*** First throw call stack:
(
	0   CoreFoundation                      0x00000001804c3dec __exceptionPreprocess + 172
	1   libobjc.A.dylib                     0x0000000180063438 objc_exception_throw + 72
	2   Foundation                          0x0000000181075818 _userInfoForFileAndLine + 0
	3   UIKitCore                           0x00000001864a885c -[UIApplication _runWithMainScene:transitionContext:completion:] + 1420
	4   UIKitCore                           0x00000001859a41e8 -[_UISceneLifecycleMultiplexer completeApplicationLaunchWithFBSScene:transitionContext:] + 88
	5   UIKitCore                           0x0000000185fafa28 _UIScenePerformActionsWithLifecycleActionMask + 96
	6   UIKitCore                           0x00000001859a4a8c __101-[_UISceneLifecycleMultiplexer _evalTransitionToSettings:fromSettings:fo<…>
