07-15 12:42:36.193  2805  2805 D CarrierSvcBindHelper: onPackageAdded: dev.deeplinklab.fixture
07-15 12:42:36.199  1777  1847 D SessionCommitReceiver: Removing unneeded PromiseIcon for package: dev.deeplinklab.fixture, install reason: 0, alreadyAddedPromiseIcon: false
07-15 12:42:36.201  2805  2990 I SatelliteAppTracker: onPackageAdded : dev.deeplinklab.fixture
07-15 12:42:36.309   714  1120 D ShortcutService: changing package: dev.deeplinklab.fixture userId=0
07-15 12:42:36.315  2805  2990 I SatelliteAppTracker: onPackageModified : dev.deeplinklab.fixture
07-15 12:42:36.482  2805  2988 D ImsResolver: maybeAddedImsService, packageName: dev.deeplinklab.fixture
07-15 12:42:36.485  2805  2988 V ImsResolver: searchForImsServices: package=dev.deeplinklab.fixture, users=[UserHandle{0}]
07-15 12:42:36.495   714  2089 I ActivityManager: Force stopping dev.deeplinklab.fixture appid=10161 user=0: from pid 6845
07-15 12:42:36.505  2805  2805 W VvmPkgInstalledRcvr: carrierVvmPkgAdded: carrier vvm packages doesn't contain dev.deeplinklab.fixture
07-15 12:42:36.505  2805  2805 D CarrierSvcBindHelper: onPackageModified: dev.deeplinklab.fixture
07-15 12:42:36.507  2805  2988 V ImsResolver: searchForImsServices: package=dev.deeplinklab.fixture, users=[UserHandle{0}]
07-15 12:42:36.510  1777  1847 D PackageUpdatedTask: Package updated: mOp=UPDATE packages=[dev.deeplinklab.fixture], user=UserHandle{0}
07-15 12:42:36.542   714  1103 I AppWidgetServiceImpl: Updating package stopped masked state for uid 10161 package dev.deeplinklab.fixture isStopped true
07-15 12:42:36.567  1777  1847 W LauncherActivityCachingLogic: loadIcon: Default app icon returned from PackageManager. component=ComponentInfo{dev.deeplinklab.fixture/dev.deeplinklab.fixture.MainActivity}, user=UserHandle{0}
07-15 12:42:36.568  2805  2988 D ImsResolver: maybeAddedImsService, packageName: dev.deeplinklab.fixture
07-15 12:42:36.568  2805  2988 V ImsResolver: searchForImsServices: package=dev.deeplinklab.fixture, users=[UserHandle{0}]
07-15 12:42:36.575  2805  2805 D SatelliteController: packageStateChanged: package:dev.deeplinklab.fixture DefaultSmsPackageName:com.android.messaging
07-15 12:42:36.576  2805  2988 V ImsResolver: searchForImsServices: package=dev.deeplinklab.fixture, users=[UserHandle{0}]
07-15 12:42:36.578  1777  1847 W LauncherActivityCachingLogic: loadIcon: Default app icon returned from PackageManager. component=ComponentInfo{dev.deeplinklab.fixture/dev.deeplinklab.fixture.MainActivity}, user=UserHandle{0}
07-15 12:42:36.627  2805  2805 D CarrierSvcBindHelper: onHandleForceStop: [dev.deeplinklab.fixture]
07-15 12:42:36.664   714  2064 I ActivityTaskManager: START u0 {act=android.intent.action.VIEW cat=[android.intent.category.BROWSABLE] dat=deeplinklab://wrong/... flg=0x10000000 xflg=0x4 cmp=dev.deeplinklab.fixture/.MainActivity} with LAUNCH_SINGLE_TASK from uid 2000 (BAL_ALLOW_PERMISSION) result code=0
07-15 12:42:36.679  3772  3788 V WindowManagerShell: Transition requested (#128): android.os.BinderProxy@a9f62a0 TransitionRequestInfo { type = OPEN, triggerTask = TaskInfo{userId=0 taskId=65 effectiveUid=10161 displayId=0 isRunning=true baseIntent=Intent { act=android.intent.action.VIEW cat=[android.intent.category.BROWSABLE] dat=deeplinklab://wrong/... flg=0x10000000 cmp=dev.deeplinklab.fixture/.MainActivity } baseActivity=ComponentInfo{dev.deeplinklab.fixture/dev.deeplinklab.fixture.MainActivity} topActivity=ComponentInfo{dev.deeplinklab.fixture/dev.deeplinklab.fixture.MainActivity} origActivity=null realActivity=ComponentInfo{dev.deeplinklab.fixture/dev.deeplinklab.fixture.MainActivity} numActivities=1 lastActiveTime=2361492 supportsMultiWindow=true resizeMode=1 isResizeable=true minWidth=-1 minHeight=-1 defaultMinSize=220 token=WCT{android.window.IWindowContainerToken$Stub$Proxy@da9ee59} topActivityType=1 pictureInPictureParams=null shouldDockBigOverlays=false launchIntoPipHostTaskId=-1 lastParentTaskIdBeforePip=-1 displayCutoutSafeInsets=Rect(0, 85 - 0, 0) topActivityInfo=ActivityInfo{9cfca1e dev.deeplinklab.fixture.MainActivity} launchCookies=[] positionInParent=Point(0, 0) parentTaskId=-1 isFocused=false isVisible=false isVisibleRequested=false isTopActivityNoDisplay=false isSleeping=false locusId=null displayAreaFeatureId=1 isTopActivityTransparent=false isActivityStackTransparent=false lastNonFullscreenBounds=Rect(178, 434 - 543, 1154) capturedLink=null capturedLinkTimestamp=0 requestedVisibleTypes=-9 topActivityRequestOpenInBrowserEducationTimestamp=0 appCompatTaskInfo=AppCompatTaskInfo { topActivityInSizeCompat=false eligibleForLetterboxEducation= false isLetterboxEducationEnabled= false isLetterboxDoubleTapEnabled= false eligibleForUserAspectRatioButton= false topActivityBoundsLetterboxed= false isFromLetterboxDoubleTap= false topActivityLetterboxVerticalPosition= -1 topActivityLetterboxHorizontalPosition= -1 topActivityLetterboxWidth=-1 topActivityLetterboxHeight=-1 topActivityAppBounds=Rect(0, 0 - 720, 1600) isUserFullscreenOverrideEnabled=false isSystemFullscreenOverrideEnabled=false hasMinAspectRatioOverride=false topActivityLetterboxBounds=null cameraCompatTaskInfo=CameraCompatTaskInfo { freeformCameraCompatMode=inactive}} topActivityMainWindowFrame=null}, pipChange = null, remoteTransition = null, displayChange = null, flags = 0, debugId = 128 }
07-15 12:42:36.911   714  1103 I AppWidgetServiceImpl: Updating package stopped masked state for uid 10161 package dev.deeplinklab.fixture isStopped false
07-15 12:42:36.933   714   760 I ActivityManager: Start proc 6855:dev.deeplinklab.fixture/u0a161 for next-top-activity {dev.deeplinklab.fixture/dev.deeplinklab.fixture.MainActivity}
07-15 12:42:37.435  6855  6855 D nativeloader: Configuring clns-9 for other apk /data/app/~~AEJlhjor4ZxnQlE7psQ9gw==/dev.deeplinklab.fixture-_qZ1AkCAh0LI7HMX8p-ubg==/base.apk. target_sdk_version=36, uses_libraries=, library_path=/data/app/~~AEJlhjor4ZxnQlE7psQ9gw==/dev.deeplinklab.fixture-_qZ1AkCAh0LI7HMX8p-ubg==/lib/arm64, permitted_path=/data:/mnt/expand:/data/user/0/dev.deeplinklab.fixture
07-15 12:42:37.450  6855  6855 V GraphicsEnvironment: dev.deeplinklab.fixture is not listed in per-application setting
07-15 12:42:37.450  6855  6855 V GraphicsEnvironment: dev.deeplinklab.fixture is not listed in ANGLE allowlist or settings, returning default
07-15 12:42:37.822   714   748 V WindowManager: Sent Transition (#128) createdAt=07-15 12:42:36.649 via request=TransitionRequestInfo { type = OPEN, triggerTask = TaskInfo{userId=0 taskId=65 effectiveUid=10161 displayId=0 isRunning=true baseIntent=Intent { act=android.intent.action.VIEW cat=[android.intent.category.BROWSABLE] dat=deeplinklab://wrong/... flg=0x10000000 cmp=dev.deeplinklab.fixture/.MainActivity } baseActivity=ComponentInfo{dev.deeplinklab.fixture/dev.deeplinklab.fixture.MainActivity} topActivity=ComponentInfo{dev.deeplinklab.fixture/dev.deeplinklab.fixture.MainActivity} origActivity=null realActivity=ComponentInfo{dev.deeplinklab.fixture/dev.deeplinklab.fixture.MainActivity} numActivities=1 lastActiveTime=2361492 supportsMultiWindow=true resizeMode=1 isResizeable=true minWidth=-1 minHeight=-1 defaultMinSize=220 token=WCT{RemoteToken{384ee1e Task{1d26a2f #65 type=standard A=10161:dev.deeplinklab.fixture}}} topActivityType=1 pictureInPictureParams=null shouldDockBigOverlays=false launchIntoPipHostTaskId=-1 lastParentTaskIdBeforePip=-1 displayCutoutSafeInsets=Rect(0, 85 - 0, 0) topActivityInfo=ActivityInfo{95ab6ff dev.deeplinklab.fixture.MainActivity} launchCookies=[] positionInParent=Point(0, 0) parentTaskId=-1 isFocused=false isVisible=false isVisibleRequested=false isTopActivityNoDisplay=false isSleeping=false locusId=null displayAreaFeatureId=1 isTopActivityTransparent=false isActivityStackTransparent=false lastNonFullscreenBounds=Rect(178, 434 - 543, 1154) capturedLink=null capturedLinkTimestamp=0 requestedVisibleTypes=-9 topActivityRequestOpenInBrowserEducationTimestamp=0 appCompatTaskInfo=AppCompatTaskInfo { topActivityInSizeCompat=false eligibleForLetterboxEducation= false isLetterboxEducationEnabled= false isLetterboxDoubleTapEnabled= false eligibleForUserAspectRatioButton= false topActivityBoundsLetterboxed= false isFromLetterboxDoubleTap= false topActivityLetterboxVerticalPosition= -1 topActivityLetterboxHorizontalPosition= -1 topActivityLetterboxWidth=-1 topActivityLetterboxHeight=-1 topActivityAppBounds=Rect(0, 0 - 720, 1600) isUserFullscreenOverrideEnabled=false isSystemFullscreenOverrideEnabled=false hasMinAspectRatioOverride=false topActivityLetterboxBounds=null cameraCompatTaskInfo=CameraCompatTaskInfo { freeformCameraCompatMode=inactive}} topActivityMainWindowFrame=null}, pipChange = null, remoteTransition = null, displayChange = null, flags = 0, debugId = 128 }
07-15 12:42:37.822   714   748 V WindowManager:         {WCT{RemoteToken{384ee1e Task{1d26a2f #65 type=standard A=10161:dev.deeplinklab.fixture}}} m=OPEN f=NONE leash=Surface(name=Task=65)/@0xefd83a3 sb=Rect(0, 0 - 720, 1600) eb=Rect(0, 0 - 720, 1600) epz=Point(720, 1600) d=0 taskParent=-1},
07-15 12:42:38.552  6855  6855 I DeepLinkFixture: DEEPLINKLAB_DESTINATION=home
07-15 12:42:38.554  6855  6855 I DeepLinkFixture: DEEPLINKLAB_DESTINATION=home
07-15 12:42:39.860   714  2066 D CoreBackPreview: Window{87b5a6 u0 dev.deeplinklab.fixture/dev.deeplinklab.fixture.MainActivity}: Setting back callback OnBackInvokedCallbackInfo{mCallback=android.window.IOnBackInvokedCallback$Stub$Proxy@dd77394, mPriority=-1, mIsAnimationCallback=false, mOverrideBehavior=0}
07-15 12:42:40.265   714   748 I ActivityTaskManager: Displayed dev.deeplinklab.fixture/.MainActivity for user 0: +3s564ms
07-15 12:42:40.449   714   864 I ImeTracker: dev.deeplinklab.fixture:53815478: onRequestHide at ORIGIN_SERVER reason HIDE_UNSPECIFIED_WINDOW fromUser false
07-15 12:42:40.454  6855  6855 I ImeTracker: dev.deeplinklab.fixture:53815478: onCancelled at PHASE_CLIENT_ALREADY_HIDDEN
