Timestamp               Ty Process[PID:TID]
2026-07-15 20:42:28.247 A  DeepLinkFixture[83026:1162f30] (RunningBoardServices) didChangeInheritances
2026-07-15 20:42:30.311 Df DeepLinkFixture[83072:1162fd2] (libMobileGestalt.dylib) No persisted cache on this platform.
2026-07-15 20:42:30.312 Df DeepLinkFixture[83072:1162fe4] [com.apple.xpc:connection] [0x1055bf710] activating connection: mach=true listener=false peer=false name=com.apple.cfprefsd.daemon
2026-07-15 20:42:30.313 Df DeepLinkFixture[83072:1162fe5] [com.apple.BoardServices:XPCErrors] [C:1] Alloc com.apple.frontboard.systemappservices
2026-07-15 20:42:30.315 Df DeepLinkFixture[83072:1162fe5] [com.apple.xpc:connection] [0x1055c5530] activating connection: mach=false listener=false peer=false name=(anonymous)
2026-07-15 20:42:30.316 A  DeepLinkFixture[83072:1162fe4] (CoreFoundation) Loading Preferences From User Session CFPrefsD
2026-07-15 20:42:30.327 Df DeepLinkFixture[83072:1162fd2] [com.apple.UIKit:Application] Deactivation reason added: 10; deactivation reasons: 0 -> 1024; animating application lifecycle event: 0
2026-07-15 20:42:30.328 Df DeepLinkFixture[83072:1162fe3] [com.apple.UIKit:BackgroundTask] Creating new assertion because there is no existing background assertion.
2026-07-15 20:42:30.328 Df DeepLinkFixture[83072:1162fe3] [com.apple.UIKit:BackgroundTask] Creating new background assertion
2026-07-15 20:42:30.328 Df DeepLinkFixture[83072:1162fe3] [com.apple.UIKit:BackgroundTask] Created new background assertion <BKSProcessAssertion: 0x1055c0cb0>
2026-07-15 20:42:30.328 Df DeepLinkFixture[83072:1162fe3] [com.apple.runningboard:connection] Initializing connection
2026-07-15 20:42:30.328 Df DeepLinkFixture[83072:1162fe3] [com.apple.runningboard:process] Removing all cached process handles
2026-07-15 20:42:30.328 Df DeepLinkFixture[83072:1162fe4] [com.apple.runningboard:connection] Sending handshake request attempt #1 to server
2026-07-15 20:42:30.328 Df DeepLinkFixture[83072:1162fe4] [com.apple.runningboard:connection] Creating connection to com.apple.runningboard
2026-07-15 20:42:30.328 Df DeepLinkFixture[83072:1162fd2] [com.apple.BoardServices:Injection] activating monitor for service com.apple.frontboard.open
2026-07-15 20:42:30.328 Df DeepLinkFixture[83072:1162fe4] [com.apple.xpc:connection] [0x105d48280] activating connection: mach=true listener=false peer=false name=com.apple.runningboard
2026-07-15 20:42:30.329 Df DeepLinkFixture[83072:1162fd2] [com.apple.BoardServices:Injection] activating monitor for service com.apple.frontboard.workspace-service
2026-07-15 20:42:30.330 A  DeepLinkFixture[83072:1162fe6] (RunningBoardServices) didChangeInheritances
2026-07-15 20:42:30.331 Df DeepLinkFixture[83072:1162fe4] [com.apple.runningboard:connection] Handshake succeeded
2026-07-15 20:42:30.331 Df DeepLinkFixture[83072:1162fd2] [com.apple.FrontBoard:Common] FBSWorkspace registering source: com.apple.frontboard.systemappservices
2026-07-15 20:42:30.331 Df DeepLinkFixture[83072:1162fe4] [com.apple.runningboard:connection] Identity resolved as app<dev.deeplinklab.fixture((null))>
2026-07-15 20:42:30.332 Df DeepLinkFixture[83072:1162fe3] [com.apple.UIKit:BackgroundTask] Incrementing reference count for background assertion <BKSProcessAssertion: 0x1055c0cb0>
2026-07-15 20:42:30.332 Df DeepLinkFixture[83072:1162fe3] [com.apple.UIKit:BackgroundTask] Created background task <_UIBackgroundTaskInfo: 0x105c44b00>: taskID = 1, taskName = Launch Background Task for Coalescing, creationTime = 423973 (elapsed = 0).
2026-07-15 20:42:30.332 Df DeepLinkFixture[83072:1162fe3] [com.apple.FrontBoard:SceneExtension] Realizing settings extension _UIApplicationSceneKeyboardSettings on FBSSceneSettings
2026-07-15 20:42:30.333 Df DeepLinkFixture[83072:1162fd2] [com.apple.FrontBoard:Common] FBSWorkspace connected to endpoint : <BSServiceConnectionEndpoint: 0x105d0c460; target: com.apple.frontboard.systemappservices; service: com.apple.frontboard.workspace-service>
2026-07-15 20:42:30.333 Df DeepLinkFixture[83072:1162fe3] [com.apple.FrontBoard:SceneExtension] Realizing settings extension <_UISceneOcclusionSettings> on FBSSceneSettings
2026-07-15 20:42:30.333 Df DeepLinkFixture[83072:1162fd2] [com.apple.FrontBoard:Common] <FBSWorkspaceScenesClient:0x105ce0c80 com.apple.frontboard.systemappservices> attempting immediate handshake from activate
2026-07-15 20:42:30.334 Df DeepLinkFixture[83072:1162fd2] [com.apple.FrontBoard:Common] <FBSWorkspaceScenesClient:0x105ce0c80 com.apple.frontboard.systemappservices> sent handshake
2026-07-15 20:42:30.334 Df DeepLinkFixture[83072:1162fd2] [com.apple.runningboard:general] Added observer for process assertions expiration warning: <_RBSExpirationWarningClient: 0x105d0cc20>
2026-07-15 20:42:30.334 Df DeepLinkFixture[83072:1162fe3] [com.apple.FrontBoard:SceneExtension] Realizing settings extension <_UISceneInterfaceProtectionSettings> on FBSSceneSettings
2026-07-15 20:42:30.335 Df DeepLinkFixture[83072:1162fe3] [com.apple.FrontBoard:SceneExtension] Realizing settings extension _UISceneLayoutPreferencesHostSettingsExtension on FBSSceneSettings
2026-07-15 20:42:30.336 Df DeepLinkFixture[83072:1162fe3] [com.apple.FrontBoard:SceneExtension] Realizing settings extension _UISceneSafeAreaSettingsExtension on FBSSceneSettings
2026-07-15 20:42:30.336 Df DeepLinkFixture[83072:1162fe3] [com.apple.FrontBoard:SceneExtension] Realizing settings extension _UISceneLayoutPreferenceClientSettingsExtension on FBSSceneClientSettings
2026-07-15 20:42:30.337 Df DeepLinkFixture[83072:1162fe3] [com.apple.FrontBoard:SceneExtension] Realizing settings extension <_UIHomeAffordanceHostSceneSettings> on FBSSceneSettings
2026-07-15 20:42:30.337 Df DeepLinkFixture[83072:1162fe3] [com.apple.FrontBoard:SceneExtension] Realizing settings extension _UISystemShellSceneHostingEnvironmentSettings on FBSSceneSettings
2026-07-15 20:42:30.338 Df DeepLinkFixture[83072:1162fe3] [com.apple.FrontBoard:SceneExtension] Realizing settings extension _UISceneRenderingEnvironmentSettings on FBSSceneSettings
2026-07-15 20:42:30.338 Df DeepLinkFixture[83072:1162fe3] [com.apple.FrontBoard:SceneExtension] Realizing settings extension <_UISceneRenderingEnvironmentClientSettings> on FBSSceneClientSettings
2026-07-15 20:42:30.338 Df DeepLinkFixture[83072:1162fe3] [com.apple.FrontBoard:SceneExtension] Realizing settings extension <_UISceneTransitioningHostSettings> on FBSSceneSettings
2026-07-15 20:42:30.339 Df DeepLinkFixture[83072:1162fe3] [com.apple.FrontBoard:SceneExtension] Realizing settings extension <_UISceneFocusSystemSettings> on FBSSceneSettings
2026-07-15 20:42:30.339 Df DeepLinkFixture[83072:1162fe3] [com.apple.FrontBoard:SceneExtension] Realizing settings extension _UISceneOrientationSettingsExtension on FBSSceneSettings
2026-07-15 20:42:30.339 Df DeepLinkFixture[83072:1162fe3] [com.apple.FrontBoard:SceneExtension] Realizing settings extension _UISceneOrientationClientSettingsExtension on FBSSceneClientSettings
2026-07-15 20:42:30.339 Df DeepLinkFixture[83072:1162fe3] [com.apple.FrontBoard:SceneExtension] Realizing settings extension _UISceneWindowingControlClientSettings on FBSSceneClientSettings
2026-07-15 20:42:30.339 Df DeepLinkFixture[83072:1162fe3] [com.apple.FrontBoard:SceneExtension] Realizing settings extension <_UISceneHostingContentSizePreferenceClientSettings> on FBSSceneClientSettings
2026-07-15 20:42:30.340 Df DeepLinkFixture[83072:1162fd2] [com.apple.UIKit:UIScreen] Evaluated capturing state as 0 on <UIScreen: 0x105d48500> for initial
2026-07-15 20:42:30.340 Df DeepLinkFixture[83072:1162fe3] [com.apple.FrontBoard:SceneExtension] Realizing settings extension _UISceneHostingTraitCollectionPropagationSettings on FBSSceneSettings
2026-07-15 20:42:30.340 Df DeepLinkFixture[83072:1162fd2] [com.apple.UIKit:UIScreen] Evaluated capturing state as 0 on <UIScreen: 0x105d48500> for CADisplay KVO
2026-07-15 20:42:30.340 Df DeepLinkFixture[83072:1162fe3] [com.apple.FrontBoard:SceneExtension] Realizing settings extension <_UISceneHostingSheetPresentationSettings> on FBSSceneSettings
2026-07-15 20:42:30.341 Df DeepLinkFixture[83072:1162fe3] [com.apple.FrontBoard:SceneExtension] Realizing settings extension <_UISceneHostingSheetPresentationClientSettings> on FBSSceneClientSettings
2026-07-15 20:42:30.341 Df DeepLinkFixture[83072:1162fe3] [com.apple.FrontBoard:SceneExtension] Realizing settings extension <_UISceneHostingEventDeferringSettings> on FBSSceneSettings
2026-07-15 20:42:30.342 Df DeepLinkFixture[83072:1162fe3] [com.apple.FrontBoard:SceneExtension] Realizing settings extension <UIKit__UITypedKeyValueSceneSettings> on FBSSceneSettings
2026-07-15 20:42:30.342 Df DeepLinkFixture[83072:1162fe3] [com.apple.FrontBoard:SceneExtension] Realizing settings extension <UIKit__UITypedKeyValueSceneSettings> on FBSSceneClientSettings
2026-07-15 20:42:30.342 Df DeepLinkFixture[83072:1162fe3] [com.apple.FrontBoard:SceneExtension] Realizing settings extension <_UISceneHostingViewControllerPreferencePropagationClientSettings> on FBSSceneClientSettings
2026-07-15 20:42:30.342 Df DeepLinkFixture[83072:1162fe3] [com.apple.FrontBoard:SceneExtension] Realizing settings extension <_UISceneZoomTransitionSettings> on FBSSceneSettings
2026-07-15 20:42:30.343 Df DeepLinkFixture[83072:1162fec] [com.apple.FrontBoard:SceneExtension] Realizing settings extension FBSSceneSettingsCore on FBSSceneSettings
2026-07-15 20:42:30.343 Df DeepLinkFixture[83072:1162fd2] [com.apple.Accessibility:AXSupportCommon] Read CategoryName: per-app = 1, category name = (null)
2026-07-15 20:42:30.344 Df DeepLinkFixture[83072:1162fd2] [com.apple.Accessibility:AXSupportCommon] Read CategoryName: per-app = 0, category name = (null)
2026-07-15 20:42:30.344 Df DeepLinkFixture[83072:1162fec] [com.apple.FrontBoard:SceneExtension] Realizing settings extension FBSSceneClientSettingsCore on FBSSceneClientSettings
2026-07-15 20:42:30.363 Df DeepLinkFixture[83072:1162fec] [com.apple.FrontBoard:SceneExtension] UIMutableApplicationSceneSettings setting counterpart class: UIApplicationSceneSettings
2026-07-15 20:42:30.364 Df DeepLinkFixture[83072:1162fec] [com.apple.FrontBoard:SceneExtension] UIMutableApplicationSceneClientSettings setting counterpart class: UIApplicationSceneClientSettings
2026-07-15 20:42:30.364 Df DeepLinkFixture[83072:1162fec] [com.apple.FrontBoard:SceneExtension] Realizing settings extension FBSSceneTransitionContextCore on FBSSceneTransitionContext
2026-07-15 20:42:30.377 Df DeepLinkFixture[83072:1162fec] [com.apple.xpc:connection] [0x105d48f00] activating connection: mach=true listener=false peer=false name=com.apple.fontservicesd
2026-07-15 20:42:30.384 Df DeepLinkFixture[83072:1162fd2] [com.apple.dt.xctest:Default] Registering for test daemon availability notify post.
2026-07-15 20:42:30.384 Df DeepLinkFixture[83072:1162fd2] [com.apple.dt.xctest:Default] notify_get_state check indicated test daemon not ready.
2026-07-15 20:42:30.384 Df DeepLinkFixture[83072:1162fd2] [com.apple.dt.xctest:Default] notify_get_state check indicated test daemon not ready.
2026-07-15 20:42:30.385 Df DeepLinkFixture[83072:1162fd2] [com.apple.dt.xctest:Default] notify_get_state check indicated test daemon not ready.
2026-07-15 20:42:30.386 Df DeepLinkFixture[83072:1162fd2] [com.apple.UIKit:UpdateScheduler] Selected display: name=LCD (PurpleMain), id=1
2026-07-15 20:42:30.387 Df DeepLinkFixture[83072:1162fd2] [com.apple.UIKit:EventBus] Event Timing Profile for Touch: not found, path="/System/Library/EventTimingProfiles/Sim.Touch.plist"
2026-07-15 20:42:30.387 Df DeepLinkFixture[83072:1162fd2] [com.apple.UIKit:EventBus] Event Timing Profile for Pencil: not found, path="/System/Library/EventTimingProfiles/Sim.Pencil.plist"
2026-07-15 20:42:30.387 Df DeepLinkFixture[83072:1162fd2] [com.apple.FrontBoard:SceneClient] [(FBSceneManager):sceneID:dev.deeplinklab.fixture-default] Received action(s) in scene-create: UIOpenURLAction
2026-07-15 20:42:30.390 Df DeepLinkFixture[83072:1162fd2] [com.apple.app_launch_measurement:ApplicationLaunch] alm_acquire_pageins_recording_assertion: acquired pageins recording assertion!
2026-07-15 20:42:30.391 Df DeepLinkFixture[83072:1162fd2] [com.apple.UIKit:BackgroundTask] Will add backgroundTask with taskName: Persistent SceneSession Map Update, expirationHandler: <__NSGlobalBlock__: 0x1e78c84e8>
2026-07-15 20:42:30.392 Df DeepLinkFixture[83072:1162fd2] [com.apple.UIKit:BackgroundTask] Reusing background assertion <BKSProcessAssertion: 0x1055c0cb0>
2026-07-15 20:42:30.392 Df DeepLinkFixture[83072:1162fd2] [com.apple.UIKit:BackgroundTask] Incrementing reference count for background assertion <BKSProcessAssertion: 0x1055c0cb0>
2026-07-15 20:42:30.392 Df DeepLinkFixture[83072:1162fd2] [com.apple.UIKit:BackgroundTask] Created background task <_UIBackgroundTaskInfo: 0x105e58e80>: taskID = 2, taskName = Persistent SceneSession Map Update, creationTime = 423974 (elapsed = 0).
2026-07-15 20:42:30.392 Df DeepLinkFixture[83072:1162fd2] [com.apple.UIKit:Application] Deactivation reason added: 5; deactivation reasons: 1024 -> 1056; animating application lifecycle event: 1
2026-07-15 20:42:30.393 Df DeepLinkFixture[83072:1162fd2] [com.apple.UIKit:InterfaceStyle] Not push traits update to screen for new style 1, <UIWindowScene: 0x1055c1430> (AB241360-E685-4A97-A1F8-02CE4FD71C61)
2026-07-15 20:42:30.393 Df DeepLinkFixture[83072:1162fd2] [com.apple.UIKit:InterfaceStyle] Should send trait collection or coordinate space update, interface style 1 -> 1, <UIWindowScene: 0x1055c1430> (AB241360-E685-4A97-A1F8-02CE4FD71C61)
2026-07-15 20:42:30.394 Df DeepLinkFixture[83072:1162fd2] [com.apple.UIKit:InterfaceStyle] Not push traits update to screen for new style 1, <UIWindowScene: 0x1055c1430> (AB241360-E685-4A97-A1F8-02CE4FD71C61)
2026-07-15 20:42:30.394 Df DeepLinkFixture[83072:1162fd2] [com.apple.UIKit:HomeAffordanceObservation] Initializing: <_UIHomeAffordanceSceneNotifier: 0x105e5d180>; with scene: <UIWindowScene: 0x1055c1430>
2026-07-15 20:42:30.394 Df DeepLinkFixture[83072:1162fd2] [com.apple.BacklightServices:scenes] 0x105e05890 setDelegate:<0x105e043f0 _UIBacklightEnvironment> hasDelegate:YES for environment:sceneID:dev.deeplinklab.fixture-default
2026-07-15 20:42:30.394 Df DeepLinkFixture[83072:1162fd2] [com.apple.UIKit:InterfaceStyle] Not push traits update to screen for new style 1, <UIWindowScene: 0x1055c1430> (AB241360-E685-4A97-A1F8-02CE4FD71C61)
2026-07-15 20:42:30.395 Df DeepLinkFixture[83072:1162fd2] [com.apple.UIKit:EventDeferring] [0x105e5d500] Initialized with scene: <UIWindowScene: 0x1055c1430>; behavior: <_UIEventDeferringBehavior_iOS: 0x105d0f040>; availableForProcess: 1, systemShellManagesKeyboardFocus: 1
2026-07-15 20:42:30.395 Df DeepLinkFixture[83072:1162fd2] [com.apple.BoardServices:XPCErrors] [C:2] Alloc com.apple.backboard.hid-services.xpc
2026-07-15 20:42:30.396 Df DeepLinkFixture[83072:1162fd2] [com.apple.xpc:connection] [0x105d49180] activating connection: mach=false listener=false peer=false name=(anonymous)
2026-07-15 20:42:30.398 Df DeepLinkFixture[83072:1162fec] [com.apple.BackBoard:EventDelivery] BKSHIDEventObserver - connection activation
2026-07-15 20:42:30.398 Df DeepLinkFixture[83072:1162fd2] [com.apple.BackBoard:EventDelivery] policyStatus:<BKSHIDEventDeliveryPolicyObserver: 0x105df74e0; process scope; status: target> was:none
2026-07-15 20:42:30.398 Df DeepLinkFixture[83072:1162fd2] [com.apple.UIKit:KeyWindow] Setting default evaluation strategy for UIUserInterfaceIdiomPhone to LastOneWins
2026-07-15 20:42:30.398 Df DeepLinkFixture[83072:1162fd2] [com.apple.UIKit:KeyWindow] Scene target of keyboard event deferring environment did change: 1; scene: UIWindowScene: 0x1055c1430; scene identity: com.apple.frontboard.systemappservices/FBSceneManager:sceneID%3Adev.deeplinklab.fixture-default
2026-07-15 20:42:30.398 Df DeepLinkFixture[83072:1162fd2] [com.apple.UIKit:EventDeferring] [0x105e5d500] Scene target of event deferring environments did update: scene: 0x1055c1430; current systemShellManagesKeyboardFocus: 1; systemShellManagesKeyboardFocusForScene: 1; eligibleForRecordRemoval: 1;
2026-07-15 20:42:30.398 Df DeepLinkFixture[83072:1162fd2] [com.apple.UIKit:KeyWindow] Scene became target of keyboard event deferring environment: UIWindowScene: 0x1055c1430; scene identity: com.apple.frontboard.systemappservices/FBSceneManager:sceneID%3Adev.deeplinklab.fixture-default
2026-07-15 20:42:30.398 Df DeepLinkFixture[83072:1162fd2] [com.apple.UIKit:KeyWindow] Stack[KeyWindow] 0x105e06640: Taking no further action for migration from LastOneWins -> SystemShellManaged as there are no scenes
2026-07-15 20:42:30.399 Df DeepLinkFixture[83072:1162fd2] [com.apple.UIKit:KeyWindow] Setting default evaluation strategy for UIUserInterfaceIdiomPhone to SystemShellManaged
2026-07-15 20:42:30.399 Df DeepLinkFixture[83072:1162fd2] [com.apple.UIKit:KeyWindow] Key window needs update: 0; currentKeyWindowScene: 0x0; evaluatedKeyWindowScene: 0x1055c1430; currentApplicationKeyWindow: 0x0; evaluatedApplicationKeyWindow: 0x0; reason: UIWindowScene: 0x1055c1430: Window scene became target of keyboard environment
2026-07-15 20:42:30.399 Df DeepLinkFixture[83072:1162fd2] [com.apple.UIKit:InterfaceStyle] Not push traits update to screen for new style 1, <UIWindowScene: 0x1055c1430> (AB241360-E685-4A97-A1F8-02CE4FD71C61)
2026-07-15 20:42:30.400 Df DeepLinkFixture[83072:1162fd2] [com.apple.UIKit:InterfaceStyle] Not push traits update to screen for new style 1, <UIWindowScene: 0x1055c1430> (AB241360-E685-4A97-A1F8-02CE4FD71C61)
2026-07-15 20:42:30.402 Df DeepLinkFixture[83072:1162fd2] [com.apple.UIKit:InterfaceStyle] Not push traits update to screen for new style 1, <UIWindowScene: 0x1055c1430> (AB241360-E685-4A97-A1F8-02CE4FD71C61)
2026-07-15 20:42:30.402 F  DeepLinkFixture[83072:1162fd2] [com.apple.runtime-issues:UIKit App Config] `UIScene` lifecycle will soon be required. Failure to adopt will result in an assert in the future.
2026-07-15 20:42:30.402 A  DeepLinkFixture[83072:1162fd2] (libsystem_trace.dylib) Activity for state dumps
2026-07-15 20:42:30.403 Df DeepLinkFixture[83072:1162fd2] [com.apple.UIKit:InterfaceStyle] Not push traits update to screen for new style 1, <UIWindowScene: 0x1055c1430> (AB241360-E685-4A97-A1F8-02CE4FD71C61)
2026-07-15 20:42:30.403 Df DeepLinkFixture[83072:1162fd2] [com.apple.UIKit:AppLifecycle] sceneOfRecord: sceneID: sceneID:dev.deeplinklab.fixture-default  persistentID: AB241360-E685-4A97-A1F8-02CE4FD71C61
2026-07-15 20:42:30.404 Df DeepLinkFixture[83072:1162fd2] [com.apple.UIKit:Application] Ignoring already applied deactivation reason: 5; deactivation reasons: 1056
2026-07-15 20:42:30.404 Df DeepLinkFixture[83072:1162fd2] [com.apple.UIKit:Application] Deactivation reason added: 11; deactivation reasons: 1056 -> 3104; animating application lifecycle event: 1
2026-07-15 20:42:30.404 Df DeepLinkFixture[83072:1162fd2] [com.apple.KeyboardArbiter:Client] startConnection
2026-07-15 20:42:30.404 Df DeepLinkFixture[83072:1162fd2] [com.apple.xpc:connection] [0x105d497c0] activating connection: mach=true listener=false peer=false name=com.apple.UIKit.KeyboardManagement.hosted
2026-07-15 20:42:30.438 Df DeepLinkFixture[83072:1162fd2] [com.apple.UIKit:Orientation] <UIWindowScene: 0x1055c1430> (AB241360-E685-4A97-A1F8-02CE4FD71C61) Scene updated orientation preferences: none -> ( Pu )
2026-07-15 20:42:30.448 Df DeepLinkFixture[83072:1162fd2] [com.apple.UIKit:KeyWindow] Key window API is scene-level: YES
2026-07-15 20:42:30.448 Df DeepLinkFixture[83072:1162fd2] [com.apple.UIKit:KeyWindow] UIWindowScene: 0x1055c1430: Window became key in scene: UIWindow: 0x105dac000; contextId: 0xDB420769: reason: UIWindowScene: 0x1055c1430: Window requested to become key in scene: 0x105dac000
2026-07-15 20:42:30.448 Df DeepLinkFixture[83072:1162fd2] [com.apple.UIKit:KeyWindow] Key window needs update: 1; currentKeyWindowScene: 0x0; evaluatedKeyWindowScene: 0x1055c1430; currentApplicationKeyWindow: 0x0; evaluatedApplicationKeyWindow: 0x105dac000; reason: UIWindowScene: 0x1055c1430: Window requested to become key in scene: 0x105dac000
2026-07-15 20:42:30.448 Df DeepLinkFixture[83072:1162fd2] [com.apple.UIKit:KeyWindow] Window did become application key: UIWindow: 0x105dac000; contextId: 0xDB420769; scene identity: com.apple.frontboard.systemappservices/FBSceneManager:sceneID%3Adev.deeplinklab.fixture-default
2026-07-15 20:42:30.448 Df DeepLinkFixture[83072:1162fd2] [com.apple.UIKit:EventDeferring] [0x105e5d500] Begin local event deferring requested for token: 0x105df5260; environments: 1; reason: UIWindowScene: 0x1055c1430: Begin event deferring in keyboardFocus for window: 0x105dac000
2026-07-15 20:42:30.449 Df DeepLinkFixture[83072:1162fe8] [com.apple.BackBoard:EventDelivery] BKSHIDEventDeliveryManager - connection activation
2026-07-15 20:42:30.453 Df DeepLinkFixture[83072:1162fe8] [com.apple.BackBoard:EventDelivery] policyStatus:<BKSHIDEventDeliveryPolicyObserver: 0x105df74e0; token: com.apple.frontboard.systemappservices/FBSceneManager:sceneID%3Adev.deeplinklab.fixture-default; status: ancestor> was:target
2026-07-15 20:42:30.454 Df DeepLinkFixture[83072:1162fd2] (Foundation) DEEPLINKLAB_DESTINATION=home
2026-07-15 20:42:30.456 Df DeepLinkFixture[83072:1162fd2] (Foundation) DEEPLINKLAB_DESTINATION=article/7
2026-07-15 20:42:30.459 Df DeepLinkFixture[83072:1162fd2] (Foundation) DEEPLINKLAB_DESTINATION=article/7
2026-07-15 20:42:30.460 Df DeepLinkFixture[83072:1162fd2] [com.apple.UIKit:Application] Deactivation reason removed: 10; deactivation reasons: 3104 -> 2080; animating application lifecycle event: 1
2026-07-15 20:42:30.460 Df DeepLinkFixture[83072:1162fd2] [com.apple.UIKit:Application] Deactivation reason added: 12; deactivation reasons: 2080 -> 6176; animating application lifecycle event: 1
2026-07-15 20:42:30.461 Df DeepLinkFixture[83072:1162fd2] [com.apple.UIKit:Application] Deactivation reason removed: 11; deactivation reasons: 6176 -> 4128; animating application lifecycle event: 1
2026-07-15 20:42:30.461 Df DeepLinkFixture[83072:1162fd2] [com.apple.FrontBoard:SceneExtension] Realizing settings extension <_UISceneIntelligenceSupportSettings> on FBSSceneSettings
2026-07-15 20:42:30.462 Df DeepLinkFixture[83072:1162fed] [com.apple.UIIntelligenceSupport:xpc] establishing connection to agent
2026-07-15 20:42:30.462 Df DeepLinkFixture[83072:1162fed] [com.apple.xpc:session] [0x105db0820] Session created.
2026-07-15 20:42:30.462 Df DeepLinkFixture[83072:1162fed] [com.apple.xpc:session] [0x105db0820] Session created from connection [0x105f648c0]
2026-07-15 20:42:30.462 Df DeepLinkFixture[83072:1162fed] [com.apple.xpc:connection] [0x105f648c0] activating connection: mach=true listener=false peer=false name=com.apple.uiintelligencesupport.agent
2026-07-15 20:42:30.463 Df DeepLinkFixture[83072:1162fed] [com.apple.xpc:session] [0x105db0820] Session activated
2026-07-15 20:42:30.463 Df DeepLinkFixture[83072:1162fd2] [com.apple.UIKit:InterfaceStyle] Not push traits update to screen for new style 1, <UIWindowScene: 0x1055c1430> (AB241360-E685-4A97-A1F8-02CE4FD71C61)
2026-07-15 20:42:30.504 A  DeepLinkFixture[83072:1162fe8] (RunningBoardServices) didChangeInheritances
2026-07-15 20:42:30.505 Df DeepLinkFixture[83072:1162fd2] [com.apple.xpc:connection] [0x105f64280] activating connection: mach=true listener=false peer=false name=com.apple.lsd.mapdb
2026-07-15 20:42:30.515 A  DeepLinkFixture[83072:1162fed] (RunningBoardServices) didChangeInheritances
2026-07-15 20:42:30.527 Df DeepLinkFixture[83072:1162fd2] [com.apple.network:activity] Create activity from XPC object <nw_activity 50:1 [B0489316-DE28-47FE-91F2-69DB6511EF4F] (reporting strategy default)>
2026-07-15 20:42:30.527 Df DeepLinkFixture[83072:1162fd2] [com.apple.network:activity] Create activity from XPC object <nw_activity 50:2 [E24F4E15-C5CD-442B-921C-449337B1DF1D] (reporting strategy default)>
2026-07-15 20:42:30.527 Df DeepLinkFixture[83072:1162fd2] [com.apple.network:activity] Set activity <nw_activity 50:1 [B0489316-DE28-47FE-91F2-69DB6511EF4F] (reporting strategy default)> as the global parent
2026-07-15 20:42:30.527 Df DeepLinkFixture[83072:1162fd2] [com.apple.UIKit:BackgroundTask] Ending background task with UIBackgroundTaskIdentifier: 1
2026-07-15 20:42:30.527 Df DeepLinkFixture[83072:1162fd2] [com.apple.UIKit:BackgroundTask] Ending task with identifier 1 and description: <_UIBackgroundTaskInfo: 0x105c44b00>: taskID = 1, taskName = Launch Background Task for Coalescing, creationTime = 423973 (elapsed = 1), _expireHandler: (null)
2026-07-15 20:42:30.527 Df DeepLinkFixture[83072:1162fd2] [com.apple.UIKit:BackgroundTask] Decrementing reference count for assertion <BKSProcessAssertion: 0x1055c0cb0> (used by background task with identifier 1: <_UIBackgroundTaskInfo: 0x105c44b00>: taskID = 1, taskName = Launch Background Task for Coalescing, creationTime = 423973 (elapsed = 1))
2026-07-15 20:42:30.527 Df DeepLinkFixture[83072:1162fd2] [com.apple.UIKit:UpdateScheduler] Target list changed: <CADisplay:LCD PurpleMain>
2026-07-15 20:42:30.528 Df DeepLinkFixture[83072:1162fd2] [com.apple.UIKit:AppLifecycle] sceneOfRecord: sceneID: sceneID:dev.deeplinklab.fixture-default  persistentID: AB241360-E685-4A97-A1F8-02CE4FD71C61
2026-07-15 20:42:30.529 Df DeepLinkFixture[83072:1162fd2] [com.apple.UIKit:InterfaceStyle] Not push traits update to screen for new style 1, <UIWindowScene: 0x1055c1430> (AB241360-E685-4A97-A1F8-02CE4FD71C61)
2026-07-15 20:42:30.529 Df DeepLinkFixture[83072:1162fd2] [com.apple.UIKit:EventDeferring] [0x105e5d500] Scene target of event deferring environments did update: scene: 0x1055c1430; current systemShellManagesKeyboardFocus: 1; systemShellManagesKeyboardFocusForScene: 1; eligibleForRecordRemoval: 1;
2026-07-15 20:42:30.529 Df DeepLinkFixture[83072:1162fd2] [com.apple.UIKit:KeyWindow] Scene became target of keyboard event deferring environment: UIWindowScene: 0x1055c1430; scene identity: com.apple.frontboard.systemappservices/FBSceneManager:sceneID%3Adev.deeplinklab.fixture-default
2026-07-15 20:42:30.530 Sd DeepLinkFixture[83072:0] (21AB2359-DEEC-3444-94FE-B7257E43BE34) IOHIDManager State
{
    DispatchQueue = 0;
    RunLoop = 1;
    createOptions = 0;
    isOpen = 0;
    openOptions = 0;
}
2026-07-15 20:42:30.531 Df DeepLinkFixture[83072:1162fd2] [com.apple.UIKit:InterfaceStyle] Not push traits update to screen for new style 1, <UIWindowScene: 0x1055c1430> (AB241360-E685-4A97-A1F8-02CE4FD71C61)
2026-07-15 20:42:30.531 Df DeepLinkFixture[83072:1162fd2] [com.apple.UIKit:AppLifecycle] sceneOfRecord: sceneID: sceneID:dev.deeplinklab.fixture-default  persistentID: AB241360-E685-4A97-A1F8-02CE4FD71C61
2026-07-15 20:42:30.531 Df DeepLinkFixture[83072:1162fd2] [com.apple.UIKit:Application] Deactivation reason removed: 12; deactivation reasons: 4128 -> 32; animating application lifecycle event: 1
2026-07-15 20:42:30.531 Df DeepLinkFixture[83072:1162fd2] [com.apple.KeyboardArbiter:Client] Send setDeactivating: N (-DeactivationReason:SuspendedEventsOnly)
2026-07-15 20:42:30.532 Df DeepLinkFixture[83072:1162fd2] [com.apple.UIKit:Application] Deactivation reason removed: 5; deactivation reasons: 32 -> 0; animating application lifecycle event: 0
2026-07-15 20:42:30.534 Df DeepLinkFixture[83072:1162fd2] [com.apple.KeyboardArbiter:Client] startConnection
2026-07-15 20:42:30.535 Df DeepLinkFixture[83072:1162fd2] [com.apple.KeyboardArbiter:Client] handleKeyboardChange: set currentKeyboard:N (wasKeyboard:N)
2026-07-15 20:42:30.546 Df DeepLinkFixture[83072:1162fd2] [com.apple.UIKit:KeyboardSceneDelegate] forceReloadInputViews
2026-07-15 20:42:30.546 Df DeepLinkFixture[83072:1162fd2] [com.apple.UIKit:KeyboardSceneDelegate] Reloading input views for key-window scene responder: <(null): 0x0; > force:Y
2026-07-15 20:42:30.547 Df DeepLinkFixture[83072:1162fd2] [com.apple.UIKit:KeyboardArbiterClientLog] isWritingToolsHandlingKeyboardTracking:Y (WT ready:Y, Arbiter ready:Y)
2026-07-15 20:42:30.588 Df DeepLinkFixture[83072:1162fd2] [com.apple.network:activity] <nw_activity 50:1 [B0489316-DE28-47FE-91F2-69DB6511EF4F] (global parent) (reporting strategy default) complete (reason success)> complete with reason 2 (success), duration 684ms
2026-07-15 20:42:30.588 Df DeepLinkFixture[83072:1162fd2] [com.apple.network:activity] <nw_activity 50:2 [E24F4E15-C5CD-442B-921C-449337B1DF1D] (reporting strategy default) complete (reason success)> complete with reason 2 (success), duration 685ms
2026-07-15 20:42:30.589 Df DeepLinkFixture[83072:1162fd2] [com.apple.network:activity] Unsetting the global parent activity <nw_activity 50:1 [B0489316-DE28-47FE-91F2-69DB6511EF4F] (global parent) (reporting strategy default) complete (reason success)>
2026-07-15 20:42:30.589 Df DeepLinkFixture[83072:1162fd2] [com.apple.network:activity] Unset the global parent activity
2026-07-15 20:42:30.589 Df DeepLinkFixture[83072:1162fd2] [com.apple.app_launch_measurement:ApplicationLaunch] alm_release_pageins_recording_assertion: releasing pageins recording assertion
2026-07-15 20:42:30.612 A  DeepLinkFixture[83072:1162fe8] (RunningBoardServices) didChangeInheritances
2026-07-15 20:42:30.909 Df DeepLinkFixture[83072:1162fd2] [com.apple.Accessibility:AXCommon] Read Per-App on Init: Smart invert = (null)
2026-07-15 20:42:30.910 Df DeepLinkFixture[83072:1162fec] [com.apple.UIKit:BackgroundTask] Ending background task with UIBackgroundTaskIdentifier: 2
2026-07-15 20:42:30.910 Df DeepLinkFixture[83072:1162fec] [com.apple.UIKit:BackgroundTask] Ending task with identifier 2 and description: <_UIBackgroundTaskInfo: 0x105e58e80>: taskID = 2, taskName = Persistent SceneSession Map Update, creationTime = 423974 (elapsed = 0), _expireHandler: <__NSGlobalBlock__: 0x1e78c84e8>
2026-07-15 20:42:30.910 Df DeepLinkFixture[83072:1162fec] [com.apple.UIKit:BackgroundTask] Decrementing reference count for assertion <BKSProcessAssertion: 0x1055c0cb0> (used by background task with identifier 2: <_UIBackgroundTaskInfo: 0x105e58e80>: taskID = 2, taskName = Persistent SceneSession Map Update, creationTime = 423974 (elapsed = 0))
2026-07-15 20:42:30.910 Df DeepLinkFixture[83072:1162fec] [com.apple.UIKit:BackgroundTask] Will invalidate assertion: <BKSProcessAssertion: 0x1055c0cb0> for task identifier: 2
2026-07-15 20:42:31.492 A  DeepLinkFixture[83072:1162fe8] (RunningBoardServices) didChangeInheritances
