Timestamp               Ty Process[PID:TID]
2026-07-15 20:42:18.565 Df DeepLinkFixture[82553:1162afc] (libMobileGestalt.dylib) No persisted cache on this platform.
2026-07-15 20:42:18.566 Df DeepLinkFixture[82553:1162b05] [com.apple.xpc:connection] [0x103693130] activating connection: mach=true listener=false peer=false name=com.apple.cfprefsd.daemon
2026-07-15 20:42:18.567 Df DeepLinkFixture[82553:1162b06] [com.apple.BoardServices:XPCErrors] [C:1] Alloc com.apple.frontboard.systemappservices
2026-07-15 20:42:18.568 Df DeepLinkFixture[82553:1162b06] [com.apple.xpc:connection] [0x103699c90] activating connection: mach=false listener=false peer=false name=(anonymous)
2026-07-15 20:42:18.571 A  DeepLinkFixture[82553:1162b05] (CoreFoundation) Loading Preferences From User Session CFPrefsD
2026-07-15 20:42:18.577 Df DeepLinkFixture[82553:1162afc] [com.apple.UIKit:Application] Deactivation reason added: 10; deactivation reasons: 0 -> 1024; animating application lifecycle event: 0
2026-07-15 20:42:18.577 Df DeepLinkFixture[82553:1162b04] [com.apple.UIKit:BackgroundTask] Creating new assertion because there is no existing background assertion.
2026-07-15 20:42:18.577 Df DeepLinkFixture[82553:1162b04] [com.apple.UIKit:BackgroundTask] Creating new background assertion
2026-07-15 20:42:18.577 Df DeepLinkFixture[82553:1162b04] [com.apple.UIKit:BackgroundTask] Created new background assertion <BKSProcessAssertion: 0x103695470>
2026-07-15 20:42:18.577 Df DeepLinkFixture[82553:1162afc] [com.apple.runningboard:connection] Initializing connection
2026-07-15 20:42:18.577 Df DeepLinkFixture[82553:1162afc] [com.apple.runningboard:process] Removing all cached process handles
2026-07-15 20:42:18.577 Df DeepLinkFixture[82553:1162b06] [com.apple.runningboard:connection] Sending handshake request attempt #1 to server
2026-07-15 20:42:18.578 Df DeepLinkFixture[82553:1162afc] [com.apple.BoardServices:Injection] activating monitor for service com.apple.frontboard.open
2026-07-15 20:42:18.578 Df DeepLinkFixture[82553:1162b06] [com.apple.runningboard:connection] Creating connection to com.apple.runningboard
2026-07-15 20:42:18.578 Df DeepLinkFixture[82553:1162b06] [com.apple.xpc:connection] [0x103d34280] activating connection: mach=true listener=false peer=false name=com.apple.runningboard
2026-07-15 20:42:18.578 Df DeepLinkFixture[82553:1162afc] [com.apple.BoardServices:Injection] activating monitor for service com.apple.frontboard.workspace-service
2026-07-15 20:42:18.579 A  DeepLinkFixture[82553:1162b05] (RunningBoardServices) didChangeInheritances
2026-07-15 20:42:18.579 Df DeepLinkFixture[82553:1162b06] [com.apple.runningboard:connection] Handshake succeeded
2026-07-15 20:42:18.579 Df DeepLinkFixture[82553:1162b06] [com.apple.runningboard:connection] Identity resolved as app<dev.deeplinklab.fixture((null))>
2026-07-15 20:42:18.579 Df DeepLinkFixture[82553:1162afc] [com.apple.FrontBoard:Common] FBSWorkspace registering source: com.apple.frontboard.systemappservices
2026-07-15 20:42:18.580 Df DeepLinkFixture[82553:1162b04] [com.apple.UIKit:BackgroundTask] Incrementing reference count for background assertion <BKSProcessAssertion: 0x103695470>
2026-07-15 20:42:18.580 Df DeepLinkFixture[82553:1162b04] [com.apple.UIKit:BackgroundTask] Created background task <_UIBackgroundTaskInfo: 0x103c44b40>: taskID = 1, taskName = Launch Background Task for Coalescing, creationTime = 423962 (elapsed = 0).
2026-07-15 20:42:18.580 Df DeepLinkFixture[82553:1162b04] [com.apple.FrontBoard:SceneExtension] Realizing settings extension _UIApplicationSceneKeyboardSettings on FBSSceneSettings
2026-07-15 20:42:18.581 Df DeepLinkFixture[82553:1162afc] [com.apple.FrontBoard:Common] FBSWorkspace connected to endpoint : <BSServiceConnectionEndpoint: 0x103d08880; target: com.apple.frontboard.systemappservices; service: com.apple.frontboard.workspace-service>
2026-07-15 20:42:18.581 Df DeepLinkFixture[82553:1162afc] [com.apple.FrontBoard:Common] <FBSWorkspaceScenesClient:0x103cecd20 com.apple.frontboard.systemappservices> attempting immediate handshake from activate
2026-07-15 20:42:18.581 Df DeepLinkFixture[82553:1162b04] [com.apple.FrontBoard:SceneExtension] Realizing settings extension <_UISceneOcclusionSettings> on FBSSceneSettings
2026-07-15 20:42:18.581 Df DeepLinkFixture[82553:1162afc] [com.apple.FrontBoard:Common] <FBSWorkspaceScenesClient:0x103cecd20 com.apple.frontboard.systemappservices> sent handshake
2026-07-15 20:42:18.581 Df DeepLinkFixture[82553:1162b04] [com.apple.FrontBoard:SceneExtension] Realizing settings extension <_UISceneInterfaceProtectionSettings> on FBSSceneSettings
2026-07-15 20:42:18.581 Df DeepLinkFixture[82553:1162b04] [com.apple.FrontBoard:SceneExtension] Realizing settings extension _UISceneLayoutPreferencesHostSettingsExtension on FBSSceneSettings
2026-07-15 20:42:18.581 Df DeepLinkFixture[82553:1162afc] [com.apple.runningboard:general] Added observer for process assertions expiration warning: <_RBSExpirationWarningClient: 0x103d08ba0>
2026-07-15 20:42:18.582 Df DeepLinkFixture[82553:1162b04] [com.apple.FrontBoard:SceneExtension] Realizing settings extension _UISceneSafeAreaSettingsExtension on FBSSceneSettings
2026-07-15 20:42:18.582 Df DeepLinkFixture[82553:1162b04] [com.apple.FrontBoard:SceneExtension] Realizing settings extension _UISceneLayoutPreferenceClientSettingsExtension on FBSSceneClientSettings
2026-07-15 20:42:18.582 Df DeepLinkFixture[82553:1162b04] [com.apple.FrontBoard:SceneExtension] Realizing settings extension <_UIHomeAffordanceHostSceneSettings> on FBSSceneSettings
2026-07-15 20:42:18.583 Df DeepLinkFixture[82553:1162b04] [com.apple.FrontBoard:SceneExtension] Realizing settings extension _UISystemShellSceneHostingEnvironmentSettings on FBSSceneSettings
2026-07-15 20:42:18.583 Df DeepLinkFixture[82553:1162b04] [com.apple.FrontBoard:SceneExtension] Realizing settings extension _UISceneRenderingEnvironmentSettings on FBSSceneSettings
2026-07-15 20:42:18.583 Df DeepLinkFixture[82553:1162b04] [com.apple.FrontBoard:SceneExtension] Realizing settings extension <_UISceneRenderingEnvironmentClientSettings> on FBSSceneClientSettings
2026-07-15 20:42:18.583 Df DeepLinkFixture[82553:1162b04] [com.apple.FrontBoard:SceneExtension] Realizing settings extension <_UISceneTransitioningHostSettings> on FBSSceneSettings
2026-07-15 20:42:18.583 Df DeepLinkFixture[82553:1162b04] [com.apple.FrontBoard:SceneExtension] Realizing settings extension <_UISceneFocusSystemSettings> on FBSSceneSettings
2026-07-15 20:42:18.583 Df DeepLinkFixture[82553:1162b04] [com.apple.FrontBoard:SceneExtension] Realizing settings extension _UISceneOrientationSettingsExtension on FBSSceneSettings
2026-07-15 20:42:18.584 Df DeepLinkFixture[82553:1162b04] [com.apple.FrontBoard:SceneExtension] Realizing settings extension _UISceneOrientationClientSettingsExtension on FBSSceneClientSettings
2026-07-15 20:42:18.584 Df DeepLinkFixture[82553:1162b04] [com.apple.FrontBoard:SceneExtension] Realizing settings extension _UISceneWindowingControlClientSettings on FBSSceneClientSettings
2026-07-15 20:42:18.584 Df DeepLinkFixture[82553:1162b04] [com.apple.FrontBoard:SceneExtension] Realizing settings extension <_UISceneHostingContentSizePreferenceClientSettings> on FBSSceneClientSettings
2026-07-15 20:42:18.584 Df DeepLinkFixture[82553:1162b04] [com.apple.FrontBoard:SceneExtension] Realizing settings extension _UISceneHostingTraitCollectionPropagationSettings on FBSSceneSettings
2026-07-15 20:42:18.584 Df DeepLinkFixture[82553:1162b04] [com.apple.FrontBoard:SceneExtension] Realizing settings extension <_UISceneHostingSheetPresentationSettings> on FBSSceneSettings
2026-07-15 20:42:18.585 Df DeepLinkFixture[82553:1162b04] [com.apple.FrontBoard:SceneExtension] Realizing settings extension <_UISceneHostingSheetPresentationClientSettings> on FBSSceneClientSettings
2026-07-15 20:42:18.585 Df DeepLinkFixture[82553:1162b04] [com.apple.FrontBoard:SceneExtension] Realizing settings extension <_UISceneHostingEventDeferringSettings> on FBSSceneSettings
2026-07-15 20:42:18.585 Df DeepLinkFixture[82553:1162b04] [com.apple.FrontBoard:SceneExtension] Realizing settings extension <UIKit__UITypedKeyValueSceneSettings> on FBSSceneSettings
2026-07-15 20:42:18.585 Df DeepLinkFixture[82553:1162b04] [com.apple.FrontBoard:SceneExtension] Realizing settings extension <UIKit__UITypedKeyValueSceneSettings> on FBSSceneClientSettings
2026-07-15 20:42:18.586 Df DeepLinkFixture[82553:1162b04] [com.apple.FrontBoard:SceneExtension] Realizing settings extension <_UISceneHostingViewControllerPreferencePropagationClientSettings> on FBSSceneClientSettings
2026-07-15 20:42:18.586 Df DeepLinkFixture[82553:1162b04] [com.apple.FrontBoard:SceneExtension] Realizing settings extension <_UISceneZoomTransitionSettings> on FBSSceneSettings
2026-07-15 20:42:18.586 Df DeepLinkFixture[82553:1162b06] [com.apple.FrontBoard:SceneExtension] Realizing settings extension FBSSceneSettingsCore on FBSSceneSettings
2026-07-15 20:42:18.586 Df DeepLinkFixture[82553:1162afc] [com.apple.UIKit:UIScreen] Evaluated capturing state as 0 on <UIScreen: 0x103d343c0> for initial
2026-07-15 20:42:18.587 Df DeepLinkFixture[82553:1162b06] [com.apple.FrontBoard:SceneExtension] Realizing settings extension FBSSceneClientSettingsCore on FBSSceneClientSettings
2026-07-15 20:42:18.587 Df DeepLinkFixture[82553:1162afc] [com.apple.UIKit:UIScreen] Evaluated capturing state as 0 on <UIScreen: 0x103d343c0> for CADisplay KVO
2026-07-15 20:42:18.590 Df DeepLinkFixture[82553:1162afc] [com.apple.Accessibility:AXSupportCommon] Read CategoryName: per-app = 1, category name = (null)
2026-07-15 20:42:18.590 Df DeepLinkFixture[82553:1162afc] [com.apple.Accessibility:AXSupportCommon] Read CategoryName: per-app = 0, category name = (null)
2026-07-15 20:42:18.600 Df DeepLinkFixture[82553:1162b06] [com.apple.FrontBoard:SceneExtension] UIMutableApplicationSceneSettings setting counterpart class: UIApplicationSceneSettings
2026-07-15 20:42:18.600 Df DeepLinkFixture[82553:1162b06] [com.apple.FrontBoard:SceneExtension] UIMutableApplicationSceneClientSettings setting counterpart class: UIApplicationSceneClientSettings
2026-07-15 20:42:18.601 Df DeepLinkFixture[82553:1162b06] [com.apple.FrontBoard:SceneExtension] Realizing settings extension FBSSceneTransitionContextCore on FBSSceneTransitionContext
2026-07-15 20:42:18.618 Df DeepLinkFixture[82553:1162b06] [com.apple.xpc:connection] [0x103d34f00] activating connection: mach=true listener=false peer=false name=com.apple.fontservicesd
2026-07-15 20:42:18.624 Df DeepLinkFixture[82553:1162afc] [com.apple.dt.xctest:Default] Registering for test daemon availability notify post.
2026-07-15 20:42:18.624 Df DeepLinkFixture[82553:1162afc] [com.apple.dt.xctest:Default] notify_get_state check indicated test daemon not ready.
2026-07-15 20:42:18.625 Df DeepLinkFixture[82553:1162afc] [com.apple.dt.xctest:Default] notify_get_state check indicated test daemon not ready.
2026-07-15 20:42:18.625 Df DeepLinkFixture[82553:1162afc] [com.apple.dt.xctest:Default] notify_get_state check indicated test daemon not ready.
2026-07-15 20:42:18.626 Df DeepLinkFixture[82553:1162afc] [com.apple.UIKit:UpdateScheduler] Selected display: name=LCD (PurpleMain), id=1
2026-07-15 20:42:18.629 Df DeepLinkFixture[82553:1162afc] [com.apple.app_launch_measurement:ApplicationLaunch] alm_acquire_pageins_recording_assertion: acquired pageins recording assertion!
2026-07-15 20:42:18.631 Df DeepLinkFixture[82553:1162afc] [com.apple.UIKit:BackgroundTask] Will add backgroundTask with taskName: Persistent SceneSession Map Update, expirationHandler: <__NSGlobalBlock__: 0x1e78c84e8>
2026-07-15 20:42:18.631 Df DeepLinkFixture[82553:1162afc] [com.apple.UIKit:BackgroundTask] Reusing background assertion <BKSProcessAssertion: 0x103695470>
2026-07-15 20:42:18.631 Df DeepLinkFixture[82553:1162afc] [com.apple.UIKit:BackgroundTask] Incrementing reference count for background assertion <BKSProcessAssertion: 0x103695470>
2026-07-15 20:42:18.631 Df DeepLinkFixture[82553:1162afc] [com.apple.UIKit:BackgroundTask] Created background task <_UIBackgroundTaskInfo: 0x103e50bc0>: taskID = 2, taskName = Persistent SceneSession Map Update, creationTime = 423962 (elapsed = 0).
2026-07-15 20:42:18.631 Df DeepLinkFixture[82553:1162afc] [com.apple.UIKit:Application] Deactivation reason added: 5; deactivation reasons: 1024 -> 1056; animating application lifecycle event: 1
2026-07-15 20:42:18.632 Df DeepLinkFixture[82553:1162afc] [com.apple.UIKit:InterfaceStyle] Not push traits update to screen for new style 1, <UIWindowScene: 0x103697170> (AB241360-E685-4A97-A1F8-02CE4FD71C61)
2026-07-15 20:42:18.632 Df DeepLinkFixture[82553:1162afc] [com.apple.UIKit:InterfaceStyle] Should send trait collection or coordinate space update, interface style 1 -> 1, <UIWindowScene: 0x103697170> (AB241360-E685-4A97-A1F8-02CE4FD71C61)
2026-07-15 20:42:18.634 Df DeepLinkFixture[82553:1162afc] [com.apple.UIKit:InterfaceStyle] Not push traits update to screen for new style 1, <UIWindowScene: 0x103697170> (AB241360-E685-4A97-A1F8-02CE4FD71C61)
2026-07-15 20:42:18.634 Df DeepLinkFixture[82553:1162afc] [com.apple.UIKit:HomeAffordanceObservation] Initializing: <_UIHomeAffordanceSceneNotifier: 0x103e55730>; with scene: <UIWindowScene: 0x103697170>
2026-07-15 20:42:18.634 Df DeepLinkFixture[82553:1162afc] [com.apple.BacklightServices:scenes] 0x103e0df20 setDelegate:<0x103e0d440 _UIBacklightEnvironment> hasDelegate:YES for environment:sceneID:dev.deeplinklab.fixture-default
2026-07-15 20:42:18.634 Df DeepLinkFixture[82553:1162afc] [com.apple.UIKit:InterfaceStyle] Not push traits update to screen for new style 1, <UIWindowScene: 0x103697170> (AB241360-E685-4A97-A1F8-02CE4FD71C61)
2026-07-15 20:42:18.635 Df DeepLinkFixture[82553:1162afc] [com.apple.UIKit:EventDeferring] [0x103e557a0] Initialized with scene: <UIWindowScene: 0x103697170>; behavior: <_UIEventDeferringBehavior_iOS: 0x103d0b0c0>; availableForProcess: 1, systemShellManagesKeyboardFocus: 1
2026-07-15 20:42:18.635 Df DeepLinkFixture[82553:1162afc] [com.apple.BoardServices:XPCErrors] [C:2] Alloc com.apple.backboard.hid-services.xpc
2026-07-15 20:42:18.635 Df DeepLinkFixture[82553:1162afc] [com.apple.xpc:connection] [0x103d35180] activating connection: mach=false listener=false peer=false name=(anonymous)
2026-07-15 20:42:18.641 Df DeepLinkFixture[82553:1162b06] [com.apple.BackBoard:EventDelivery] BKSHIDEventObserver - connection activation
2026-07-15 20:42:18.641 Df DeepLinkFixture[82553:1162afc] [com.apple.BackBoard:EventDelivery] policyStatus:<BKSHIDEventDeliveryPolicyObserver: 0x103c4db00; process scope; status: target> was:none
2026-07-15 20:42:18.641 Df DeepLinkFixture[82553:1162afc] [com.apple.UIKit:KeyWindow] Setting default evaluation strategy for UIUserInterfaceIdiomPhone to LastOneWins
2026-07-15 20:42:18.641 Df DeepLinkFixture[82553:1162afc] [com.apple.UIKit:KeyWindow] Scene target of keyboard event deferring environment did change: 1; scene: UIWindowScene: 0x103697170; scene identity: com.apple.frontboard.systemappservices/FBSceneManager:sceneID%3Adev.deeplinklab.fixture-default
2026-07-15 20:42:18.641 Df DeepLinkFixture[82553:1162afc] [com.apple.UIKit:EventDeferring] [0x103e557a0] Scene target of event deferring environments did update: scene: 0x103697170; current systemShellManagesKeyboardFocus: 1; systemShellManagesKeyboardFocusForScene: 1; eligibleForRecordRemoval: 1;
2026-07-15 20:42:18.641 Df DeepLinkFixture[82553:1162afc] [com.apple.UIKit:KeyWindow] Scene became target of keyboard event deferring environment: UIWindowScene: 0x103697170; scene identity: com.apple.frontboard.systemappservices/FBSceneManager:sceneID%3Adev.deeplinklab.fixture-default
2026-07-15 20:42:18.641 Df DeepLinkFixture[82553:1162afc] [com.apple.UIKit:KeyWindow] Stack[KeyWindow] 0x103e0c900: Taking no further action for migration from LastOneWins -> SystemShellManaged as there are no scenes
2026-07-15 20:42:18.641 Df DeepLinkFixture[82553:1162afc] [com.apple.UIKit:KeyWindow] Setting default evaluation strategy for UIUserInterfaceIdiomPhone to SystemShellManaged
2026-07-15 20:42:18.641 Df DeepLinkFixture[82553:1162afc] [com.apple.UIKit:KeyWindow] Key window needs update: 0; currentKeyWindowScene: 0x0; evaluatedKeyWindowScene: 0x103697170; currentApplicationKeyWindow: 0x0; evaluatedApplicationKeyWindow: 0x0; reason: UIWindowScene: 0x103697170: Window scene became target of keyboard environment
2026-07-15 20:42:18.642 Df DeepLinkFixture[82553:1162afc] [com.apple.UIKit:InterfaceStyle] Not push traits update to screen for new style 1, <UIWindowScene: 0x103697170> (AB241360-E685-4A97-A1F8-02CE4FD71C61)
2026-07-15 20:42:18.643 Df DeepLinkFixture[82553:1162afc] [com.apple.UIKit:InterfaceStyle] Not push traits update to screen for new style 1, <UIWindowScene: 0x103697170> (AB241360-E685-4A97-A1F8-02CE4FD71C61)
2026-07-15 20:42:18.646 Df DeepLinkFixture[82553:1162afc] [com.apple.UIKit:InterfaceStyle] Not push traits update to screen for new style 1, <UIWindowScene: 0x103697170> (AB241360-E685-4A97-A1F8-02CE4FD71C61)
2026-07-15 20:42:18.646 F  DeepLinkFixture[82553:1162afc] [com.apple.runtime-issues:UIKit App Config] `UIScene` lifecycle will soon be required. Failure to adopt will result in an assert in the future.
2026-07-15 20:42:18.646 A  DeepLinkFixture[82553:1162afc] (libsystem_trace.dylib) Activity for state dumps
2026-07-15 20:42:18.647 Df DeepLinkFixture[82553:1162afc] [com.apple.UIKit:InterfaceStyle] Not push traits update to screen for new style 1, <UIWindowScene: 0x103697170> (AB241360-E685-4A97-A1F8-02CE4FD71C61)
2026-07-15 20:42:18.648 Df DeepLinkFixture[82553:1162afc] [com.apple.UIKit:AppLifecycle] sceneOfRecord: sceneID: sceneID:dev.deeplinklab.fixture-default  persistentID: AB241360-E685-4A97-A1F8-02CE4FD71C61
2026-07-15 20:42:18.648 Df DeepLinkFixture[82553:1162afc] [com.apple.UIKit:Application] Ignoring already applied deactivation reason: 5; deactivation reasons: 1056
2026-07-15 20:42:18.648 Df DeepLinkFixture[82553:1162afc] [com.apple.UIKit:Application] Deactivation reason added: 11; deactivation reasons: 1056 -> 3104; animating application lifecycle event: 1
2026-07-15 20:42:18.649 Df DeepLinkFixture[82553:1162afc] [com.apple.KeyboardArbiter:Client] startConnection
2026-07-15 20:42:18.649 Df DeepLinkFixture[82553:1162afc] [com.apple.xpc:connection] [0x103d357c0] activating connection: mach=true listener=false peer=false name=com.apple.UIKit.KeyboardManagement.hosted
2026-07-15 20:42:18.678 Df DeepLinkFixture[82553:1162afc] [com.apple.UIKit:Orientation] <UIWindowScene: 0x103697170> (AB241360-E685-4A97-A1F8-02CE4FD71C61) Scene updated orientation preferences: none -> ( Pu )
2026-07-15 20:42:18.686 Df DeepLinkFixture[82553:1162afc] [com.apple.UIKit:KeyWindow] Key window API is scene-level: YES
2026-07-15 20:42:18.686 Df DeepLinkFixture[82553:1162afc] [com.apple.UIKit:KeyWindow] UIWindowScene: 0x103697170: Window became key in scene: UIWindow: 0x103db0000; contextId: 0x4830B87D: reason: UIWindowScene: 0x103697170: Window requested to become key in scene: 0x103db0000
2026-07-15 20:42:18.686 Df DeepLinkFixture[82553:1162afc] [com.apple.UIKit:KeyWindow] Key window needs update: 1; currentKeyWindowScene: 0x0; evaluatedKeyWindowScene: 0x103697170; currentApplicationKeyWindow: 0x0; evaluatedApplicationKeyWindow: 0x103db0000; reason: UIWindowScene: 0x103697170: Window requested to become key in scene: 0x103db0000
2026-07-15 20:42:18.686 Df DeepLinkFixture[82553:1162afc] [com.apple.UIKit:KeyWindow] Window did become application key: UIWindow: 0x103db0000; contextId: 0x4830B87D; scene identity: com.apple.frontboard.systemappservices/FBSceneManager:sceneID%3Adev.deeplinklab.fixture-default
2026-07-15 20:42:18.686 Df DeepLinkFixture[82553:1162afc] [com.apple.UIKit:EventDeferring] [0x103e557a0] Begin local event deferring requested for token: 0x103c4f360; environments: 1; reason: UIWindowScene: 0x103697170: Begin event deferring in keyboardFocus for window: 0x103db0000
2026-07-15 20:42:18.687 Df DeepLinkFixture[82553:1162b05] [com.apple.BackBoard:EventDelivery] BKSHIDEventDeliveryManager - connection activation
2026-07-15 20:42:18.693 Df DeepLinkFixture[82553:1162afc] (Foundation) DEEPLINKLAB_DESTINATION=home
2026-07-15 20:42:18.693 Df DeepLinkFixture[82553:1162afc] [com.apple.UIKit:Application] Deactivation reason removed: 10; deactivation reasons: 3104 -> 2080; animating application lifecycle event: 1
2026-07-15 20:42:18.693 Df DeepLinkFixture[82553:1162b0c] [com.apple.BackBoard:EventDelivery] policyStatus:<BKSHIDEventDeliveryPolicyObserver: 0x103c4db00; token: com.apple.frontboard.systemappservices/FBSceneManager:sceneID%3Adev.deeplinklab.fixture-default; status: ancestor> was:target
2026-07-15 20:42:18.694 Df DeepLinkFixture[82553:1162afc] [com.apple.UIKit:Application] Deactivation reason added: 12; deactivation reasons: 2080 -> 6176; animating application lifecycle event: 1
2026-07-15 20:42:18.694 Df DeepLinkFixture[82553:1162afc] [com.apple.UIKit:Application] Deactivation reason removed: 11; deactivation reasons: 6176 -> 4128; animating application lifecycle event: 1
2026-07-15 20:42:18.694 Df DeepLinkFixture[82553:1162afc] [com.apple.FrontBoard:SceneExtension] Realizing settings extension <_UISceneIntelligenceSupportSettings> on FBSSceneSettings
2026-07-15 20:42:18.694 Df DeepLinkFixture[82553:1162b05] [com.apple.UIIntelligenceSupport:xpc] establishing connection to agent
2026-07-15 20:42:18.695 Df DeepLinkFixture[82553:1162b05] [com.apple.xpc:session] [0x103db8af0] Session created.
2026-07-15 20:42:18.695 Df DeepLinkFixture[82553:1162b05] [com.apple.xpc:session] [0x103db8af0] Session created from connection [0x103f688c0]
2026-07-15 20:42:18.695 Df DeepLinkFixture[82553:1162b05] [com.apple.xpc:connection] [0x103f688c0] activating connection: mach=true listener=false peer=false name=com.apple.uiintelligencesupport.agent
2026-07-15 20:42:18.695 Df DeepLinkFixture[82553:1162b05] [com.apple.xpc:session] [0x103db8af0] Session activated
2026-07-15 20:42:18.696 Df DeepLinkFixture[82553:1162afc] [com.apple.UIKit:InterfaceStyle] Not push traits update to screen for new style 1, <UIWindowScene: 0x103697170> (AB241360-E685-4A97-A1F8-02CE4FD71C61)
2026-07-15 20:42:18.733 A  DeepLinkFixture[82553:1162b05] (RunningBoardServices) didChangeInheritances
2026-07-15 20:42:18.735 Df DeepLinkFixture[82553:1162afc] [com.apple.xpc:connection] [0x103f68280] activating connection: mach=true listener=false peer=false name=com.apple.lsd.mapdb
2026-07-15 20:42:18.740 A  DeepLinkFixture[82553:1162b0c] (RunningBoardServices) didChangeInheritances
2026-07-15 20:42:18.757 Df DeepLinkFixture[82553:1162afc] [com.apple.network:activity] Create activity from XPC object <nw_activity 50:1 [01131522-4FD7-4674-8116-DEC2DC357867] (reporting strategy default)>
2026-07-15 20:42:18.757 Df DeepLinkFixture[82553:1162afc] [com.apple.network:activity] Create activity from XPC object <nw_activity 50:2 [1C1334B0-0570-40A5-A2B0-A74229F509FC] (reporting strategy default)>
2026-07-15 20:42:18.757 Df DeepLinkFixture[82553:1162afc] [com.apple.network:activity] Set activity <nw_activity 50:1 [01131522-4FD7-4674-8116-DEC2DC357867] (reporting strategy default)> as the global parent
2026-07-15 20:42:18.757 Df DeepLinkFixture[82553:1162afc] [com.apple.UIKit:BackgroundTask] Ending background task with UIBackgroundTaskIdentifier: 1
2026-07-15 20:42:18.757 Df DeepLinkFixture[82553:1162afc] [com.apple.UIKit:BackgroundTask] Ending task with identifier 1 and description: <_UIBackgroundTaskInfo: 0x103c44b40>: taskID = 1, taskName = Launch Background Task for Coalescing, creationTime = 423962 (elapsed = 0), _expireHandler: (null)
2026-07-15 20:42:18.757 Df DeepLinkFixture[82553:1162afc] [com.apple.UIKit:BackgroundTask] Decrementing reference count for assertion <BKSProcessAssertion: 0x103695470> (used by background task with identifier 1: <_UIBackgroundTaskInfo: 0x103c44b40>: taskID = 1, taskName = Launch Background Task for Coalescing, creationTime = 423962 (elapsed = 0))
2026-07-15 20:42:18.758 Df DeepLinkFixture[82553:1162afc] [com.apple.UIKit:EventBus] Event Timing Profile for Touch: not found, path="/System/Library/EventTimingProfiles/Sim.Touch.plist"
2026-07-15 20:42:18.758 Df DeepLinkFixture[82553:1162afc] [com.apple.UIKit:EventBus] Event Timing Profile for Pencil: not found, path="/System/Library/EventTimingProfiles/Sim.Pencil.plist"
2026-07-15 20:42:18.758 Df DeepLinkFixture[82553:1162afc] [com.apple.UIKit:UpdateScheduler] Target list changed: <CADisplay:LCD PurpleMain>
2026-07-15 20:42:18.759 Df DeepLinkFixture[82553:1162afc] [com.apple.UIKit:AppLifecycle] sceneOfRecord: sceneID: sceneID:dev.deeplinklab.fixture-default  persistentID: AB241360-E685-4A97-A1F8-02CE4FD71C61
2026-07-15 20:42:18.760 Df DeepLinkFixture[82553:1162afc] [com.apple.UIKit:InterfaceStyle] Not push traits update to screen for new style 1, <UIWindowScene: 0x103697170> (AB241360-E685-4A97-A1F8-02CE4FD71C61)
2026-07-15 20:42:18.760 Df DeepLinkFixture[82553:1162afc] [com.apple.UIKit:EventDeferring] [0x103e557a0] Scene target of event deferring environments did update: scene: 0x103697170; current systemShellManagesKeyboardFocus: 1; systemShellManagesKeyboardFocusForScene: 1; eligibleForRecordRemoval: 1;
2026-07-15 20:42:18.760 Sd DeepLinkFixture[82553:0] (21AB2359-DEEC-3444-94FE-B7257E43BE34) IOHIDManager State
{
    DispatchQueue = 0;
    RunLoop = 1;
    createOptions = 0;
    isOpen = 0;
    openOptions = 0;
}
2026-07-15 20:42:18.760 Df DeepLinkFixture[82553:1162afc] [com.apple.UIKit:KeyWindow] Scene became target of keyboard event deferring environment: UIWindowScene: 0x103697170; scene identity: com.apple.frontboard.systemappservices/FBSceneManager:sceneID%3Adev.deeplinklab.fixture-default
2026-07-15 20:42:18.762 Df DeepLinkFixture[82553:1162afc] [com.apple.UIKit:InterfaceStyle] Not push traits update to screen for new style 1, <UIWindowScene: 0x103697170> (AB241360-E685-4A97-A1F8-02CE4FD71C61)
2026-07-15 20:42:18.762 Df DeepLinkFixture[82553:1162afc] [com.apple.UIKit:AppLifecycle] sceneOfRecord: sceneID: sceneID:dev.deeplinklab.fixture-default  persistentID: AB241360-E685-4A97-A1F8-02CE4FD71C61
2026-07-15 20:42:18.762 Df DeepLinkFixture[82553:1162afc] [com.apple.UIKit:Application] Deactivation reason removed: 12; deactivation reasons: 4128 -> 32; animating application lifecycle event: 1
2026-07-15 20:42:18.762 Df DeepLinkFixture[82553:1162afc] [com.apple.KeyboardArbiter:Client] Send setDeactivating: N (-DeactivationReason:SuspendedEventsOnly)
2026-07-15 20:42:18.763 Df DeepLinkFixture[82553:1162afc] [com.apple.UIKit:Application] Deactivation reason removed: 5; deactivation reasons: 32 -> 0; animating application lifecycle event: 0
2026-07-15 20:42:18.765 Df DeepLinkFixture[82553:1162afc] [com.apple.KeyboardArbiter:Client] startConnection
2026-07-15 20:42:18.766 Df DeepLinkFixture[82553:1162afc] [com.apple.KeyboardArbiter:Client] handleKeyboardChange: set currentKeyboard:N (wasKeyboard:N)
2026-07-15 20:42:18.776 Df DeepLinkFixture[82553:1162afc] [com.apple.UIKit:KeyboardSceneDelegate] forceReloadInputViews
2026-07-15 20:42:18.776 Df DeepLinkFixture[82553:1162afc] [com.apple.UIKit:KeyboardSceneDelegate] Reloading input views for key-window scene responder: <(null): 0x0; > force:Y
2026-07-15 20:42:18.777 Df DeepLinkFixture[82553:1162afc] [com.apple.UIKit:KeyboardArbiterClientLog] isWritingToolsHandlingKeyboardTracking:Y (WT ready:Y, Arbiter ready:Y)
2026-07-15 20:42:18.819 Df DeepLinkFixture[82553:1162afc] [com.apple.network:activity] <nw_activity 50:1 [01131522-4FD7-4674-8116-DEC2DC357867] (global parent) (reporting strategy default) complete (reason success)> complete with reason 2 (success), duration 678ms
2026-07-15 20:42:18.819 Df DeepLinkFixture[82553:1162afc] [com.apple.network:activity] <nw_activity 50:2 [1C1334B0-0570-40A5-A2B0-A74229F509FC] (reporting strategy default) complete (reason success)> complete with reason 2 (success), duration 678ms
2026-07-15 20:42:18.820 Df DeepLinkFixture[82553:1162afc] [com.apple.network:activity] Unsetting the global parent activity <nw_activity 50:1 [01131522-4FD7-4674-8116-DEC2DC357867] (global parent) (reporting strategy default) complete (reason success)>
2026-07-15 20:42:18.820 Df DeepLinkFixture[82553:1162afc] [com.apple.network:activity] Unset the global parent activity
2026-07-15 20:42:18.820 Df DeepLinkFixture[82553:1162afc] [com.apple.app_launch_measurement:ApplicationLaunch] alm_release_pageins_recording_assertion: releasing pageins recording assertion
2026-07-15 20:42:18.842 A  DeepLinkFixture[82553:1162b06] (RunningBoardServices) didChangeInheritances
2026-07-15 20:42:19.046 Df DeepLinkFixture[82553:1162afc] [com.apple.UIKit:InterfaceStyle] Not push traits update to screen for new style 1, <UIWindowScene: 0x103697170> (AB241360-E685-4A97-A1F8-02CE4FD71C61)
2026-07-15 20:42:19.046 Df DeepLinkFixture[82553:1162afc] [com.apple.UIKit:AppLifecycle] sceneOfRecord: sceneID: sceneID:dev.deeplinklab.fixture-default  persistentID: AB241360-E685-4A97-A1F8-02CE4FD71C61
2026-07-15 20:42:19.046 Df DeepLinkFixture[82553:1162afc] [com.apple.UIKit:Application] Deactivation reason added: 5; deactivation reasons: 0 -> 32; animating application lifecycle event: 1
2026-07-15 20:42:19.047 Df DeepLinkFixture[82553:1162afc] [com.apple.UIKit:Application] Deactivation reason added: 12; deactivation reasons: 32 -> 4128; animating application lifecycle event: 1
2026-07-15 20:42:19.070 Df DeepLinkFixture[82553:1162b0a] [com.apple.BackBoard:EventDelivery] policyStatus:<BKSHIDEventDeliveryPolicyObserver: 0x103c4db00; token: com.apple.frontboard.systemappservices/FBSceneManager:sceneID%3Adev.deeplinklab.fixture-default; status: none> was:ancestor
2026-07-15 20:42:19.070 Df DeepLinkFixture[82553:1162afc] [com.apple.UIKit:KeyWindow] Scene target of keyboard event deferring environment did change: 0; scene: UIWindowScene: 0x103697170; scene identity: com.apple.frontboard.systemappservices/FBSceneManager:sceneID%3Adev.deeplinklab.fixture-default
2026-07-15 20:42:19.149 Df DeepLinkFixture[82553:1162afc] [com.apple.Accessibility:AXCommon] Read Per-App on Init: Smart invert = (null)
2026-07-15 20:42:19.150 Df DeepLinkFixture[82553:1162afc] [com.apple.UIKit:AppLifecycle] sceneOfRecord: sceneID: sceneID:dev.deeplinklab.fixture-default  persistentID: AB241360-E685-4A97-A1F8-02CE4FD71C61
2026-07-15 20:42:19.152 Df DeepLinkFixture[82553:1162b06] [com.apple.UIKit:BackgroundTask] Ending background task with UIBackgroundTaskIdentifier: 2
2026-07-15 20:42:19.153 Df DeepLinkFixture[82553:1162b06] [com.apple.UIKit:BackgroundTask] Ending task with identifier 2 and description: <_UIBackgroundTaskInfo: 0x103e50bc0>: taskID = 2, taskName = Persistent SceneSession Map Update, creationTime = 423962 (elapsed = 0), _expireHandler: <__NSGlobalBlock__: 0x1e78c84e8>
2026-07-15 20:42:19.153 Df DeepLinkFixture[82553:1162b06] [com.apple.UIKit:BackgroundTask] Decrementing reference count for assertion <BKSProcessAssertion: 0x103695470> (used by background task with identifier 2: <_UIBackgroundTaskInfo: 0x103e50bc0>: taskID = 2, taskName = Persistent SceneSession Map Update, creationTime = 423962 (elapsed = 0))
2026-07-15 20:42:19.153 Df DeepLinkFixture[82553:1162b06] [com.apple.UIKit:BackgroundTask] Will invalidate assertion: <BKSProcessAssertion: 0x103695470> for task identifier: 2
2026-07-15 20:42:19.234 Df DeepLinkFixture[82553:1162afc] [com.apple.KeyboardArbiter:Client] RX sceneBecameFocused:(null)
2026-07-15 20:42:19.736 A  DeepLinkFixture[82553:1162b05] (RunningBoardServices) didChangeInheritances
2026-07-15 20:42:19.884 Df DeepLinkFixture[82553:1162afc] [com.apple.FrontBoard:SceneClient] [(FBSceneManager):sceneID:dev.deeplinklab.fixture-default] Received action(s) in scene-update: <FBSceneSnapshotAction: 0x8f65006a>
2026-07-15 20:42:19.884 Df DeepLinkFixture[82553:1162b05] [com.apple.xpc:connection] [0x103f688c0] invalidated because the current process cancelled the connection by calling xpc_connection_cancel()
2026-07-15 20:42:19.884 Df DeepLinkFixture[82553:1162afc] [com.apple.UIKit:AppLifecycle] sceneOfRecord: sceneID: sceneID:dev.deeplinklab.fixture-default  persistentID: AB241360-E685-4A97-A1F8-02CE4FD71C61
2026-07-15 20:42:19.884 Df DeepLinkFixture[82553:1162b05] [com.apple.xpc:session] [0x103db8af0] Session canceled.
2026-07-15 20:42:19.891 Df DeepLinkFixture[82553:1162b06] [com.apple.UIIntelligenceSupport:xpc] agent connection cancelled (details: Session manually canceled)
2026-07-15 20:42:19.893 Df DeepLinkFixture[82553:1162b06] [com.apple.xpc:session] [0x103db8af0] Disposing of session
2026-07-15 20:42:19.894 Df DeepLinkFixture[82553:1162afc] [com.apple.UIKit:Application] Deactivation reason added: 11; deactivation reasons: 4128 -> 6176; animating application lifecycle event: 0
2026-07-15 20:42:19.894 Df DeepLinkFixture[82553:1162afc] [com.apple.UIKit:BackgroundTask] Will add backgroundTask with taskName: _UIRemoteKeyboard XPC disconnection, expirationHandler: (null)
2026-07-15 20:42:19.894 Df DeepLinkFixture[82553:1162afc] [com.apple.UIKit:BackgroundTask] Creating new assertion because there is no existing background assertion.
2026-07-15 20:42:19.894 Df DeepLinkFixture[82553:1162afc] [com.apple.UIKit:BackgroundTask] Creating new background assertion
2026-07-15 20:42:19.894 Df DeepLinkFixture[82553:1162afc] [com.apple.UIKit:BackgroundTask] Created new background assertion <BKSProcessAssertion: 0x10748d400>
2026-07-15 20:42:19.895 Df DeepLinkFixture[82553:1162afc] [com.apple.UIKit:BackgroundTask] Incrementing reference count for background assertion <BKSProcessAssertion: 0x10748d400>
2026-07-15 20:42:19.895 Df DeepLinkFixture[82553:1162afc] [com.apple.UIKit:BackgroundTask] Created background task <_UIBackgroundTaskInfo: 0x103c47040>: taskID = 3, taskName = _UIRemoteKeyboard XPC disconnection, creationTime = 423963 (elapsed = 0).
2026-07-15 20:42:19.895 Df DeepLinkFixture[82553:1162afc] [com.apple.KeyboardArbiter:Client] dev.deeplinklab.fixture(82553) invalidateConnection (appDidSuspend)
2026-07-15 20:42:19.895 Df DeepLinkFixture[82553:1162afc] [com.apple.xpc:connection] [0x103d357c0] invalidated because the current process cancelled the connection by calling xpc_connection_cancel()
2026-07-15 20:42:19.896 Df DeepLinkFixture[82553:1162afc] [com.apple.UIKit:BackgroundTask] Will add backgroundTask with taskName: com.apple.asset_manager.cache_resource_cleanup, expirationHandler: <__NSMallocBlock__: 0x107478d20>
2026-07-15 20:42:19.896 Df DeepLinkFixture[82553:1162afc] [com.apple.UIKit:BackgroundTask] Reusing background assertion <BKSProcessAssertion: 0x10748d400>
2026-07-15 20:42:19.896 Df DeepLinkFixture[82553:1162afc] [com.apple.UIKit:BackgroundTask] Incrementing reference count for background assertion <BKSProcessAssertion: 0x10748d400>
2026-07-15 20:42:19.896 Df DeepLinkFixture[82553:1162afc] [com.apple.UIKit:BackgroundTask] Created background task <_UIBackgroundTaskInfo: 0x103c47000>: taskID = 4, taskName = com.apple.asset_manager.cache_resource_cleanup, creationTime = 423963 (elapsed = 0).
2026-07-15 20:42:19.896 Df DeepLinkFixture[82553:1162afc] [com.apple.UIKit:BackgroundTask] Ending background task with UIBackgroundTaskIdentifier: 4
2026-07-15 20:42:19.896 Df DeepLinkFixture[82553:1162afc] [com.apple.UIKit:BackgroundTask] Ending task with identifier 4 and description: <_UIBackgroundTaskInfo: 0x103c47000>: taskID = 4, taskName = com.apple.asset_manager.cache_resource_cleanup, creationTime = 423963 (elapsed = 0), _expireHandler: <__NSMallocBlock__: 0x107478c90>
2026-07-15 20:42:19.896 Df DeepLinkFixture[82553:1162afc] [com.apple.UIKit:BackgroundTask] Decrementing reference count for assertion <BKSProcessAssertion: 0x10748d400> (used by background task with identifier 4: <_UIBackgroundTaskInfo: 0x103c47000>: taskID = 4, taskName = com.apple.asset_manager.cache_resource_cleanup, creationTime = 423963 (elapsed = 0))
2026-07-15 20:42:19.896 Df DeepLinkFixture[82553:1162afc] [com.apple.UIKit:Application] Deactivation reason removed: 5; deactivation reasons: 6176 -> 6144; animating application lifecycle event: 0
2026-07-15 20:42:19.897 Df DeepLinkFixture[82553:1162afc] [com.apple.UIKit:BackgroundTask] Will add backgroundTask with taskName: com.apple.uikit.applicationSnapshot, expirationHandler: <__NSMallocBlock__: 0x107478c00>
2026-07-15 20:42:19.897 Df DeepLinkFixture[82553:1162afc] [com.apple.UIKit:BackgroundTask] Reusing background assertion <BKSProcessAssertion: 0x10748d400>
2026-07-15 20:42:19.897 Df DeepLinkFixture[82553:1162afc] [com.apple.UIKit:BackgroundTask] Incrementing reference count for background assertion <BKSProcessAssertion: 0x10748d400>
2026-07-15 20:42:19.897 Df DeepLinkFixture[82553:1162afc] [com.apple.UIKit:BackgroundTask] Created background task <_UIBackgroundTaskInfo: 0x103c47080>: taskID = 5, taskName = com.apple.uikit.applicationSnapshot, creationTime = 423963 (elapsed = 0).
2026-07-15 20:42:19.898 Df DeepLinkFixture[82553:1162afc] [com.apple.UIKit:InterfaceStyle] Push traits update to screen for new style 1, <UIWindowScene: 0x103697170> (AB241360-E685-4A97-A1F8-02CE4FD71C61)
2026-07-15 20:42:19.899 Df DeepLinkFixture[82553:1162afc] [com.apple.UIKit:InterfaceStyle] Should not send trait collection or coordinate space update, interface style 1 -> 1, <UIWindowScene: 0x103697170> (AB241360-E685-4A97-A1F8-02CE4FD71C61)
2026-07-15 20:42:19.900 Df DeepLinkFixture[82553:1162afc] [com.apple.FrontBoard:Common] Performing snapshot request 0x107463480 (type 1)
2026-07-15 20:42:19.900 Df DeepLinkFixture[82553:1162afc] [com.apple.FrontBoard:SceneClient] [(FBSceneManager):sceneID:dev.deeplinklab.fixture-default] Sending action(s): <FBSSceneSnapshotRequestAction: 0x142790000>
2026-07-15 20:42:19.943 Df DeepLinkFixture[82553:1162b0a] [com.apple.FrontBoard:Common] Snapshot request 0x107463480 canceled
2026-07-15 20:42:19.943 Df DeepLinkFixture[82553:1162b0a] [com.apple.BaseBoard:BSAction] Response (error: anulled) <FBSSceneSnapshotRequestAction: 0x142790000>
2026-07-15 20:42:19.943 E  DeepLinkFixture[82553:1162b0a] [com.apple.FrontBoard:Common] Snapshot request 0x107463480 complete with error: <NSError: 0x103c249f0; domain: BSActionErrorDomain; code: 6 ("anulled")>
2026-07-15 20:42:19.943 Df DeepLinkFixture[82553:1162afc] [com.apple.UIKit:BackgroundTask] Ending background task with UIBackgroundTaskIdentifier: 5
2026-07-15 20:42:19.943 Df DeepLinkFixture[82553:1162afc] [com.apple.UIKit:BackgroundTask] Ending task with identifier 5 and description: <_UIBackgroundTaskInfo: 0x103c47080>: taskID = 5, taskName = com.apple.uikit.applicationSnapshot, creationTime = 423963 (elapsed = 0), _expireHandler: <__NSMallocBlock__: 0x107478d20>
2026-07-15 20:42:19.943 Df DeepLinkFixture[82553:1162afc] [com.apple.UIKit:BackgroundTask] Decrementing reference count for assertion <BKSProcessAssertion: 0x10748d400> (used by background task with identifier 5: <_UIBackgroundTaskInfo: 0x103c47080>: taskID = 5, taskName = com.apple.uikit.applicationSnapshot, creationTime = 423963 (elapsed = 0))
2026-07-15 20:42:19.944 Df DeepLinkFixture[82553:1162afc] [com.apple.BaseBoard:BSAction] Reply failed <FBSceneSnapshotAction: 0x8f65006a>: receiver is no longer valid (EPIPE)
2026-07-15 20:42:19.944 Df DeepLinkFixture[82553:1162afc] [com.apple.UIKit:InterfaceStyle] Push traits update to screen for new style 1, <UIWindowScene: 0x103697170> (AB241360-E685-4A97-A1F8-02CE4FD71C61)
2026-07-15 20:42:19.945 A  DeepLinkFixture[82553:1162b06] (RunningBoardServices) didChangeInheritances
2026-07-15 20:42:19.945 Df DeepLinkFixture[82553:1162afc] [com.apple.UIKit:InterfaceStyle] Should not send trait collection or coordinate space update, interface style 1 -> 1, <UIWindowScene: 0x103697170> (AB241360-E685-4A97-A1F8-02CE4FD71C61)
2026-07-15 20:42:19.947 Df DeepLinkFixture[82553:1162afc] [com.apple.UIKit:EventDeferring] [0x103e557a0] [keyboardFocus] Disabling event deferring records requested: adding recreation reason: detachedContext; for reason: _UIEventDeferringManager: 0x103e557a0: disabling keyboardFocus: context detached for window: 0x103db0000; contextID: 0x4830B87D
2026-07-15 20:42:19.947 Df DeepLinkFixture[82553:1162afc] [com.apple.UIKit:BackgroundTask] Will add backgroundTask with taskName: com.apple.UIKit.CABackingStoreCollect, expirationHandler: (null)
2026-07-15 20:42:19.948 Df DeepLinkFixture[82553:1162afc] [com.apple.UIKit:BackgroundTask] Reusing background assertion <BKSProcessAssertion: 0x10748d400>
2026-07-15 20:42:19.948 Df DeepLinkFixture[82553:1162afc] [com.apple.UIKit:BackgroundTask] Incrementing reference count for background assertion <BKSProcessAssertion: 0x10748d400>
2026-07-15 20:42:19.948 Df DeepLinkFixture[82553:1162afc] [com.apple.UIKit:BackgroundTask] Created background task <_UIBackgroundTaskInfo: 0x103c47280>: taskID = 6, taskName = com.apple.UIKit.CABackingStoreCollect, creationTime = 423963 (elapsed = 0).
2026-07-15 20:42:19.949 Df DeepLinkFixture[82553:1162afc] [com.apple.UIKit:UpdateScheduler] Target list changed:
2026-07-15 20:42:19.949 Df DeepLinkFixture[82553:1162afc] [com.apple.UIKit:BackgroundTask] Ending background task with UIBackgroundTaskIdentifier: 3
2026-07-15 20:42:19.949 Df DeepLinkFixture[82553:1162afc] [com.apple.UIKit:BackgroundTask] Ending task with identifier 3 and description: <_UIBackgroundTaskInfo: 0x103c47040>: taskID = 3, taskName = _UIRemoteKeyboard XPC disconnection, creationTime = 423963 (elapsed = 0), _expireHandler: (null)
2026-07-15 20:42:19.949 Df DeepLinkFixture[82553:1162afc] [com.apple.UIKit:BackgroundTask] Decrementing reference count for assertion <BKSProcessAssertion: 0x10748d400> (used by background task with identifier 3: <_UIBackgroundTaskInfo: 0x103c47040>: taskID = 3, taskName = _UIRemoteKeyboard XPC disconnection, creationTime = 423963 (elapsed = 0))
2026-07-15 20:42:19.950 Df DeepLinkFixture[82553:1162afc] [com.apple.UIKit:AppLifecycle] sceneOfRecord: sceneID: sceneID:dev.deeplinklab.fixture-default  persistentID: AB241360-E685-4A97-A1F8-02CE4FD71C61
2026-07-15 20:42:19.950 Df DeepLinkFixture[82553:1162afc] [com.apple.UIKit:InterfaceStyle] Not push traits update to screen for new style 1, <UIWindowScene: 0x103697170> (AB241360-E685-4A97-A1F8-02CE4FD71C61)
2026-07-15 20:42:19.951 Df DeepLinkFixture[82553:1162afc] [com.apple.FrontBoard:SceneClient] [(FBSceneManager):sceneID:dev.deeplinklab.fixture-default] Received action(s) in scene-update: UIOpenURLAction
2026-07-15 20:42:19.951 Df DeepLinkFixture[82553:1162afc] [com.apple.UIKit:AppLifecycle] sceneOfRecord: sceneID: sceneID:dev.deeplinklab.fixture-default  persistentID: AB241360-E685-4A97-A1F8-02CE4FD71C61
2026-07-15 20:42:19.952 Df DeepLinkFixture[82553:1162afc] [com.apple.UIKit:Application] Deactivation reason added: 5; deactivation reasons: 6144 -> 6176; animating application lifecycle event: 1
2026-07-15 20:42:19.952 Df DeepLinkFixture[82553:1162afc] [com.apple.UIKit:Application] Ignoring already applied deactivation reason: 12; deactivation reasons: 6176
2026-07-15 20:42:19.952 Df DeepLinkFixture[82553:1162afc] [com.apple.UIKit:Application] Deactivation reason removed: 11; deactivation reasons: 6176 -> 4128; animating application lifecycle event: 1
2026-07-15 20:42:19.953 Df DeepLinkFixture[82553:1162b0a] [com.apple.UIIntelligenceSupport:xpc] establishing connection to agent
2026-07-15 20:42:19.953 Df DeepLinkFixture[82553:1162b0a] [com.apple.xpc:session] [0x10748d6d0] Session created.
2026-07-15 20:42:19.953 Df DeepLinkFixture[82553:1162b0a] [com.apple.xpc:session] [0x10748d6d0] Session created from connection [0x103f688c0]
2026-07-15 20:42:19.953 Df DeepLinkFixture[82553:1162b0a] [com.apple.xpc:connection] [0x103f688c0] activating connection: mach=true listener=false peer=false name=com.apple.uiintelligencesupport.agent
2026-07-15 20:42:19.954 Df DeepLinkFixture[82553:1162b0a] [com.apple.xpc:session] [0x10748d6d0] Session activated
2026-07-15 20:42:19.957 Df DeepLinkFixture[82553:1162afc] (Foundation) DEEPLINKLAB_DESTINATION=inbox
2026-07-15 20:42:19.958 Df DeepLinkFixture[82553:1162afc] [com.apple.UIKit:EventDeferring] [0x103e557a0] [keyboardFocus] Recreation of event deferring records requested: removing recreation reason: detachedContext; for reason: _UIEventDeferringManager: 0x103e557a0: recreating keyboardFocus: context attached for window: 0x103db0000; contextID: 0x6C6ECCF1
2026-07-15 20:42:19.961 Df DeepLinkFixture[82553:1162afc] [com.apple.KeyboardArbiter:Client] startConnection
2026-07-15 20:42:19.961 Df DeepLinkFixture[82553:1162afc] [com.apple.xpc:connection] [0x103f6a800] activating connection: mach=true listener=false peer=false name=com.apple.UIKit.KeyboardManagement.hosted
2026-07-15 20:42:19.962 Df DeepLinkFixture[82553:1162afc] [com.apple.UIKit:UpdateScheduler] Target list changed: <CADisplay:LCD PurpleMain>
2026-07-15 20:42:19.965 Df DeepLinkFixture[82553:1162afc] [com.apple.UIKit:BackgroundTask] Ending background task with UIBackgroundTaskIdentifier: 6
2026-07-15 20:42:19.965 Df DeepLinkFixture[82553:1162afc] [com.apple.UIKit:BackgroundTask] Ending task with identifier 6 and description: <_UIBackgroundTaskInfo: 0x103c47280>: taskID = 6, taskName = com.apple.UIKit.CABackingStoreCollect, creationTime = 423963 (elapsed = 0), _expireHandler: (null)
2026-07-15 20:42:19.966 Df DeepLinkFixture[82553:1162afc] [com.apple.UIKit:BackgroundTask] Decrementing reference count for assertion <BKSProcessAssertion: 0x10748d400> (used by background task with identifier 6: <_UIBackgroundTaskInfo: 0x103c47280>: taskID = 6, taskName = com.apple.UIKit.CABackingStoreCollect, creationTime = 423963 (elapsed = 0))
2026-07-15 20:42:19.966 Df DeepLinkFixture[82553:1162afc] [com.apple.UIKit:BackgroundTask] Will invalidate assertion: <BKSProcessAssertion: 0x10748d400> for task identifier: 6
2026-07-15 20:42:19.967 Df DeepLinkFixture[82553:1162afc] [com.apple.KeyboardArbiter:Client] handleKeyboardChange: set currentKeyboard:N (wasKeyboard:N)
2026-07-15 20:42:19.967 Df DeepLinkFixture[82553:1162afc] [com.apple.UIKit:KeyboardSceneDelegate] forceReloadInputViews
2026-07-15 20:42:19.967 Df DeepLinkFixture[82553:1162afc] [com.apple.UIKit:KeyboardSceneDelegate] Reloading input views for key-window scene responder: <(null): 0x0; > force:Y
2026-07-15 20:42:19.997 A  DeepLinkFixture[82553:1162b0a] (RunningBoardServices) didChangeInheritances
2026-07-15 20:42:20.026 Df DeepLinkFixture[82553:1162afc] [com.apple.UIKit:AppLifecycle] sceneOfRecord: sceneID: sceneID:dev.deeplinklab.fixture-default  persistentID: AB241360-E685-4A97-A1F8-02CE4FD71C61
2026-07-15 20:42:20.026 Df DeepLinkFixture[82553:1162afc] [com.apple.UIKit:InterfaceStyle] Not push traits update to screen for new style 1, <UIWindowScene: 0x103697170> (AB241360-E685-4A97-A1F8-02CE4FD71C61)
2026-07-15 20:42:20.037 Df DeepLinkFixture[82553:1162afc] [com.apple.UIKit:AppLifecycle] sceneOfRecord: sceneID: sceneID:dev.deeplinklab.fixture-default  persistentID: AB241360-E685-4A97-A1F8-02CE4FD71C61
2026-07-15 20:42:20.037 A  DeepLinkFixture[82553:1162b06] (RunningBoardServices) didChangeInheritances
2026-07-15 20:42:20.041 A  DeepLinkFixture[82553:1162b0a] (RunningBoardServices) didChangeInheritances
2026-07-15 20:42:20.046 Df DeepLinkFixture[82553:1162b0a] [com.apple.BackBoard:EventDelivery] policyStatus:<BKSHIDEventDeliveryPolicyObserver: 0x103c4db00; token: com.apple.frontboard.systemappservices/FBSceneManager:sceneID%3Adev.deeplinklab.fixture-default; status: ancestor> was:none
2026-07-15 20:42:20.046 Df DeepLinkFixture[82553:1162afc] [com.apple.UIKit:KeyWindow] Scene target of keyboard event deferring environment did change: 1; scene: UIWindowScene: 0x103697170; scene identity: com.apple.frontboard.systemappservices/FBSceneManager:sceneID%3Adev.deeplinklab.fixture-default
2026-07-15 20:42:20.047 Df DeepLinkFixture[82553:1162afc] [com.apple.UIKit:EventDeferring] [0x103e557a0] Scene target of event deferring environments did update: scene: 0x103697170; current systemShellManagesKeyboardFocus: 1; systemShellManagesKeyboardFocusForScene: 1; eligibleForRecordRemoval: 1;
2026-07-15 20:42:20.047 Df DeepLinkFixture[82553:1162afc] [com.apple.UIKit:KeyWindow] Scene became target of keyboard event deferring environment: UIWindowScene: 0x103697170; scene identity: com.apple.frontboard.systemappservices/FBSceneManager:sceneID%3Adev.deeplinklab.fixture-default
2026-07-15 20:42:20.054 Df DeepLinkFixture[82553:1162afc] [com.apple.UIKit:AppLifecycle] sceneOfRecord: sceneID: sceneID:dev.deeplinklab.fixture-default  persistentID: AB241360-E685-4A97-A1F8-02CE4FD71C61
2026-07-15 20:42:20.146 A  DeepLinkFixture[82553:1162b06] (RunningBoardServices) didChangeInheritances
2026-07-15 20:42:20.395 Df DeepLinkFixture[82553:1162afc] [com.apple.UIKit:InterfaceStyle] Not push traits update to screen for new style 1, <UIWindowScene: 0x103697170> (AB241360-E685-4A97-A1F8-02CE4FD71C61)
2026-07-15 20:42:20.396 Df DeepLinkFixture[82553:1162afc] [com.apple.UIKit:AppLifecycle] sceneOfRecord: sceneID: sceneID:dev.deeplinklab.fixture-default  persistentID: AB241360-E685-4A97-A1F8-02CE4FD71C61
2026-07-15 20:42:20.396 Df DeepLinkFixture[82553:1162afc] [com.apple.UIKit:Application] Deactivation reason removed: 12; deactivation reasons: 4128 -> 32; animating application lifecycle event: 1
2026-07-15 20:42:20.396 Df DeepLinkFixture[82553:1162afc] [com.apple.KeyboardArbiter:Client] Send setDeactivating: N (-DeactivationReason:SuspendedEventsOnly)
2026-07-15 20:42:20.397 Df DeepLinkFixture[82553:1162afc] [com.apple.UIKit:Application] Deactivation reason removed: 5; deactivation reasons: 32 -> 0; animating application lifecycle event: 0
