$ $HOME/Library/Android/sdk/platform-tools/adb -s emulator-5554 shell pm set-app-links --package dev.deeplinklab.fixture 0 all
[exit 0]
$ $HOME/Library/Android/sdk/platform-tools/adb -s emulator-5554 shell pm set-app-links-user-selection --user 0 --package dev.deeplinklab.fixture false all
[exit 0]
$ $HOME/Library/Android/sdk/platform-tools/adb -s emulator-5554 shell run-as dev.deeplinklab.fixture rm -f files/destination.txt
[exit 0]
$ $HOME/Library/Android/sdk/platform-tools/adb -s emulator-5554 logcat -c
[exit 0]
$ $HOME/Library/Android/sdk/platform-tools/adb -s emulator-5554 shell am force-stop dev.deeplinklab.fixture
[exit 0]
$ $HOME/Library/Android/sdk/platform-tools/adb -s emulator-5554 shell am start -W -n dev.deeplinklab.fixture/.MainActivity
Starting: Intent { cmp=dev.deeplinklab.fixture/.MainActivity }
Status: ok
LaunchState: COLD
Activity: dev.deeplinklab.fixture/.MainActivity
TotalTime: 2013
WaitTime: 2152
Complete
[exit 0]
$ $HOME/Library/Android/sdk/platform-tools/adb -s emulator-5554 shell am start -W -a android.intent.action.VIEW -c android.intent.category.BROWSABLE -d deeplinklab://warm-stale/offer/7
Starting: Intent { act=android.intent.action.VIEW cat=[android.intent.category.BROWSABLE] dat=deeplinklab://warm-stale/... }
Warning: Activity not started, intent has been delivered to currently running top-most instance.
Status: ok
LaunchState: UNKNOWN (0)
Activity: dev.deeplinklab.fixture/.MainActivity
TotalTime: 0
WaitTime: 67
Complete
[exit 0]
$ $HOME/Library/Android/sdk/platform-tools/adb -s emulator-5554 exec-out screencap -p
[exit 0]
$ $HOME/Library/Android/sdk/platform-tools/adb -s emulator-5554 logcat -d -v threadtime
[exit 0]
$ $HOME/Library/Android/sdk/platform-tools/adb -s emulator-5554 shell run-as dev.deeplinklab.fixture cat files/destination.txt
home
[exit 0]
