07-15 12:41:36.035   714  2206 I ActivityManager: Force stopping dev.deeplinklab.fixture appid=10158 user=0: from pid 5987
07-15 12:41:36.037   714  2206 I ActivityManager: Killing 5949:dev.deeplinklab.fixture/u0a158 (adj 0): stop dev.deeplinklab.fixture due to from pid 5987
07-15 12:41:36.038   714  2206 W ActivityTaskManager: Force removing ActivityRecord{233229496 u0 dev.deeplinklab.fixture/.MainActivity t49 f}}: app died, no saved state
07-15 12:41:36.039  3772  3788 V WindowManagerShell: Transition requested (#94): android.os.BinderProxy@120ac79 TransitionRequestInfo { type = CLOSE, triggerTask = TaskInfo{userId=0 taskId=49 effectiveUid=10158 displayId=0 isRunning=false baseIntent=Intent { act=android.intent.action.VIEW cat=[android.intent.category.BROWSABLE] dat=deeplinklab://fragment-loss/... flg=0x10000000 cmp=dev.deeplinklab.fixture/.MainActivity } baseActivity=null topActivity=null origActivity=null realActivity=ComponentInfo{dev.deeplinklab.fixture/dev.deeplinklab.fixture.MainActivity} numActivities=0 lastActiveTime=2298344 supportsMultiWindow=true resizeMode=1 isResizeable=true minWidth=-1 minHeight=-1 defaultMinSize=220 token=WCT{android.window.IWindowContainerToken$Stub$Proxy@e0c7dbe} topActivityType=1 pictureInPictureParams=null shouldDockBigOverlays=false launchIntoPipHostTaskId=-1 lastParentTaskIdBeforePip=-1 displayCutoutSafeInsets=Rect(0, 0 - 0, 0) topActivityInfo=null launchCookies=[] positionInParent=Point(0, 0) parentTaskId=-1 isFocused=true isVisible=true isVisibleRequested=true isTopActivityNoDisplay=false isSleeping=false locusId=null displayAreaFeatureId=1 isTopActivityTransparent=false isActivityStackTransparent=true lastNonFullscreenBounds=Rect(178, 434 - 543, 1154) capturedLink=null capturedLinkTimestamp=0 requestedVisibleTypes=-9 topActivityRequestOpenInBrowserEducationTimestamp=0 appCompatTaskInfo=AppCompatTaskInfo { topActivityInSizeCompat=false eligibleForLetterboxEducation= false isLetterboxEducationEnabled= false isLetterboxDoubleTapEnabled= false eligibleForUserAspectRatioButton= false topActivityBoundsLetterboxed= false isFromLetterboxDoubleTap= false topActivityLetterboxVerticalPosition= -1 topActivityLetterboxHorizontalPosition= -1 topActivityLetterboxWidth=-1 topActivityLetterboxHeight=-1 topActivityAppBounds=Rect(0, 0 - 0, 0) isUserFullscreenOverrideEnabled=false isSystemFullscreenOverrideEnabled=false hasMinAspectRatioOverride=false topActivityLetterboxBounds=null cameraCompatTaskInfo=CameraCompatTaskInfo { freeformCameraCompatMode=undefined}} topActivityMainWindowFrame=null}, pipChange = null, remoteTransition = null, displayChange = null, flags = 0, debugId = 94 }
07-15 12:41:36.051   714   855 W InputDispatcher: channel 'e954e73 dev.deeplinklab.fixture/dev.deeplinklab.fixture.MainActivity' ~ Consumer closed input channel or an error occurred.  events=0x9
07-15 12:41:36.051   714   855 E InputDispatcher: channel 'e954e73 dev.deeplinklab.fixture/dev.deeplinklab.fixture.MainActivity' ~ Channel is unrecoverably broken and will be disposed!
07-15 12:41:36.053   714   855 I WindowManager: WINDOW DIED Window{e954e73 u0 dev.deeplinklab.fixture/dev.deeplinklab.fixture.MainActivity}
07-15 12:41:36.053   714  2089 I WindowManager: WIN DEATH: Window{e954e73 u0 dev.deeplinklab.fixture/dev.deeplinklab.fixture.MainActivity EXITING}
07-15 12:41:36.054   714  2063 I ImeTracker: dev.deeplinklab.fixture:c6c0cbc8: onRequestHide at ORIGIN_SERVER reason HIDE_REMOVE_CLIENT fromUser false
07-15 12:41:36.055   714  2063 I ImeTracker: dev.deeplinklab.fixture:c6c0cbc8: onCancelled at PHASE_SERVER_SHOULD_HIDE
07-15 12:41:36.058  2805  2805 D CarrierSvcBindHelper: onHandleForceStop: [dev.deeplinklab.fixture]
07-15 12:41:36.058   714  2120 V ActivityManager: Got obituary of 5949:dev.deeplinklab.fixture
07-15 12:41:36.059   714  1103 I AppWidgetServiceImpl: Updating package stopped masked state for uid 10158 package dev.deeplinklab.fixture isStopped true
07-15 12:41:36.096   714   752 W ActivityTaskManager: Unable to send transaction to client proc dev.deeplinklab.fixture: no app thread
07-15 12:41:36.198   714  2120 I ActivityTaskManager: Add Task{bf56a91 #49 type=standard A=10158:dev.deeplinklab.fixture} to hidden list because adding Task{36828ab #50 type=standard A=10158:dev.deeplinklab.fixture}
07-15 12:41:36.206   714  2120 I ActivityTaskManager: START u0 {act=android.intent.action.VIEW cat=[android.intent.category.BROWSABLE] dat=deeplinklab://route-collision/... flg=0x10000000 xflg=0x4 cmp=dev.deeplinklab.fixture/.MainActivity} with LAUNCH_SINGLE_TASK from uid 2000 (BAL_ALLOW_PERMISSION) result code=0
07-15 12:41:36.285   714   760 I ActivityManager: Start proc 5996:dev.deeplinklab.fixture/u0a158 for next-top-activity {dev.deeplinklab.fixture/dev.deeplinklab.fixture.MainActivity}
07-15 12:41:36.297   714  1103 I AppWidgetServiceImpl: Updating package stopped masked state for uid 10158 package dev.deeplinklab.fixture isStopped false
07-15 12:41:36.427  5996  5996 D nativeloader: Configuring clns-9 for other apk /data/app/~~W3RHe-xHHxMpGQpyeFrmNw==/dev.deeplinklab.fixture-TBenOqF6QDgCNdFbaQDYcw==/base.apk. target_sdk_version=36, uses_libraries=, library_path=/data/app/~~W3RHe-xHHxMpGQpyeFrmNw==/dev.deeplinklab.fixture-TBenOqF6QDgCNdFbaQDYcw==/lib/arm64, permitted_path=/data:/mnt/expand:/data/user/0/dev.deeplinklab.fixture
07-15 12:41:36.437  5996  5996 V GraphicsEnvironment: dev.deeplinklab.fixture is not listed in per-application setting
07-15 12:41:36.437  5996  5996 V GraphicsEnvironment: dev.deeplinklab.fixture is not listed in ANGLE allowlist or settings, returning default
07-15 12:41:36.469   714   748 V WindowManager: Sent Transition (#94) createdAt=07-15 12:41:36.038 via request=TransitionRequestInfo { type = CLOSE, triggerTask = TaskInfo{userId=0 taskId=49 effectiveUid=10158 displayId=0 isRunning=false baseIntent=Intent { act=android.intent.action.VIEW cat=[android.intent.category.BROWSABLE] dat=deeplinklab://fragment-loss/... flg=0x10000000 cmp=dev.deeplinklab.fixture/.MainActivity } baseActivity=null topActivity=null origActivity=null realActivity=ComponentInfo{dev.deeplinklab.fixture/dev.deeplinklab.fixture.MainActivity} numActivities=0 lastActiveTime=2298344 supportsMultiWindow=true resizeMode=1 isResizeable=true minWidth=-1 minHeight=-1 defaultMinSize=220 token=WCT{RemoteToken{2edbfdf Task{bf56a91 #49 type=standard A=10158:dev.deeplinklab.fixture}}} topActivityType=1 pictureInPictureParams=null shouldDockBigOverlays=false launchIntoPipHostTaskId=-1 lastParentTaskIdBeforePip=-1 displayCutoutSafeInsets=Rect(0, 0 - 0, 0) topActivityInfo=null launchCookies=[] positionInParent=Point(0, 0) parentTaskId=-1 isFocused=true isVisible=true isVisibleRequested=true isTopActivityNoDisplay=false isSleeping=false locusId=null displayAreaFeatureId=1 isTopActivityTransparent=false isActivityStackTransparent=true lastNonFullscreenBounds=Rect(178, 434 - 543, 1154) capturedLink=null capturedLinkTimestamp=0 requestedVisibleTypes=-9 topActivityRequestOpenInBrowserEducationTimestamp=0 appCompatTaskInfo=AppCompatTaskInfo { topActivityInSizeCompat=false eligibleForLetterboxEducation= false isLetterboxEducationEnabled= false isLetterboxDoubleTapEnabled= false eligibleForUserAspectRatioButton= false topActivityBoundsLetterboxed= false isFromLetterboxDoubleTap= false topActivityLetterboxVerticalPosition= -1 topActivityLetterboxHorizontalPosition= -1 topActivityLetterboxWidth=-1 topActivityLetterboxHeight=-1 topActivityAppBounds=Rect(0, 0 - 0, 0) isUserFullscreenOverrideEnabled=false isSystemFullscreenOverrideEnabled=false hasMinAspectRatioOverride=false topActivityLetterboxBounds=null cameraCompatTaskInfo=CameraCompatTaskInfo { freeformCameraCompatMode=undefined}} topActivityMainWindowFrame=null}, pipChange = null, remoteTransition = null, displayChange = null, flags = 0, debugId = 94 }
07-15 12:41:36.469   714   748 V WindowManager:         {WCT{RemoteToken{fd9d649 Task{36828ab #50 type=standard A=10158:dev.deeplinklab.fixture}}} m=OPEN f=MOVE_TO_TOP leash=Surface(name=Task=50)/@0x9978102 sb=Rect(0, 0 - 720, 1600) eb=Rect(0, 0 - 720, 1600) epz=Point(720, 1600) d=0 taskParent=-1},
07-15 12:41:36.469   714   748 V WindowManager:         {WCT{RemoteToken{2edbfdf Task{bf56a91 #49 type=standard A=10158:dev.deeplinklab.fixture}}} m=CLOSE f=NONE leash=Surface(name=Task=49)/@0xc77be83 sb=Rect(0, 0 - 720, 1600) eb=Rect(0, 0 - 720, 1600) epz=Point(720, 1600) d=0 taskParent=-1}
07-15 12:41:36.495   714   752 W ActivityTaskManager: Unable to send transaction to client proc dev.deeplinklab.fixture: no app thread
07-15 12:41:36.693  5996  5996 I DeepLinkFixture: DEEPLINKLAB_DESTINATION=home
07-15 12:41:36.695  5996  5996 I DeepLinkFixture: DEEPLINKLAB_DESTINATION=user/admin
07-15 12:41:36.824   714   737 D CoreBackPreview: Window{31778bd u0 dev.deeplinklab.fixture/dev.deeplinklab.fixture.MainActivity}: Setting back callback OnBackInvokedCallbackInfo{mCallback=android.window.IOnBackInvokedCallback$Stub$Proxy@8b84e03, mPriority=-1, mIsAnimationCallback=false, mOverrideBehavior=0}
07-15 12:41:36.898   714   752 W ActivityTaskManager: Unable to send transaction to client proc dev.deeplinklab.fixture: no app thread
07-15 12:41:37.020   714   737 W WindowManager: Exception thrown during dispatchAppVisibility Window{e954e73 u0 dev.deeplinklab.fixture/dev.deeplinklab.fixture.MainActivity EXITING}
07-15 12:41:37.621   714   748 I ActivityTaskManager: Displayed dev.deeplinklab.fixture/.MainActivity for user 0: +1s458ms
07-15 12:41:37.716   714   864 I ImeTracker: dev.deeplinklab.fixture:116e5a74: onRequestHide at ORIGIN_SERVER reason HIDE_UNSPECIFIED_WINDOW fromUser false
07-15 12:41:37.718  5996  5996 I ImeTracker: dev.deeplinklab.fixture:116e5a74: onCancelled at PHASE_CLIENT_ALREADY_HIDDEN
