07-15 12:41:05.254  2805  2988 D ImsResolver: maybeAddedImsService, packageName: dev.deeplinklab.fixture
07-15 12:41:05.254  1777  1847 D SessionCommitReceiver: Removing unneeded PromiseIcon for package: dev.deeplinklab.fixture, install reason: 0, alreadyAddedPromiseIcon: false
07-15 12:41:05.255  2805  2988 V ImsResolver: searchForImsServices: package=dev.deeplinklab.fixture, users=[UserHandle{0}]
07-15 12:41:05.256  2805  2988 V ImsResolver: searchForImsServices: package=dev.deeplinklab.fixture, users=[UserHandle{0}]
07-15 12:41:05.260  1777  1847 D PackageUpdatedTask: Package updated: mOp=UPDATE packages=[dev.deeplinklab.fixture], user=UserHandle{0}
07-15 12:41:05.313  2805  2990 I SatelliteAppTracker: onPackageModified : dev.deeplinklab.fixture
07-15 12:41:05.322  2805  2805 W VvmPkgInstalledRcvr: carrierVvmPkgAdded: carrier vvm packages doesn't contain dev.deeplinklab.fixture
07-15 12:41:05.328  2805  2805 D CarrierSvcBindHelper: onPackageModified: dev.deeplinklab.fixture
07-15 12:41:05.484  1777  1847 W LauncherActivityCachingLogic: loadIcon: Default app icon returned from PackageManager. component=ComponentInfo{dev.deeplinklab.fixture/dev.deeplinklab.fixture.MainActivity}, user=UserHandle{0}
07-15 12:41:05.492  1777  1847 W LauncherActivityCachingLogic: loadIcon: Default app icon returned from PackageManager. component=ComponentInfo{dev.deeplinklab.fixture/dev.deeplinklab.fixture.MainActivity}, user=UserHandle{0}
07-15 12:41:05.521   714  1120 D ShortcutService: changing package: dev.deeplinklab.fixture userId=0
07-15 12:41:05.527   714  1831 I ActivityManager: Force stopping dev.deeplinklab.fixture appid=10157 user=0: from pid 5506
07-15 12:41:05.541   714  1103 I AppWidgetServiceImpl: Updating package stopped masked state for uid 10157 package dev.deeplinklab.fixture isStopped true
07-15 12:41:05.580  2805  2988 D ImsResolver: maybeAddedImsService, packageName: dev.deeplinklab.fixture
07-15 12:41:05.580  2805  2988 V ImsResolver: searchForImsServices: package=dev.deeplinklab.fixture, users=[UserHandle{0}]
07-15 12:41:05.581  2805  2805 D SatelliteController: packageStateChanged: package:dev.deeplinklab.fixture DefaultSmsPackageName:com.android.messaging
07-15 12:41:05.583  2805  2988 V ImsResolver: searchForImsServices: package=dev.deeplinklab.fixture, users=[UserHandle{0}]
07-15 12:41:05.596  2805  2805 D CarrierSvcBindHelper: onHandleForceStop: [dev.deeplinklab.fixture]
07-15 12:41:05.651   714  1813 I ActivityTaskManager: START u0 {act=android.intent.action.VIEW cat=[android.intent.category.BROWSABLE] dat=deeplinklab://wrong/... flg=0x10000000 xflg=0x4 cmp=dev.deeplinklab.fixture/.MainActivity} with LAUNCH_SINGLE_TASK from uid 2000 (BAL_ALLOW_PERMISSION) result code=0
07-15 12:41:05.667  3772  3788 V WindowManagerShell: Transition requested (#77): android.os.BinderProxy@35c5c97 TransitionRequestInfo { type = OPEN, triggerTask = TaskInfo{userId=0 taskId=41 effectiveUid=10157 displayId=0 isRunning=true baseIntent=Intent { act=android.intent.action.VIEW cat=[android.intent.category.BROWSABLE] dat=deeplinklab://wrong/... flg=0x10000000 cmp=dev.deeplinklab.fixture/.MainActivity } baseActivity=ComponentInfo{dev.deeplinklab.fixture/dev.deeplinklab.fixture.MainActivity} topActivity=ComponentInfo{dev.deeplinklab.fixture/dev.deeplinklab.fixture.MainActivity} origActivity=null realActivity=ComponentInfo{dev.deeplinklab.fixture/dev.deeplinklab.fixture.MainActivity} numActivities=1 lastActiveTime=2270476 supportsMultiWindow=true resizeMode=1 isResizeable=true minWidth=-1 minHeight=-1 defaultMinSize=220 token=WCT{android.window.IWindowContainerToken$Stub$Proxy@6539e84} topActivityType=1 pictureInPictureParams=null shouldDockBigOverlays=false launchIntoPipHostTaskId=-1 lastParentTaskIdBeforePip=-1 displayCutoutSafeInsets=Rect(0, 85 - 0, 0) topActivityInfo=ActivityInfo{9fee66d dev.deeplinklab.fixture.MainActivity} launchCookies=[] positionInParent=Point(0, 0) parentTaskId=-1 isFocused=false isVisible=false isVisibleRequested=false isTopActivityNoDisplay=false isSleeping=false locusId=null displayAreaFeatureId=1 isTopActivityTransparent=false isActivityStackTransparent=false lastNonFullscreenBounds=Rect(178, 434 - 543, 1154) capturedLink=null capturedLinkTimestamp=0 requestedVisibleTypes=-9 topActivityRequestOpenInBrowserEducationTimestamp=0 appCompatTaskInfo=AppCompatTaskInfo { topActivityInSizeCompat=false eligibleForLetterboxEducation= false isLetterboxEducationEnabled= false isLetterboxDoubleTapEnabled= false eligibleForUserAspectRatioButton= false topActivityBoundsLetterboxed= false isFromLetterboxDoubleTap= false topActivityLetterboxVerticalPosition= -1 topActivityLetterboxHorizontalPosition= -1 topActivityLetterboxWidth=-1 topActivityLetterboxHeight=-1 topActivityAppBounds=Rect(0, 0 - 720, 1600) isUserFullscreenOverrideEnabled=false isSystemFullscreenOverrideEnabled=false hasMinAspectRatioOverride=false topActivityLetterboxBounds=null cameraCompatTaskInfo=CameraCompatTaskInfo { freeformCameraCompatMode=inactive}} topActivityMainWindowFrame=null}, pipChange = null, remoteTransition = null, displayChange = null, flags = 0, debugId = 77 }
07-15 12:41:05.720   714  1103 I AppWidgetServiceImpl: Updating package stopped masked state for uid 10157 package dev.deeplinklab.fixture isStopped false
07-15 12:41:05.909   714   760 I ActivityManager: Start proc 5519:dev.deeplinklab.fixture/u0a157 for next-top-activity {dev.deeplinklab.fixture/dev.deeplinklab.fixture.MainActivity}
07-15 12:41:06.121   714   748 V WindowManager: Sent Transition (#77) createdAt=07-15 12:41:05.639 via request=TransitionRequestInfo { type = OPEN, triggerTask = TaskInfo{userId=0 taskId=41 effectiveUid=10157 displayId=0 isRunning=true baseIntent=Intent { act=android.intent.action.VIEW cat=[android.intent.category.BROWSABLE] dat=deeplinklab://wrong/... flg=0x10000000 cmp=dev.deeplinklab.fixture/.MainActivity } baseActivity=ComponentInfo{dev.deeplinklab.fixture/dev.deeplinklab.fixture.MainActivity} topActivity=ComponentInfo{dev.deeplinklab.fixture/dev.deeplinklab.fixture.MainActivity} origActivity=null realActivity=ComponentInfo{dev.deeplinklab.fixture/dev.deeplinklab.fixture.MainActivity} numActivities=1 lastActiveTime=2270476 supportsMultiWindow=true resizeMode=1 isResizeable=true minWidth=-1 minHeight=-1 defaultMinSize=220 token=WCT{RemoteToken{864d093 Task{70e7079 #41 type=standard A=10157:dev.deeplinklab.fixture}}} topActivityType=1 pictureInPictureParams=null shouldDockBigOverlays=false launchIntoPipHostTaskId=-1 lastParentTaskIdBeforePip=-1 displayCutoutSafeInsets=Rect(0, 85 - 0, 0) topActivityInfo=ActivityInfo{f2bc8d0 dev.deeplinklab.fixture.MainActivity} launchCookies=[] positionInParent=Point(0, 0) parentTaskId=-1 isFocused=false isVisible=false isVisibleRequested=false isTopActivityNoDisplay=false isSleeping=false locusId=null displayAreaFeatureId=1 isTopActivityTransparent=false isActivityStackTransparent=false lastNonFullscreenBounds=Rect(178, 434 - 543, 1154) capturedLink=null capturedLinkTimestamp=0 requestedVisibleTypes=-9 topActivityRequestOpenInBrowserEducationTimestamp=0 appCompatTaskInfo=AppCompatTaskInfo { topActivityInSizeCompat=false eligibleForLetterboxEducation= false isLetterboxEducationEnabled= false isLetterboxDoubleTapEnabled= false eligibleForUserAspectRatioButton= false topActivityBoundsLetterboxed= false isFromLetterboxDoubleTap= false topActivityLetterboxVerticalPosition= -1 topActivityLetterboxHorizontalPosition= -1 topActivityLetterboxWidth=-1 topActivityLetterboxHeight=-1 topActivityAppBounds=Rect(0, 0 - 720, 1600) isUserFullscreenOverrideEnabled=false isSystemFullscreenOverrideEnabled=false hasMinAspectRatioOverride=false topActivityLetterboxBounds=null cameraCompatTaskInfo=CameraCompatTaskInfo { freeformCameraCompatMode=inactive}} topActivityMainWindowFrame=null}, pipChange = null, remoteTransition = null, displayChange = null, flags = 0, debugId = 77 }
07-15 12:41:06.121   714   748 V WindowManager:         {WCT{RemoteToken{864d093 Task{70e7079 #41 type=standard A=10157:dev.deeplinklab.fixture}}} m=OPEN f=NONE leash=Surface(name=Task=41)/@0xf47fbf6 sb=Rect(0, 0 - 720, 1600) eb=Rect(0, 0 - 720, 1600) epz=Point(720, 1600) d=0 taskParent=-1},
07-15 12:41:06.291  5519  5519 D nativeloader: Configuring clns-9 for other apk /data/app/~~fQbVL78ruok8LOjynadu8Q==/dev.deeplinklab.fixture-tH0fwu0tTvjqyLvTE15Z8A==/base.apk. target_sdk_version=36, uses_libraries=, library_path=/data/app/~~fQbVL78ruok8LOjynadu8Q==/dev.deeplinklab.fixture-tH0fwu0tTvjqyLvTE15Z8A==/lib/arm64, permitted_path=/data:/mnt/expand:/data/user/0/dev.deeplinklab.fixture
07-15 12:41:06.323  5519  5519 V GraphicsEnvironment: dev.deeplinklab.fixture is not listed in per-application setting
07-15 12:41:06.323  5519  5519 V GraphicsEnvironment: dev.deeplinklab.fixture is not listed in ANGLE allowlist or settings, returning default
07-15 12:41:06.785  5519  5519 I DeepLinkFixture: DEEPLINKLAB_DESTINATION=home
07-15 12:41:06.802  5519  5519 I DeepLinkFixture: DEEPLINKLAB_DESTINATION=home
07-15 12:41:07.015   714  2104 D CoreBackPreview: Window{10648e2 u0 dev.deeplinklab.fixture/dev.deeplinklab.fixture.MainActivity}: Setting back callback OnBackInvokedCallbackInfo{mCallback=android.window.IOnBackInvokedCallback$Stub$Proxy@a4bef30, mPriority=-1, mIsAnimationCallback=false, mOverrideBehavior=0}
07-15 12:41:07.207   714   748 I ActivityTaskManager: Displayed dev.deeplinklab.fixture/.MainActivity for user 0: +1s567ms
07-15 12:41:07.316   714   864 I ImeTracker: dev.deeplinklab.fixture:4b015983: onRequestHide at ORIGIN_SERVER reason HIDE_UNSPECIFIED_WINDOW fromUser false
07-15 12:41:07.320  5519  5519 I ImeTracker: dev.deeplinklab.fixture:4b015983: onCancelled at PHASE_CLIENT_ALREADY_HIDDEN
