Timestamp               Ty Process[PID:TID]
2026-07-15 20:42:24.948 A  DeepLinkFixture[82979:1162e6f] (RunningBoardServices) didChangeInheritances
2026-07-15 20:42:27.069 Df DeepLinkFixture[83026:1162f25] (libMobileGestalt.dylib) No persisted cache on this platform.
2026-07-15 20:42:27.070 Df DeepLinkFixture[83026:1162f2d] [com.apple.xpc:connection] [0x101317870] activating connection: mach=true listener=false peer=false name=com.apple.cfprefsd.daemon
2026-07-15 20:42:27.071 Df DeepLinkFixture[83026:1162f2f] [com.apple.BoardServices:XPCErrors] [C:1] Alloc com.apple.frontboard.systemappservices
2026-07-15 20:42:27.072 Df DeepLinkFixture[83026:1162f2f] [com.apple.xpc:connection] [0x1013179b0] activating connection: mach=false listener=false peer=false name=(anonymous)
2026-07-15 20:42:27.074 A  DeepLinkFixture[83026:1162f2e] (CoreFoundation) Loading Preferences From User Session CFPrefsD
2026-07-15 20:42:27.084 Df DeepLinkFixture[83026:1162f2d] [com.apple.UIKit:BackgroundTask] Creating new assertion because there is no existing background assertion.
2026-07-15 20:42:27.084 Df DeepLinkFixture[83026:1162f2d] [com.apple.UIKit:BackgroundTask] Creating new background assertion
2026-07-15 20:42:27.084 Df DeepLinkFixture[83026:1162f25] [com.apple.UIKit:Application] Deactivation reason added: 10; deactivation reasons: 0 -> 1024; animating application lifecycle event: 0
2026-07-15 20:42:27.084 Df DeepLinkFixture[83026:1162f2d] [com.apple.UIKit:BackgroundTask] Created new background assertion <BKSProcessAssertion: 0x101315b80>
2026-07-15 20:42:27.084 Df DeepLinkFixture[83026:1162f2d] [com.apple.runningboard:connection] Initializing connection
2026-07-15 20:42:27.084 Df DeepLinkFixture[83026:1162f2d] [com.apple.runningboard:process] Removing all cached process handles
2026-07-15 20:42:27.084 Df DeepLinkFixture[83026:1162f2f] [com.apple.runningboard:connection] Sending handshake request attempt #1 to server
2026-07-15 20:42:27.084 Df DeepLinkFixture[83026:1162f25] [com.apple.BoardServices:Injection] activating monitor for service com.apple.frontboard.open
2026-07-15 20:42:27.084 Df DeepLinkFixture[83026:1162f2f] [com.apple.runningboard:connection] Creating connection to com.apple.runningboard
2026-07-15 20:42:27.084 Df DeepLinkFixture[83026:1162f2f] [com.apple.xpc:connection] [0x101938280] activating connection: mach=true listener=false peer=false name=com.apple.runningboard
2026-07-15 20:42:27.085 Df DeepLinkFixture[83026:1162f25] [com.apple.BoardServices:Injection] activating monitor for service com.apple.frontboard.workspace-service
2026-07-15 20:42:27.086 A  DeepLinkFixture[83026:1162f2e] (RunningBoardServices) didChangeInheritances
2026-07-15 20:42:27.087 Df DeepLinkFixture[83026:1162f2f] [com.apple.runningboard:connection] Handshake succeeded
2026-07-15 20:42:27.087 Df DeepLinkFixture[83026:1162f2f] [com.apple.runningboard:connection] Identity resolved as app<dev.deeplinklab.fixture((null))>
2026-07-15 20:42:27.087 Df DeepLinkFixture[83026:1162f25] [com.apple.FrontBoard:Common] FBSWorkspace registering source: com.apple.frontboard.systemappservices
2026-07-15 20:42:27.088 Df DeepLinkFixture[83026:1162f2d] [com.apple.UIKit:BackgroundTask] Incrementing reference count for background assertion <BKSProcessAssertion: 0x101315b80>
2026-07-15 20:42:27.088 Df DeepLinkFixture[83026:1162f2d] [com.apple.UIKit:BackgroundTask] Created background task <_UIBackgroundTaskInfo: 0x101844c00>: taskID = 1, taskName = Launch Background Task for Coalescing, creationTime = 423970 (elapsed = 0).
2026-07-15 20:42:27.088 Df DeepLinkFixture[83026:1162f2d] [com.apple.FrontBoard:SceneExtension] Realizing settings extension _UIApplicationSceneKeyboardSettings on FBSSceneSettings
2026-07-15 20:42:27.089 Df DeepLinkFixture[83026:1162f2d] [com.apple.FrontBoard:SceneExtension] Realizing settings extension <_UISceneOcclusionSettings> on FBSSceneSettings
2026-07-15 20:42:27.089 Df DeepLinkFixture[83026:1162f25] [com.apple.FrontBoard:Common] FBSWorkspace connected to endpoint : <BSServiceConnectionEndpoint: 0x101908800; target: com.apple.frontboard.systemappservices; service: com.apple.frontboard.workspace-service>
2026-07-15 20:42:27.089 Df DeepLinkFixture[83026:1162f2d] [com.apple.FrontBoard:SceneExtension] Realizing settings extension <_UISceneInterfaceProtectionSettings> on FBSSceneSettings
2026-07-15 20:42:27.089 Df DeepLinkFixture[83026:1162f25] [com.apple.FrontBoard:Common] <FBSWorkspaceScenesClient:0x1018e0d20 com.apple.frontboard.systemappservices> attempting immediate handshake from activate
2026-07-15 20:42:27.089 Df DeepLinkFixture[83026:1162f2d] [com.apple.FrontBoard:SceneExtension] Realizing settings extension _UISceneLayoutPreferencesHostSettingsExtension on FBSSceneSettings
2026-07-15 20:42:27.089 Df DeepLinkFixture[83026:1162f25] [com.apple.FrontBoard:Common] <FBSWorkspaceScenesClient:0x1018e0d20 com.apple.frontboard.systemappservices> sent handshake
2026-07-15 20:42:27.090 Df DeepLinkFixture[83026:1162f2d] [com.apple.FrontBoard:SceneExtension] Realizing settings extension _UISceneSafeAreaSettingsExtension on FBSSceneSettings
2026-07-15 20:42:27.090 Df DeepLinkFixture[83026:1162f25] [com.apple.runningboard:general] Added observer for process assertions expiration warning: <_RBSExpirationWarningClient: 0x1019090c0>
2026-07-15 20:42:27.090 Df DeepLinkFixture[83026:1162f2d] [com.apple.FrontBoard:SceneExtension] Realizing settings extension _UISceneLayoutPreferenceClientSettingsExtension on FBSSceneClientSettings
2026-07-15 20:42:27.091 Df DeepLinkFixture[83026:1162f2d] [com.apple.FrontBoard:SceneExtension] Realizing settings extension <_UIHomeAffordanceHostSceneSettings> on FBSSceneSettings
2026-07-15 20:42:27.091 Df DeepLinkFixture[83026:1162f2d] [com.apple.FrontBoard:SceneExtension] Realizing settings extension _UISystemShellSceneHostingEnvironmentSettings on FBSSceneSettings
2026-07-15 20:42:27.091 Df DeepLinkFixture[83026:1162f2d] [com.apple.FrontBoard:SceneExtension] Realizing settings extension _UISceneRenderingEnvironmentSettings on FBSSceneSettings
2026-07-15 20:42:27.091 Df DeepLinkFixture[83026:1162f2d] [com.apple.FrontBoard:SceneExtension] Realizing settings extension <_UISceneRenderingEnvironmentClientSettings> on FBSSceneClientSettings
2026-07-15 20:42:27.091 Df DeepLinkFixture[83026:1162f2d] [com.apple.FrontBoard:SceneExtension] Realizing settings extension <_UISceneTransitioningHostSettings> on FBSSceneSettings
2026-07-15 20:42:27.092 Df DeepLinkFixture[83026:1162f2d] [com.apple.FrontBoard:SceneExtension] Realizing settings extension <_UISceneFocusSystemSettings> on FBSSceneSettings
2026-07-15 20:42:27.092 Df DeepLinkFixture[83026:1162f2d] [com.apple.FrontBoard:SceneExtension] Realizing settings extension _UISceneOrientationSettingsExtension on FBSSceneSettings
2026-07-15 20:42:27.092 Df DeepLinkFixture[83026:1162f2d] [com.apple.FrontBoard:SceneExtension] Realizing settings extension _UISceneOrientationClientSettingsExtension on FBSSceneClientSettings
2026-07-15 20:42:27.093 Df DeepLinkFixture[83026:1162f2d] [com.apple.FrontBoard:SceneExtension] Realizing settings extension _UISceneWindowingControlClientSettings on FBSSceneClientSettings
2026-07-15 20:42:27.093 Df DeepLinkFixture[83026:1162f2d] [com.apple.FrontBoard:SceneExtension] Realizing settings extension <_UISceneHostingContentSizePreferenceClientSettings> on FBSSceneClientSettings
2026-07-15 20:42:27.093 Df DeepLinkFixture[83026:1162f2d] [com.apple.FrontBoard:SceneExtension] Realizing settings extension _UISceneHostingTraitCollectionPropagationSettings on FBSSceneSettings
2026-07-15 20:42:27.094 Df DeepLinkFixture[83026:1162f2d] [com.apple.FrontBoard:SceneExtension] Realizing settings extension <_UISceneHostingSheetPresentationSettings> on FBSSceneSettings
2026-07-15 20:42:27.094 Df DeepLinkFixture[83026:1162f2d] [com.apple.FrontBoard:SceneExtension] Realizing settings extension <_UISceneHostingSheetPresentationClientSettings> on FBSSceneClientSettings
2026-07-15 20:42:27.094 Df DeepLinkFixture[83026:1162f2d] [com.apple.FrontBoard:SceneExtension] Realizing settings extension <_UISceneHostingEventDeferringSettings> on FBSSceneSettings
2026-07-15 20:42:27.094 Df DeepLinkFixture[83026:1162f25] [com.apple.UIKit:UIScreen] Evaluated capturing state as 0 on <UIScreen: 0x101938500> for initial
2026-07-15 20:42:27.094 Df DeepLinkFixture[83026:1162f2d] [com.apple.FrontBoard:SceneExtension] Realizing settings extension <UIKit__UITypedKeyValueSceneSettings> on FBSSceneSettings
2026-07-15 20:42:27.095 Df DeepLinkFixture[83026:1162f25] [com.apple.UIKit:UIScreen] Evaluated capturing state as 0 on <UIScreen: 0x101938500> for CADisplay KVO
2026-07-15 20:42:27.095 Df DeepLinkFixture[83026:1162f2d] [com.apple.FrontBoard:SceneExtension] Realizing settings extension <UIKit__UITypedKeyValueSceneSettings> on FBSSceneClientSettings
2026-07-15 20:42:27.096 Df DeepLinkFixture[83026:1162f2d] [com.apple.FrontBoard:SceneExtension] Realizing settings extension <_UISceneHostingViewControllerPreferencePropagationClientSettings> on FBSSceneClientSettings
2026-07-15 20:42:27.096 Df DeepLinkFixture[83026:1162f2d] [com.apple.FrontBoard:SceneExtension] Realizing settings extension <_UISceneZoomTransitionSettings> on FBSSceneSettings
2026-07-15 20:42:27.096 Df DeepLinkFixture[83026:1162f2e] [com.apple.FrontBoard:SceneExtension] Realizing settings extension FBSSceneSettingsCore on FBSSceneSettings
2026-07-15 20:42:27.097 Df DeepLinkFixture[83026:1162f2e] [com.apple.FrontBoard:SceneExtension] Realizing settings extension FBSSceneClientSettingsCore on FBSSceneClientSettings
2026-07-15 20:42:27.098 Df DeepLinkFixture[83026:1162f25] [com.apple.Accessibility:AXSupportCommon] Read CategoryName: per-app = 1, category name = (null)
2026-07-15 20:42:27.099 Df DeepLinkFixture[83026:1162f25] [com.apple.Accessibility:AXSupportCommon] Read CategoryName: per-app = 0, category name = (null)
2026-07-15 20:42:27.114 Df DeepLinkFixture[83026:1162f2e] [com.apple.FrontBoard:SceneExtension] UIMutableApplicationSceneSettings setting counterpart class: UIApplicationSceneSettings
2026-07-15 20:42:27.115 Df DeepLinkFixture[83026:1162f2e] [com.apple.FrontBoard:SceneExtension] UIMutableApplicationSceneClientSettings setting counterpart class: UIApplicationSceneClientSettings
2026-07-15 20:42:27.115 Df DeepLinkFixture[83026:1162f2e] [com.apple.FrontBoard:SceneExtension] Realizing settings extension FBSSceneTransitionContextCore on FBSSceneTransitionContext
2026-07-15 20:42:27.126 Df DeepLinkFixture[83026:1162f2d] [com.apple.xpc:connection] [0x101938f00] activating connection: mach=true listener=false peer=false name=com.apple.fontservicesd
2026-07-15 20:42:27.132 Df DeepLinkFixture[83026:1162f25] [com.apple.dt.xctest:Default] Registering for test daemon availability notify post.
2026-07-15 20:42:27.132 Df DeepLinkFixture[83026:1162f25] [com.apple.dt.xctest:Default] notify_get_state check indicated test daemon not ready.
2026-07-15 20:42:27.132 Df DeepLinkFixture[83026:1162f25] [com.apple.dt.xctest:Default] notify_get_state check indicated test daemon not ready.
2026-07-15 20:42:27.133 Df DeepLinkFixture[83026:1162f25] [com.apple.dt.xctest:Default] notify_get_state check indicated test daemon not ready.
2026-07-15 20:42:27.134 Df DeepLinkFixture[83026:1162f25] [com.apple.UIKit:UpdateScheduler] Selected display: name=LCD (PurpleMain), id=1
2026-07-15 20:42:27.134 Df DeepLinkFixture[83026:1162f25] [com.apple.UIKit:EventBus] Event Timing Profile for Touch: not found, path="/System/Library/EventTimingProfiles/Sim.Touch.plist"
2026-07-15 20:42:27.135 Df DeepLinkFixture[83026:1162f25] [com.apple.UIKit:EventBus] Event Timing Profile for Pencil: not found, path="/System/Library/EventTimingProfiles/Sim.Pencil.plist"
2026-07-15 20:42:27.135 Df DeepLinkFixture[83026:1162f25] [com.apple.FrontBoard:SceneClient] [(FBSceneManager):sceneID:dev.deeplinklab.fixture-default] Received action(s) in scene-create: UIOpenURLAction
2026-07-15 20:42:27.136 Df DeepLinkFixture[83026:1162f25] [com.apple.app_launch_measurement:ApplicationLaunch] alm_acquire_pageins_recording_assertion: acquired pageins recording assertion!
2026-07-15 20:42:27.137 Df DeepLinkFixture[83026:1162f25] [com.apple.UIKit:BackgroundTask] Will add backgroundTask with taskName: Persistent SceneSession Map Update, expirationHandler: <__NSGlobalBlock__: 0x1e78c84e8>
2026-07-15 20:42:27.138 Df DeepLinkFixture[83026:1162f25] [com.apple.UIKit:BackgroundTask] Reusing background assertion <BKSProcessAssertion: 0x101315b80>
2026-07-15 20:42:27.138 Df DeepLinkFixture[83026:1162f25] [com.apple.UIKit:BackgroundTask] Incrementing reference count for background assertion <BKSProcessAssertion: 0x101315b80>
2026-07-15 20:42:27.138 Df DeepLinkFixture[83026:1162f25] [com.apple.UIKit:BackgroundTask] Created background task <_UIBackgroundTaskInfo: 0x101a589c0>: taskID = 2, taskName = Persistent SceneSession Map Update, creationTime = 423970 (elapsed = 0).
2026-07-15 20:42:27.138 Df DeepLinkFixture[83026:1162f25] [com.apple.UIKit:Application] Deactivation reason added: 5; deactivation reasons: 1024 -> 1056; animating application lifecycle event: 1
2026-07-15 20:42:27.139 Df DeepLinkFixture[83026:1162f25] [com.apple.UIKit:InterfaceStyle] Not push traits update to screen for new style 1, <UIWindowScene: 0x101318a60> (AB241360-E685-4A97-A1F8-02CE4FD71C61)
2026-07-15 20:42:27.139 Df DeepLinkFixture[83026:1162f25] [com.apple.UIKit:InterfaceStyle] Should send trait collection or coordinate space update, interface style 1 -> 1, <UIWindowScene: 0x101318a60> (AB241360-E685-4A97-A1F8-02CE4FD71C61)
2026-07-15 20:42:27.139 Df DeepLinkFixture[83026:1162f25] [com.apple.UIKit:InterfaceStyle] Not push traits update to screen for new style 1, <UIWindowScene: 0x101318a60> (AB241360-E685-4A97-A1F8-02CE4FD71C61)
2026-07-15 20:42:27.140 Df DeepLinkFixture[83026:1162f25] [com.apple.UIKit:HomeAffordanceObservation] Initializing: <_UIHomeAffordanceSceneNotifier: 0x101a5d180>; with scene: <UIWindowScene: 0x101318a60>
2026-07-15 20:42:27.140 Df DeepLinkFixture[83026:1162f25] [com.apple.BacklightServices:scenes] 0x101a197d0 setDelegate:<0x101a19b30 _UIBacklightEnvironment> hasDelegate:YES for environment:sceneID:dev.deeplinklab.fixture-default
2026-07-15 20:42:27.140 Df DeepLinkFixture[83026:1162f25] [com.apple.UIKit:InterfaceStyle] Not push traits update to screen for new style 1, <UIWindowScene: 0x101318a60> (AB241360-E685-4A97-A1F8-02CE4FD71C61)
2026-07-15 20:42:27.140 Df DeepLinkFixture[83026:1162f25] [com.apple.UIKit:EventDeferring] [0x101a5d500] Initialized with scene: <UIWindowScene: 0x101318a60>; behavior: <_UIEventDeferringBehavior_iOS: 0x10190b000>; availableForProcess: 1, systemShellManagesKeyboardFocus: 1
2026-07-15 20:42:27.140 Df DeepLinkFixture[83026:1162f25] [com.apple.BoardServices:XPCErrors] [C:2] Alloc com.apple.backboard.hid-services.xpc
2026-07-15 20:42:27.141 Df DeepLinkFixture[83026:1162f25] [com.apple.xpc:connection] [0x101939180] activating connection: mach=false listener=false peer=false name=(anonymous)
2026-07-15 20:42:27.143 Df DeepLinkFixture[83026:1162f32] [com.apple.BackBoard:EventDelivery] BKSHIDEventObserver - connection activation
2026-07-15 20:42:27.144 Df DeepLinkFixture[83026:1162f25] [com.apple.BackBoard:EventDelivery] policyStatus:<BKSHIDEventDeliveryPolicyObserver: 0x101a11f20; process scope; status: target> was:none
2026-07-15 20:42:27.144 Df DeepLinkFixture[83026:1162f25] [com.apple.UIKit:KeyWindow] Setting default evaluation strategy for UIUserInterfaceIdiomPhone to LastOneWins
2026-07-15 20:42:27.144 Df DeepLinkFixture[83026:1162f25] [com.apple.UIKit:KeyWindow] Scene target of keyboard event deferring environment did change: 1; scene: UIWindowScene: 0x101318a60; scene identity: com.apple.frontboard.systemappservices/FBSceneManager:sceneID%3Adev.deeplinklab.fixture-default
2026-07-15 20:42:27.144 Df DeepLinkFixture[83026:1162f25] [com.apple.UIKit:EventDeferring] [0x101a5d500] Scene target of event deferring environments did update: scene: 0x101318a60; current systemShellManagesKeyboardFocus: 1; systemShellManagesKeyboardFocusForScene: 1; eligibleForRecordRemoval: 1;
2026-07-15 20:42:27.144 Df DeepLinkFixture[83026:1162f25] [com.apple.UIKit:KeyWindow] Scene became target of keyboard event deferring environment: UIWindowScene: 0x101318a60; scene identity: com.apple.frontboard.systemappservices/FBSceneManager:sceneID%3Adev.deeplinklab.fixture-default
2026-07-15 20:42:27.144 Df DeepLinkFixture[83026:1162f25] [com.apple.UIKit:KeyWindow] Stack[KeyWindow] 0x101a19b60: Taking no further action for migration from LastOneWins -> SystemShellManaged as there are no scenes
2026-07-15 20:42:27.144 Df DeepLinkFixture[83026:1162f25] [com.apple.UIKit:KeyWindow] Setting default evaluation strategy for UIUserInterfaceIdiomPhone to SystemShellManaged
2026-07-15 20:42:27.144 Df DeepLinkFixture[83026:1162f25] [com.apple.UIKit:KeyWindow] Key window needs update: 0; currentKeyWindowScene: 0x0; evaluatedKeyWindowScene: 0x101318a60; currentApplicationKeyWindow: 0x0; evaluatedApplicationKeyWindow: 0x0; reason: UIWindowScene: 0x101318a60: Window scene became target of keyboard environment
2026-07-15 20:42:27.145 Df DeepLinkFixture[83026:1162f25] [com.apple.UIKit:InterfaceStyle] Not push traits update to screen for new style 1, <UIWindowScene: 0x101318a60> (AB241360-E685-4A97-A1F8-02CE4FD71C61)
2026-07-15 20:42:27.145 Df DeepLinkFixture[83026:1162f25] [com.apple.UIKit:InterfaceStyle] Not push traits update to screen for new style 1, <UIWindowScene: 0x101318a60> (AB241360-E685-4A97-A1F8-02CE4FD71C61)
2026-07-15 20:42:27.147 Df DeepLinkFixture[83026:1162f25] [com.apple.UIKit:InterfaceStyle] Not push traits update to screen for new style 1, <UIWindowScene: 0x101318a60> (AB241360-E685-4A97-A1F8-02CE4FD71C61)
2026-07-15 20:42:27.148 F  DeepLinkFixture[83026:1162f25] [com.apple.runtime-issues:UIKit App Config] `UIScene` lifecycle will soon be required. Failure to adopt will result in an assert in the future.
2026-07-15 20:42:27.148 A  DeepLinkFixture[83026:1162f25] (libsystem_trace.dylib) Activity for state dumps
2026-07-15 20:42:27.148 Df DeepLinkFixture[83026:1162f25] [com.apple.UIKit:InterfaceStyle] Not push traits update to screen for new style 1, <UIWindowScene: 0x101318a60> (AB241360-E685-4A97-A1F8-02CE4FD71C61)
2026-07-15 20:42:27.148 Df DeepLinkFixture[83026:1162f25] [com.apple.UIKit:AppLifecycle] sceneOfRecord: sceneID: sceneID:dev.deeplinklab.fixture-default  persistentID: AB241360-E685-4A97-A1F8-02CE4FD71C61
2026-07-15 20:42:27.149 Df DeepLinkFixture[83026:1162f25] [com.apple.UIKit:Application] Ignoring already applied deactivation reason: 5; deactivation reasons: 1056
2026-07-15 20:42:27.149 Df DeepLinkFixture[83026:1162f25] [com.apple.UIKit:Application] Deactivation reason added: 11; deactivation reasons: 1056 -> 3104; animating application lifecycle event: 1
2026-07-15 20:42:27.149 Df DeepLinkFixture[83026:1162f25] [com.apple.KeyboardArbiter:Client] startConnection
2026-07-15 20:42:27.150 Df DeepLinkFixture[83026:1162f25] [com.apple.xpc:connection] [0x101939900] activating connection: mach=true listener=false peer=false name=com.apple.UIKit.KeyboardManagement.hosted
2026-07-15 20:42:27.172 Df DeepLinkFixture[83026:1162f25] [com.apple.UIKit:Orientation] <UIWindowScene: 0x101318a60> (AB241360-E685-4A97-A1F8-02CE4FD71C61) Scene updated orientation preferences: none -> ( Pu )
2026-07-15 20:42:27.177 Df DeepLinkFixture[83026:1162f25] [com.apple.UIKit:KeyWindow] Key window API is scene-level: YES
2026-07-15 20:42:27.177 Df DeepLinkFixture[83026:1162f25] [com.apple.UIKit:KeyWindow] UIWindowScene: 0x101318a60: Window became key in scene: UIWindow: 0x1019b8000; contextId: 0xCC909EC2: reason: UIWindowScene: 0x101318a60: Window requested to become key in scene: 0x1019b8000
2026-07-15 20:42:27.177 Df DeepLinkFixture[83026:1162f25] [com.apple.UIKit:KeyWindow] Key window needs update: 1; currentKeyWindowScene: 0x0; evaluatedKeyWindowScene: 0x101318a60; currentApplicationKeyWindow: 0x0; evaluatedApplicationKeyWindow: 0x1019b8000; reason: UIWindowScene: 0x101318a60: Window requested to become key in scene: 0x1019b8000
2026-07-15 20:42:27.177 Df DeepLinkFixture[83026:1162f25] [com.apple.UIKit:KeyWindow] Window did become application key: UIWindow: 0x1019b8000; contextId: 0xCC909EC2; scene identity: com.apple.frontboard.systemappservices/FBSceneManager:sceneID%3Adev.deeplinklab.fixture-default
2026-07-15 20:42:27.177 Df DeepLinkFixture[83026:1162f25] [com.apple.UIKit:EventDeferring] [0x101a5d500] Begin local event deferring requested for token: 0x101a11c80; environments: 1; reason: UIWindowScene: 0x101318a60: Begin event deferring in keyboardFocus for window: 0x1019b8000
2026-07-15 20:42:27.178 Df DeepLinkFixture[83026:1162f2f] [com.apple.BackBoard:EventDelivery] BKSHIDEventDeliveryManager - connection activation
2026-07-15 20:42:27.182 Df DeepLinkFixture[83026:1162f25] (Foundation) DEEPLINKLAB_DESTINATION=home
2026-07-15 20:42:27.182 Df DeepLinkFixture[83026:1162f2f] [com.apple.BackBoard:EventDelivery] policyStatus:<BKSHIDEventDeliveryPolicyObserver: 0x101a11f20; token: com.apple.frontboard.systemappservices/FBSceneManager:sceneID%3Adev.deeplinklab.fixture-default; status: ancestor> was:target
2026-07-15 20:42:27.184 Df DeepLinkFixture[83026:1162f25] (Foundation) DEEPLINKLAB_DESTINATION=search
2026-07-15 20:42:27.186 Df DeepLinkFixture[83026:1162f25] (Foundation) DEEPLINKLAB_DESTINATION=search
2026-07-15 20:42:27.186 Df DeepLinkFixture[83026:1162f25] [com.apple.UIKit:Application] Deactivation reason removed: 10; deactivation reasons: 3104 -> 2080; animating application lifecycle event: 1
2026-07-15 20:42:27.187 Df DeepLinkFixture[83026:1162f25] [com.apple.UIKit:Application] Deactivation reason added: 12; deactivation reasons: 2080 -> 6176; animating application lifecycle event: 1
2026-07-15 20:42:27.187 Df DeepLinkFixture[83026:1162f25] [com.apple.UIKit:Application] Deactivation reason removed: 11; deactivation reasons: 6176 -> 4128; animating application lifecycle event: 1
2026-07-15 20:42:27.187 Df DeepLinkFixture[83026:1162f25] [com.apple.FrontBoard:SceneExtension] Realizing settings extension <_UISceneIntelligenceSupportSettings> on FBSSceneSettings
2026-07-15 20:42:27.187 Df DeepLinkFixture[83026:1162f30] [com.apple.UIIntelligenceSupport:xpc] establishing connection to agent
2026-07-15 20:42:27.188 Df DeepLinkFixture[83026:1162f30] [com.apple.xpc:session] [0x1019c2080] Session created.
2026-07-15 20:42:27.188 Df DeepLinkFixture[83026:1162f30] [com.apple.xpc:session] [0x1019c2080] Session created from connection [0x101b608c0]
2026-07-15 20:42:27.188 Df DeepLinkFixture[83026:1162f30] [com.apple.xpc:connection] [0x101b608c0] activating connection: mach=true listener=false peer=false name=com.apple.uiintelligencesupport.agent
2026-07-15 20:42:27.188 Df DeepLinkFixture[83026:1162f30] [com.apple.xpc:session] [0x1019c2080] Session activated
2026-07-15 20:42:27.189 Df DeepLinkFixture[83026:1162f25] [com.apple.UIKit:InterfaceStyle] Not push traits update to screen for new style 1, <UIWindowScene: 0x101318a60> (AB241360-E685-4A97-A1F8-02CE4FD71C61)
2026-07-15 20:42:27.219 A  DeepLinkFixture[83026:1162f30] (RunningBoardServices) didChangeInheritances
2026-07-15 20:42:27.221 Df DeepLinkFixture[83026:1162f25] [com.apple.xpc:connection] [0x101b60280] activating connection: mach=true listener=false peer=false name=com.apple.lsd.mapdb
2026-07-15 20:42:27.225 A  DeepLinkFixture[83026:1162f2f] (RunningBoardServices) didChangeInheritances
2026-07-15 20:42:27.237 Df DeepLinkFixture[83026:1162f25] [com.apple.network:activity] Create activity from XPC object <nw_activity 50:1 [D1D8EC5D-6267-4C96-A426-D8D9A3073D37] (reporting strategy default)>
2026-07-15 20:42:27.237 Df DeepLinkFixture[83026:1162f25] [com.apple.network:activity] Create activity from XPC object <nw_activity 50:2 [F0D0E739-3764-4166-AD2A-0A21272061C3] (reporting strategy default)>
2026-07-15 20:42:27.237 Df DeepLinkFixture[83026:1162f25] [com.apple.network:activity] Set activity <nw_activity 50:1 [D1D8EC5D-6267-4C96-A426-D8D9A3073D37] (reporting strategy default)> as the global parent
2026-07-15 20:42:27.237 Df DeepLinkFixture[83026:1162f25] [com.apple.UIKit:BackgroundTask] Ending background task with UIBackgroundTaskIdentifier: 1
2026-07-15 20:42:27.237 Df DeepLinkFixture[83026:1162f25] [com.apple.UIKit:BackgroundTask] Ending task with identifier 1 and description: <_UIBackgroundTaskInfo: 0x101844c00>: taskID = 1, taskName = Launch Background Task for Coalescing, creationTime = 423970 (elapsed = 0), _expireHandler: (null)
2026-07-15 20:42:27.238 Df DeepLinkFixture[83026:1162f25] [com.apple.UIKit:BackgroundTask] Decrementing reference count for assertion <BKSProcessAssertion: 0x101315b80> (used by background task with identifier 1: <_UIBackgroundTaskInfo: 0x101844c00>: taskID = 1, taskName = Launch Background Task for Coalescing, creationTime = 423970 (elapsed = 0))
2026-07-15 20:42:27.238 Df DeepLinkFixture[83026:1162f25] [com.apple.UIKit:UpdateScheduler] Target list changed: <CADisplay:LCD PurpleMain>
2026-07-15 20:42:27.238 Df DeepLinkFixture[83026:1162f25] [com.apple.UIKit:AppLifecycle] sceneOfRecord: sceneID: sceneID:dev.deeplinklab.fixture-default  persistentID: AB241360-E685-4A97-A1F8-02CE4FD71C61
2026-07-15 20:42:27.239 Df DeepLinkFixture[83026:1162f25] [com.apple.UIKit:InterfaceStyle] Not push traits update to screen for new style 1, <UIWindowScene: 0x101318a60> (AB241360-E685-4A97-A1F8-02CE4FD71C61)
2026-07-15 20:42:27.239 Df DeepLinkFixture[83026:1162f25] [com.apple.UIKit:EventDeferring] [0x101a5d500] Scene target of event deferring environments did update: scene: 0x101318a60; current systemShellManagesKeyboardFocus: 1; systemShellManagesKeyboardFocusForScene: 1; eligibleForRecordRemoval: 1;
2026-07-15 20:42:27.239 Sd DeepLinkFixture[83026:0] (21AB2359-DEEC-3444-94FE-B7257E43BE34) IOHIDManager State
{
    DispatchQueue = 0;
    RunLoop = 1;
    createOptions = 0;
    isOpen = 0;
    openOptions = 0;
}
2026-07-15 20:42:27.239 Df DeepLinkFixture[83026:1162f25] [com.apple.UIKit:KeyWindow] Scene became target of keyboard event deferring environment: UIWindowScene: 0x101318a60; scene identity: com.apple.frontboard.systemappservices/FBSceneManager:sceneID%3Adev.deeplinklab.fixture-default
2026-07-15 20:42:27.240 Df DeepLinkFixture[83026:1162f25] [com.apple.UIKit:InterfaceStyle] Not push traits update to screen for new style 1, <UIWindowScene: 0x101318a60> (AB241360-E685-4A97-A1F8-02CE4FD71C61)
2026-07-15 20:42:27.240 Df DeepLinkFixture[83026:1162f25] [com.apple.UIKit:AppLifecycle] sceneOfRecord: sceneID: sceneID:dev.deeplinklab.fixture-default  persistentID: AB241360-E685-4A97-A1F8-02CE4FD71C61
2026-07-15 20:42:27.240 Df DeepLinkFixture[83026:1162f25] [com.apple.UIKit:Application] Deactivation reason removed: 12; deactivation reasons: 4128 -> 32; animating application lifecycle event: 1
2026-07-15 20:42:27.241 Df DeepLinkFixture[83026:1162f25] [com.apple.KeyboardArbiter:Client] Send setDeactivating: N (-DeactivationReason:SuspendedEventsOnly)
2026-07-15 20:42:27.241 Df DeepLinkFixture[83026:1162f25] [com.apple.UIKit:Application] Deactivation reason removed: 5; deactivation reasons: 32 -> 0; animating application lifecycle event: 0
2026-07-15 20:42:27.242 Df DeepLinkFixture[83026:1162f25] [com.apple.KeyboardArbiter:Client] startConnection
2026-07-15 20:42:27.242 Df DeepLinkFixture[83026:1162f25] [com.apple.KeyboardArbiter:Client] handleKeyboardChange: set currentKeyboard:N (wasKeyboard:N)
2026-07-15 20:42:27.252 Df DeepLinkFixture[83026:1162f25] [com.apple.UIKit:KeyboardSceneDelegate] forceReloadInputViews
2026-07-15 20:42:27.253 Df DeepLinkFixture[83026:1162f25] [com.apple.UIKit:KeyboardSceneDelegate] Reloading input views for key-window scene responder: <(null): 0x0; > force:Y
2026-07-15 20:42:27.253 Df DeepLinkFixture[83026:1162f25] [com.apple.UIKit:KeyboardArbiterClientLog] isWritingToolsHandlingKeyboardTracking:Y (WT ready:Y, Arbiter ready:Y)
2026-07-15 20:42:27.296 Df DeepLinkFixture[83026:1162f25] [com.apple.network:activity] <nw_activity 50:1 [D1D8EC5D-6267-4C96-A426-D8D9A3073D37] (global parent) (reporting strategy default) complete (reason success)> complete with reason 2 (success), duration 618ms
2026-07-15 20:42:27.296 Df DeepLinkFixture[83026:1162f25] [com.apple.network:activity] <nw_activity 50:2 [F0D0E739-3764-4166-AD2A-0A21272061C3] (reporting strategy default) complete (reason success)> complete with reason 2 (success), duration 618ms
2026-07-15 20:42:27.296 Df DeepLinkFixture[83026:1162f25] [com.apple.network:activity] Unsetting the global parent activity <nw_activity 50:1 [D1D8EC5D-6267-4C96-A426-D8D9A3073D37] (global parent) (reporting strategy default) complete (reason success)>
2026-07-15 20:42:27.296 Df DeepLinkFixture[83026:1162f25] [com.apple.network:activity] Unset the global parent activity
2026-07-15 20:42:27.296 Df DeepLinkFixture[83026:1162f25] [com.apple.app_launch_measurement:ApplicationLaunch] alm_release_pageins_recording_assertion: releasing pageins recording assertion
2026-07-15 20:42:27.329 A  DeepLinkFixture[83026:1162f2d] (RunningBoardServices) didChangeInheritances
2026-07-15 20:42:27.656 Df DeepLinkFixture[83026:1162f25] [com.apple.Accessibility:AXCommon] Read Per-App on Init: Smart invert = (null)
2026-07-15 20:42:27.657 Df DeepLinkFixture[83026:1162f32] [com.apple.UIKit:BackgroundTask] Ending background task with UIBackgroundTaskIdentifier: 2
2026-07-15 20:42:27.657 Df DeepLinkFixture[83026:1162f32] [com.apple.UIKit:BackgroundTask] Ending task with identifier 2 and description: <_UIBackgroundTaskInfo: 0x101a589c0>: taskID = 2, taskName = Persistent SceneSession Map Update, creationTime = 423970 (elapsed = 1), _expireHandler: <__NSGlobalBlock__: 0x1e78c84e8>
2026-07-15 20:42:27.657 Df DeepLinkFixture[83026:1162f32] [com.apple.UIKit:BackgroundTask] Decrementing reference count for assertion <BKSProcessAssertion: 0x101315b80> (used by background task with identifier 2: <_UIBackgroundTaskInfo: 0x101a589c0>: taskID = 2, taskName = Persistent SceneSession Map Update, creationTime = 423970 (elapsed = 1))
2026-07-15 20:42:27.657 Df DeepLinkFixture[83026:1162f32] [com.apple.UIKit:BackgroundTask] Will invalidate assertion: <BKSProcessAssertion: 0x101315b80> for task identifier: 2
2026-07-15 20:42:28.247 A  DeepLinkFixture[83026:1162f30] (RunningBoardServices) didChangeInheritances
